03-12 09:36:27.090  1939  2446 E HwCHRWebMonitor: Good NetWork Traffic , so mOnAppSuckTime, mUnModifyCount reset 0
03-12 09:36:27.098 16998 17040 W GeoService: debug-info : invalide city area
03-12 09:36:27.107 16998 17040 W GeoService: debug-info : invalide city area
03-12 09:36:27.122 16998 17040 W GeoService: debug-info : invalide city area
03-12 09:36:27.123 17063 17063 I art     : System.exit called, status: 0
03-12 09:36:27.123 17063 17063 I AndroidRuntime: VM exiting with result code 0.
03-12 09:36:27.136 16998 17040 W GeoService: debug-info : invalide city area
03-12 09:36:27.156 16998 17040 W GeoService: debug-info : invalide city area
03-12 09:36:27.172 16998 17040 W GeoService: debug-info : invalide city area
03-12 09:36:27.179 16998 17040 W GeoService: debug-info : invalide city area
03-12 09:36:27.188 16998 17040 W GeoService: debug-info : invalide city area
03-12 09:36:27.206 16998 17040 W GeoService: debug-info : invalide city area
03-12 09:36:27.212 16998 17040 W GeoService: debug-info : invalide city area
03-12 09:36:27.221 16998 17040 W GeoService: debug-info : invalide city area
03-12 09:36:27.228 16998 17040 W GeoService: debug-info : invalide city area
03-12 09:36:27.246 16998 17040 W GeoService: debug-info : invalide city area
03-12 09:36:27.254 16998 17040 W GeoService: debug-info : invalide city area
03-12 09:36:27.260 16998 17040 W GeoService: debug-info : invalide city area
03-12 09:36:27.267 16998 17040 W GeoService: debug-info : invalide city area
03-12 09:36:27.291 16998 17040 W GeoService: debug-info : invalide city area
03-12 09:36:27.298 16998 17040 W GeoService: debug-info : invalide city area
03-12 09:36:27.308 16998 17040 W GeoService: debug-info : invalide city area
03-12 09:36:27.331 17092 17092 I         : power log dlsym ok
03-12 09:36:27.371  1939  1950 I art     : Background partial concurrent mark sweep GC freed 18689(917KB) AllocSpace objects, 1(20KB) LOS objects, 11% free, 59MB/67MB, paused 3.752ms total 232.199ms
03-12 09:36:27.420 16998 17040 W GeoService: debug-info : invalide city area
03-12 09:36:27.429 16998 17040 W GeoService: debug-info : invalide city area
03-12 09:36:27.434 16998 17040 W GeoService: debug-info : invalide city area
03-12 09:36:27.439 16998 17040 W GeoService: debug-info : invalide city area
03-12 09:36:27.487 17092 17092 I art     : Starting a blocking GC AddRemoveAppImageSpace
03-12 09:36:27.491 16998 17040 W GeoService: debug-info : invalide city area
03-12 09:36:27.496 16998 17040 W GeoService: debug-info : invalide city area
03-12 09:36:27.501 16998 17040 W GeoService: debug-info : invalide city area
03-12 09:36:27.508 16998 17040 W GeoService: debug-info : invalide city area
03-12 09:36:27.518 16998 17040 W GeoService: debug-info : invalide city area
03-12 09:36:27.526 16998 17040 W GeoService: debug-info : invalide city area
03-12 09:36:27.531  2483  2483 E wpa_supp: RSSI=-42;LINKSPEED=72;NOISE=9999;FREQUENCY=2417;
03-12 09:36:27.532  1939  2403 E WifiConfigManager: updateConfiguration freq=2417 BSSID=1c:44:19:4c:f1:60 RSSI=-44 "FiberHGW_TPF162_2.4GHz"WPA_PSK
03-12 09:36:27.541 16998 17040 W GeoService: debug-info : invalide city area
03-12 09:36:27.551  1939  2463 I HuaweiWifiWatchdogStateMachine: spd good count:0, add sc:0.0, rate:1.0
03-12 09:36:27.551  1939  2463 I HuaweiWifiWatchdogStateMachine: current mHighDataFlowRate = 1.0
03-12 09:36:27.551  1939  2463 I HuaweiWifiWatchdogStateMachine: POta txb txg rxg:0, 46, 0. Lr =0% Totpkt=46
03-12 09:36:27.551  1939  1939 I QosMonitor: queryRtt: rtt_type = 3
03-12 09:36:27.551  1939  1939 I WifiProJNI: ######### GET RTT:3 ########
03-12 09:36:27.552  1939  1939 I WifiProJNI: ######### CMD_QUERY_PKTS ########
03-12 09:36:27.552  1939  2458 I QosMonitor: postEventFromNative: msg=100,arg1=4,arg2=9
03-12 09:36:27.552  1939  2458 W WifiProJNI: poll before: g_monitor_fd =315
03-12 09:36:27.552  1939  2458 I QosMonitor: postEventFromNative: msg=100,arg1=0,arg2=9
03-12 09:36:27.552  1939  2458 W WifiProJNI: poll before: g_monitor_fd =315
03-12 09:36:27.552  1939  1939 I MQoS    : rtt=1400,tcp_tx_pkts=1512548,tcp_rx_pkts=1744245
03-12 09:36:27.552  1939  1939 I QosMonitor: resetRtt: rtt_type = 3
03-12 09:36:27.552  1939  1939 I WifiProJNI: ######### RESET RTT:3 ########
03-12 09:36:27.552 16998 17040 W GeoService: debug-info : invalide city area
03-12 09:36:27.554  1939  2463 I HuaweiWifiWatchdogStateMachine: PTcp RTT:1400, rtt pkt=8, tcp_rx=54, tcp_tx=46, tcp_reTran=0, rtRate=0
03-12 09:36:27.554  1939  2463 I HuaweiWifiWatchdogStateMachine: rs ota tcp lr rttvb bad: false, false, false, false, false; rsth:-75
03-12 09:36:27.554  1939  2463 I HuaweiWifiWatchdogStateMachine:  pkt chk not bad, reset sc to 0.
03-12 09:36:27.557  1939  8456 I MQoS    : QOS_level:5(5),wifi-link;use signalLvl:5;RAT:4G
03-12 09:36:27.565 16998 17040 W GeoService: debug-info : invalide city area
03-12 09:36:27.578 16998 17040 W GeoService: debug-info : invalide city area
03-12 09:36:27.589 16998 17040 W GeoService: debug-info : invalide city area
03-12 09:36:27.595 16998 17040 W GeoService: debug-info : invalide city area
03-12 09:36:27.604 16998 17040 W GeoService: debug-info : invalide city area
03-12 09:36:27.621 16998 17040 W GeoService: debug-info : invalide city area
03-12 09:36:27.627 16998 17040 W GeoService: debug-info : invalide city area
03-12 09:36:27.633 16998 17040 W GeoService: debug-info : invalide city area
03-12 09:36:27.647 16998 17040 W GeoService: debug-info : invalide city area
03-12 09:36:27.662 16998 17040 W GeoService: debug-info : invalide city area
03-12 09:36:27.669 16998 17040 W GeoService: debug-info : invalide city area
03-12 09:36:27.677 16998 17040 W GeoService: debug-info : invalide city area
03-12 09:36:27.691 16998 17040 W GeoService: debug-info : invalide city area
03-12 09:36:27.701 16998 17040 W GeoService: debug-info : invalide city area
03-12 09:36:27.711 16998 17040 W GeoService: debug-info : invalide city area
03-12 09:36:27.722 16998 17040 W GeoService: debug-info : invalide city area
03-12 09:36:27.728 16998 17040 W GeoService: debug-info : invalide city area
03-12 09:36:27.733 17090 17090 I XmlParser: startElement itemName:resource user:-1748078552
03-12 09:36:27.733 17090 17090 I XmlParser: startElement itemName:group user:-1748078552
03-12 09:36:27.733 17090 17090 I XmlParser: startElement itemName:id user:-1748078552
03-12 09:36:27.733 17090 17090 I XmlParser: endElement itemName:id user:-1748078552
03-12 09:36:27.733 17090 17090 I XmlParser: startElement itemName:name user:-1748078552
03-12 09:36:27.733 17090 17090 I XmlParser: endElement itemName:name user:-1748078552
03-12 09:36:27.733 17090 17090 I XmlParser: startElement itemName:define user:-1748078552
03-12 09:36:27.733 17090 17090 I XmlParser: endElement itemName:define user:-1748078552
03-12 09:36:27.733 17090 17090 I XmlParser: startElement itemName:description user:-1748078552
03-12 09:36:27.733 17090 17090 I XmlParser: endElement itemName:description user:-1748078552
03-12 09:36:27.733 17090 17090 I XmlParser: endElement itemName:group user:-1748078552
03-12 09:36:27.733 17090 17090 I XmlParser: startElement itemName:group user:-1748078552
03-12 09:36:27.733 17090 17090 I XmlParser: startElement itemName:id user:-1748078552
03-12 09:36:27.733 17090 17090 I XmlParser: endElement itemName:id user:-1748078552
03-12 09:36:27.733 17090 17090 I XmlParser: startElement itemName:name user:-1748078552
03-12 09:36:27.733 17090 17090 I XmlParser: endElement itemName:name user:-1748078552
03-12 09:36:27.733 17090 17090 I XmlParser: startElement itemName:define user:-1748078552
03-12 09:36:27.733 17090 17090 E XmlParser: startElement mResult:12288
03-12 09:36:27.733 17090 17090 I XmlParser: endElement itemName:define user:-1748078552
03-12 09:36:27.733 17090 17090 I XmlParser: startElement itemName:description user:-1748078552
03-12 09:36:27.733 17090 17090 I XmlParser: endElement itemName:description user:-1748078552
03-12 09:36:27.733 17090 17090 I XmlParser: endElement itemName:group user:-1748078552
03-12 09:36:27.733 17090 17090 I XmlParser: startElement itemName:group user:-1748078552
03-12 09:36:27.733 17090 17090 I XmlParser: startElement itemName:id user:-1748078552
03-12 09:36:27.733 17090 17090 I XmlParser: endElement itemName:id user:-1748078552
03-12 09:36:27.733 17090 17090 I XmlParser: startElement itemName:name user:-1748078552
03-12 09:36:27.733 17090 17090 I XmlParser: endElement itemName:name user:-1748078552
03-12 09:36:27.733 17090 17090 I XmlParser: startElement itemName:define user:-1748078552
03-12 09:36:27.733 17090 17090 I XmlParser: endElement itemName:define user:-1748078552
03-12 09:36:27.733 17090 17090 I XmlParser: startElement itemName:description user:-1748078552
03-12 09:36:27.733 17090 17090 I XmlParser: endElement itemName:description user:-1748078552
03-12 09:36:27.733 17090 17090 I XmlParser: endElement itemName:group user:-1748078552
03-12 09:36:27.733 17090 17090 I XmlParser: startElement itemName:group user:-1748078552
03-12 09:36:27.733 17090 17090 I XmlParser: startElement itemName:id user:-1748078552
03-12 09:36:27.733 17090 17090 I XmlParser: endElement itemName:id user:-1748078552
03-12 09:36:27.733 17090 17090 I XmlParser: startElement itemName:name user:-1748078552
03-12 09:36:27.733 17090 17090 I XmlParser: endElement itemName:name user:-1748078552
03-12 09:36:27.733 17090 17090 I XmlParser: startElement itemName:define user:-1748078552
03-12 09:36:27.733 17090 17090 I XmlParser: endElement itemName:define user:-1748078552
03-12 09:36:27.733 17090 17090 I XmlParser: startElement itemName:description user:-1748078552
03-12 09:36:27.733 17090 17090 I XmlParser: endElement itemName:description user:-1748078552
03-12 09:36:27.733 17090 17090 I XmlParser: endElement itemName:group user:-1748078552
03-12 09:36:27.733 17090 17090 I XmlParser: startElement itemName:group user:-1748078552
03-12 09:36:27.733 17090 17090 I XmlParser: startElement itemName:id user:-1748078552
03-12 09:36:27.733 17090 17090 I XmlParser: endElement itemName:id user:-1748078552
03-12 09:36:27.733 17090 17090 I XmlParser: startElement itemName:name user:-1748078552
03-12 09:36:27.733 17090 17090 I XmlParser: endElement itemName:name user:-1748078552
03-12 09:36:27.733 17090 17090 I XmlParser: startElement itemName:define user:-1748078552
03-12 09:36:27.733 17090 17090 I XmlParser: endElement itemName:define user:-1748078552
03-12 09:36:27.733 17090 17090 I XmlParser: startElement itemName:description user:-1748078552
03-12 09:36:27.733 17090 17090 I XmlParser: endElement itemName:description user:-1748078552
03-12 09:36:27.733 17090 17090 I XmlParser: endElement itemName:group user:-1748078552
03-12 09:36:27.733 17090 17090 I XmlParser: endElement itemName:resource user:-1748078552
03-12 09:36:27.733 17090 17090 I XmlParser: startElement itemName:resource user:0
03-12 09:36:27.733 17090 17090 I XmlParser: startElement itemName:group user:0
03-12 09:36:27.733 17090 17090 I XmlParser: startElement itemName:id user:0
03-12 09:36:27.733 17090 17090 I XmlParser: endElement itemName:id user:0
03-12 09:36:27.733 17090 17090 I XmlParser: startElement itemName:name user:0
03-12 09:36:27.733 17092 17092 I FirebaseInitProvider: FirebaseApp initialization successful
03-12 09:36:27.733 17090 17090 I XmlParser: endElement itemName:name user:0
03-12 09:36:27.733 17090 17090 I XmlParser: startElement itemName:define user:0
03-12 09:36:27.734 17090 17090 E XmlParser: startElement mResult:2097152
03-12 09:36:27.734 17090 17090 I XmlParser: endElement itemName:define user:0
03-12 09:36:27.734 17090 17090 I XmlParser: startElement itemName:description user:0
03-12 09:36:27.734 17090 17090 I XmlParser: endElement itemName:description user:0
03-12 09:36:27.734 17090 17090 I XmlParser: endElement itemName:group user:0
03-12 09:36:27.734 17090 17090 I XmlParser: startElement itemName:group user:0
03-12 09:36:27.734 17090 17090 I XmlParser: startElement itemName:id user:0
03-12 09:36:27.734 17090 17090 I XmlParser: endElement itemName:id user:0
03-12 09:36:27.734 17090 17090 I XmlParser: startElement itemName:name user:0
03-12 09:36:27.734 17090 17090 I XmlParser: endElement itemName:name user:0
03-12 09:36:27.734 17090 17090 I XmlParser: startElement itemName:define user:0
03-12 09:36:27.734 17090 17090 I XmlParser: endElement itemName:define user:0
03-12 09:36:27.734 17090 17090 I XmlParser: startElement itemName:description user:0
03-12 09:36:27.734 17090 17090 I XmlParser: endElement itemName:description user:0
03-12 09:36:27.734 17090 17090 I XmlParser: endElement itemName:group user:0
03-12 09:36:27.734 17090 17090 I XmlParser: startElement itemName:group user:0
03-12 09:36:27.734 17090 17090 I XmlParser: startElement itemName:id user:0
03-12 09:36:27.734 17090 17090 I XmlParser: endElement itemName:id user:0
03-12 09:36:27.734 17090 17090 I XmlParser: startElement itemName:name user:0
03-12 09:36:27.734 17090 17090 I XmlParser: endElement itemName:name user:0
03-12 09:36:27.734 17090 17090 I XmlParser: startElement itemName:define user:0
03-12 09:36:27.734 17090 17090 I XmlParser: endElement itemName:define user:0
03-12 09:36:27.734 17090 17090 I XmlParser: startElement itemName:description user:0
03-12 09:36:27.734 17090 17090 I XmlParser: endElement itemName:description user:0
03-12 09:36:27.734 17090 17090 I XmlParser: endElement itemName:group user:0
03-12 09:36:27.734 17090 17090 I XmlParser: startElement itemName:group user:0
03-12 09:36:27.734 17090 17090 I XmlParser: startElement itemName:id user:0
03-12 09:36:27.734 17090 17090 I XmlParser: endElement itemName:id user:0
03-12 09:36:27.734 17090 17090 I XmlParser: startElement itemName:name user:0
03-12 09:36:27.734 17090 17090 I XmlParser: endElement itemName:name user:0
03-12 09:36:27.734 17090 17090 I XmlParser: startElement itemName:define user:0
03-12 09:36:27.734 17090 17090 I XmlParser: endElement itemName:define user:0
03-12 09:36:27.734 17090 17090 I XmlParser: startElement itemName:description user:0
03-12 09:36:27.734 17090 17090 I XmlParser: endElement itemName:description user:0
03-12 09:36:27.734 17090 17090 I XmlParser: endElement itemName:group user:0
03-12 09:36:27.734 17090 17090 I XmlParser: startElement itemName:group user:0
03-12 09:36:27.734 17090 17090 I XmlParser: startElement itemName:id user:0
03-12 09:36:27.734 17090 17090 I XmlParser: endElement itemName:id user:0
03-12 09:36:27.734 17090 17090 I XmlParser: startElement itemName:name user:0
03-12 09:36:27.734 17090 17090 I XmlParser: endElement itemName:name user:0
03-12 09:36:27.734 17090 17090 I XmlParser: startElement itemName:define user:0
03-12 09:36:27.734 17090 17090 I XmlParser: endElement itemName:define user:0
03-12 09:36:27.734 17090 17090 I XmlParser: startElement itemName:description user:0
03-12 09:36:27.734 17090 17090 I XmlParser: endElement itemName:description user:0
03-12 09:36:27.734 17090 17090 I XmlParser: endElement itemName:group user:0
03-12 09:36:27.734 17090 17090 I XmlParser: endElement itemName:resource user:0
03-12 09:36:27.734 17090 17090 I libEGL  : egl_cache_t() maxKeySize:12288  maxTotalSize:2097152
03-12 09:36:27.742 17090 17090 I appproc : CLASSPATH=/system/framework/am.jar
03-12 09:36:27.742 17090 17090 I appproc : Command=app_process /system/bin com.android.commands.am.Am force-stop org.lndroid.messenger.testnet 
03-12 09:36:27.746 17090 17090 I AndroidRuntime: readDownloadBoosterConfig: 'false'
03-12 09:36:27.747 16998 17040 W GeoService: debug-info : invalide city area
03-12 09:36:27.763 16998 17040 W GeoService: debug-info : invalide city area
03-12 09:36:27.769  1939  2110 W HwPolicyFactoryImpl: mAware is disable
03-12 09:36:27.772 16998 17040 W GeoService: debug-info : invalide city area
03-12 09:36:27.778  1939  2110 W HwPolicyFactoryImpl: mAware is disable
03-12 09:36:27.785  1939  2110 W HwPolicyFactoryImpl: mAware is disable
03-12 09:36:27.786 16998 17040 W GeoService: debug-info : invalide city area
03-12 09:36:27.794  1939  2110 W HwPolicyFactoryImpl: mAware is disable
03-12 09:36:27.801  1939  2110 W HwPolicyFactoryImpl: mAware is disable
03-12 09:36:27.805 16998 17040 W GeoService: debug-info : invalide city area
03-12 09:36:27.807 17090 17090 E libmdmdetect: Failed to open /sys/bus/msm_subsys/devices/subsys0/name: Permission denied
03-12 09:36:27.809  1939  2110 W HwPolicyFactoryImpl: mAware is disable
03-12 09:36:27.816 16998 17040 W GeoService: debug-info : invalide city area
03-12 09:36:27.818  1939  2110 W HwPolicyFactoryImpl: mAware is disable
03-12 09:36:27.825  1939  2110 W HwPolicyFactoryImpl: mAware is disable
03-12 09:36:27.833  1939  2110 W HwPolicyFactoryImpl: mAware is disable
03-12 09:36:27.841 16998 17040 W GeoService: debug-info : invalide city area
03-12 09:36:27.849  1939  2110 W HwPolicyFactoryImpl: mAware is disable
03-12 09:36:27.851 16998 17040 W GeoService: debug-info : invalide city area
03-12 09:36:27.858 17090 17090 I HWSERVICES: hwnative_get_component_register:libdrmbitmap,JNI
03-12 09:36:27.864 17090 17090 I Radio-JNI: register_android_hardware_Radio DONE
03-12 09:36:27.865  1939  2110 W HwPolicyFactoryImpl: mAware is disable
03-12 09:36:27.868 17090 17090 I android_hardware_fm.cpp: register_android_hardware_fm_fmradio
03-12 09:36:27.868 17090 17090 I android_hardware_fm.cpp: ========64bit long size = 8
03-12 09:36:27.868 17090 17090 I android_hardware_fm.cpp: FM: get chip type = Qualcomm
03-12 09:36:27.869 16998 17040 W GeoService: debug-info : invalide city area
03-12 09:36:27.870 17090 17090 E QCOMM_FM_IF: find the id:fm and begins to open the devices
03-12 09:36:27.870 17090 17090 I android_hardware_fm.cpp: register_android_hardware_fm_fmradio, ret is 0
03-12 09:36:27.881  1939  2110 W HwPolicyFactoryImpl: mAware is disable
03-12 09:36:27.888  1939  2110 W HwPolicyFactoryImpl: mAware is disable
03-12 09:36:27.890 16998 17040 W GeoService: debug-info : invalide city area
03-12 09:36:27.897  1939  2110 W HwPolicyFactoryImpl: mAware is disable
03-12 09:36:27.902 16998 17040 W GeoService: debug-info : invalide city area
03-12 09:36:27.905  1939  2110 W HwPolicyFactoryImpl: mAware is disable
03-12 09:36:27.912  1939  2110 W HwPolicyFactoryImpl: mAware is disable
03-12 09:36:27.921  1939  2110 W HwPolicyFactoryImpl: mAware is disable
03-12 09:36:27.928 16998 17040 W GeoService: debug-info : invalide city area
03-12 09:36:27.928  1939  2110 W HwPolicyFactoryImpl: mAware is disable
03-12 09:36:27.930 16710 16878 I HwLocation_NLPLocationProviderClient: [I/HwLocation/NLPLocationProviderClient 16710:50228 :60] while circle, hwHmsService is null=true && connectState=2 && connectCount=11
03-12 09:36:27.931 16710 16878 I HwLocation_LocationTracker: [I/HwLocation/LocationTracker 16710:50228 :221] onEvent isEnabledUserExperience is false
03-12 09:36:27.937  1939  2110 W HwPolicyFactoryImpl: mAware is disable
03-12 09:36:27.942 16998 17040 W GeoService: debug-info : invalide city area
03-12 09:36:27.945  1939  2110 W HwPolicyFactoryImpl: mAware is disable
03-12 09:36:27.954  1939  2110 W HwPolicyFactoryImpl: mAware is disable
03-12 09:36:27.960  1939  2110 W HwPolicyFactoryImpl: mAware is disable
03-12 09:36:27.967 16710 16830 I AppLogManager: PrintWoker poll timeout , shutdown
03-12 09:36:27.967 16998 17040 W GeoService: debug-info : invalide city area
03-12 09:36:27.977  1939  2110 W HwPolicyFactoryImpl: mAware is disable
03-12 09:36:27.993  1939  2110 W HwPolicyFactoryImpl: mAware is disable
03-12 09:36:28.000  1939  2110 W HwPolicyFactoryImpl: mAware is disable
03-12 09:36:28.002 16710 16878 I HwLocation_FusedLocationProviderClientImpl: [I/HwLocation/FusedLocationProviderClientImpl 16710:50228 :142] init isNlpAvaliable=false
03-12 09:36:28.002 16710 16878 I HwLocation_LocationTracker: [I/HwLocation/LocationTracker 16710:50228 :221] onEvent isEnabledUserExperience is false
03-12 09:36:28.005 16710 16830 I AppLogManager: PrintWoker poll timeout , shutdown
03-12 09:36:28.006 16998 17040 W GeoService: debug-info : invalide city area
03-12 09:36:28.009  1939  2110 W HwPolicyFactoryImpl: mAware is disable
03-12 09:36:28.016  1939  2110 W HwPolicyFactoryImpl: mAware is disable
03-12 09:36:28.029 16998 17040 W GeoService: debug-info : invalide city area
03-12 09:36:28.032  1939  2110 W HwPolicyFactoryImpl: mAware is disable
03-12 09:36:28.040  1939  2110 W HwPolicyFactoryImpl: mAware is disable
03-12 09:36:28.049  1939  2110 W HwPolicyFactoryImpl: mAware is disable
03-12 09:36:28.060 16998 17040 W GeoService: debug-info : invalide city area
03-12 09:36:28.064  1939  2110 W HwPolicyFactoryImpl: mAware is disable
03-12 09:36:28.072  1939  2110 W HwPolicyFactoryImpl: mAware is disable
03-12 09:36:28.076  1939  1950 I art     : Background partial concurrent mark sweep GC freed 34811(1527KB) AllocSpace objects, 0(0B) LOS objects, 11% free, 59MB/67MB, paused 10.544ms total 249.660ms
03-12 09:36:28.081 16998 17040 W GeoService: debug-info : invalide city area
03-12 09:36:28.088  1939  2110 W HwPolicyFactoryImpl: mAware is disable
03-12 09:36:28.091 16998 17040 W GeoService: debug-info : invalide city area
03-12 09:36:28.103 16998 17040 W GeoService: debug-info : invalide city area
03-12 09:36:28.109 13907 13907 W unknown:WrappingUtils: Don't know how to round that drawable: android.graphics.drawable.LayerDrawable@a78830d
03-12 09:36:28.142 16998 17040 W GeoService: debug-info : invalide city area
03-12 09:36:28.160 16998 17040 W GeoService: debug-info : invalide city area
03-12 09:36:28.169 16998 17040 W GeoService: debug-info : invalide city area
03-12 09:36:28.192 16998 17040 W GeoService: debug-info : invalide city area
03-12 09:36:28.206 16998 17040 W GeoService: debug-info : invalide city area
03-12 09:36:28.210  2483  2483 E wpa_supp: RSSI=-42;LINKSPEED=72;NOISE=9999;FREQUENCY=2417;
03-12 09:36:28.212  1939  2403 E WifiConfigManager: updateConfiguration freq=2417 BSSID=1c:44:19:4c:f1:60 RSSI=-42 "FiberHGW_TPF162_2.4GHz"WPA_PSK
03-12 09:36:28.217 16998 17040 W GeoService: debug-info : invalide city area
03-12 09:36:28.221  3644  3644 I BrcmNfcNfa: nfa_ee_api_get_max_aid_config_length: 660
03-12 09:36:28.224 16998 17040 W GeoService: debug-info : invalide city area
03-12 09:36:28.230 16998 17040 W GeoService: debug-info : invalide city area
03-12 09:36:28.239  1939  2110 W HwPolicyFactoryImpl: mAware is disable
03-12 09:36:28.247  1939  2110 W HwPolicyFactoryImpl: mAware is disable
03-12 09:36:28.255  1939  2110 W HwPolicyFactoryImpl: mAware is disable
03-12 09:36:28.257 16998 17040 W GeoService: debug-info : invalide city area
03-12 09:36:28.263 16998 17040 W GeoService: debug-info : invalide city area
03-12 09:36:28.263  1939  2110 W HwPolicyFactoryImpl: mAware is disable
03-12 09:36:28.269 16998 17040 W GeoService: debug-info : invalide city area
03-12 09:36:28.271  1939  2110 W HwPolicyFactoryImpl: mAware is disable
03-12 09:36:28.276 16998 17040 W GeoService: debug-info : invalide city area
03-12 09:36:28.279  1939  2110 W HwPolicyFactoryImpl: mAware is disable
03-12 09:36:28.286 16998 17040 W GeoService: debug-info : invalide city area
03-12 09:36:28.288  1939  2110 W HwPolicyFactoryImpl: mAware is disable
03-12 09:36:28.295  1939  2110 W HwPolicyFactoryImpl: mAware is disable
03-12 09:36:28.300 16998 17040 W GeoService: debug-info : invalide city area
03-12 09:36:28.303  1939  2110 W HwPolicyFactoryImpl: mAware is disable
03-12 09:36:28.311  1939  2110 W HwPolicyFactoryImpl: mAware is disable
03-12 09:36:28.319  1939  2110 W HwPolicyFactoryImpl: mAware is disable
03-12 09:36:28.327  1939  2110 W HwPolicyFactoryImpl: mAware is disable
03-12 09:36:28.491 17092 17092 W art     : Verification of boolean org.telegram.messenger.MessagesController.processUpdateArray(java.util.ArrayList, java.util.ArrayList, java.util.ArrayList, boolean, int) took 138.491ms
03-12 09:36:28.613 17146 17146 I XmlParser: startElement itemName:resource user:-2072059864
03-12 09:36:28.613 17146 17146 I XmlParser: startElement itemName:group user:-2072059864
03-12 09:36:28.613 17146 17146 I XmlParser: startElement itemName:id user:-2072059864
03-12 09:36:28.613 17146 17146 I XmlParser: endElement itemName:id user:-2072059864
03-12 09:36:28.613 17146 17146 I XmlParser: startElement itemName:name user:-2072059864
03-12 09:36:28.613 17146 17146 I XmlParser: endElement itemName:name user:-2072059864
03-12 09:36:28.613 17146 17146 I XmlParser: startElement itemName:define user:-2072059864
03-12 09:36:28.613 17146 17146 I XmlParser: endElement itemName:define user:-2072059864
03-12 09:36:28.614 17146 17146 I XmlParser: startElement itemName:description user:-2072059864
03-12 09:36:28.614 17146 17146 I XmlParser: endElement itemName:description user:-2072059864
03-12 09:36:28.614 17146 17146 I XmlParser: endElement itemName:group user:-2072059864
03-12 09:36:28.614 17146 17146 I XmlParser: startElement itemName:group user:-2072059864
03-12 09:36:28.614 17146 17146 I XmlParser: startElement itemName:id user:-2072059864
03-12 09:36:28.614 17146 17146 I XmlParser: endElement itemName:id user:-2072059864
03-12 09:36:28.614 17146 17146 I XmlParser: startElement itemName:name user:-2072059864
03-12 09:36:28.614 17146 17146 I XmlParser: endElement itemName:name user:-2072059864
03-12 09:36:28.614 17146 17146 I XmlParser: startElement itemName:define user:-2072059864
03-12 09:36:28.614 17146 17146 E XmlParser: startElement mResult:12288
03-12 09:36:28.614 17146 17146 I XmlParser: endElement itemName:define user:-2072059864
03-12 09:36:28.614 17146 17146 I XmlParser: startElement itemName:description user:-2072059864
03-12 09:36:28.614 17146 17146 I XmlParser: endElement itemName:description user:-2072059864
03-12 09:36:28.614 17146 17146 I XmlParser: endElement itemName:group user:-2072059864
03-12 09:36:28.614 17146 17146 I XmlParser: startElement itemName:group user:-2072059864
03-12 09:36:28.614 17146 17146 I XmlParser: startElement itemName:id user:-2072059864
03-12 09:36:28.614 17146 17146 I XmlParser: endElement itemName:id user:-2072059864
03-12 09:36:28.614 17146 17146 I XmlParser: startElement itemName:name user:-2072059864
03-12 09:36:28.614 17146 17146 I XmlParser: endElement itemName:name user:-2072059864
03-12 09:36:28.614 17146 17146 I XmlParser: startElement itemName:define user:-2072059864
03-12 09:36:28.614 17146 17146 I XmlParser: endElement itemName:define user:-2072059864
03-12 09:36:28.614 17146 17146 I XmlParser: startElement itemName:description user:-2072059864
03-12 09:36:28.614 17146 17146 I XmlParser: endElement itemName:description user:-2072059864
03-12 09:36:28.614 17146 17146 I XmlParser: endElement itemName:group user:-2072059864
03-12 09:36:28.614 17146 17146 I XmlParser: startElement itemName:group user:-2072059864
03-12 09:36:28.614 17146 17146 I XmlParser: startElement itemName:id user:-2072059864
03-12 09:36:28.614 17146 17146 I XmlParser: endElement itemName:id user:-2072059864
03-12 09:36:28.614 17146 17146 I XmlParser: startElement itemName:name user:-2072059864
03-12 09:36:28.614 17146 17146 I XmlParser: endElement itemName:name user:-2072059864
03-12 09:36:28.614 17146 17146 I XmlParser: startElement itemName:define user:-2072059864
03-12 09:36:28.614 17146 17146 I XmlParser: endElement itemName:define user:-2072059864
03-12 09:36:28.614 17146 17146 I XmlParser: startElement itemName:description user:-2072059864
03-12 09:36:28.614 17146 17146 I XmlParser: endElement itemName:description user:-2072059864
03-12 09:36:28.614 17146 17146 I XmlParser: endElement itemName:group user:-2072059864
03-12 09:36:28.614 17146 17146 I XmlParser: startElement itemName:group user:-2072059864
03-12 09:36:28.614 17146 17146 I XmlParser: startElement itemName:id user:-2072059864
03-12 09:36:28.614 17146 17146 I XmlParser: endElement itemName:id user:-2072059864
03-12 09:36:28.614 17146 17146 I XmlParser: startElement itemName:name user:-2072059864
03-12 09:36:28.614 17146 17146 I XmlParser: endElement itemName:name user:-2072059864
03-12 09:36:28.614 17146 17146 I XmlParser: startElement itemName:define user:-2072059864
03-12 09:36:28.614 17146 17146 I XmlParser: endElement itemName:define user:-2072059864
03-12 09:36:28.614 17146 17146 I XmlParser: startElement itemName:description user:-2072059864
03-12 09:36:28.614 17146 17146 I XmlParser: endElement itemName:description user:-2072059864
03-12 09:36:28.614 17146 17146 I XmlParser: endElement itemName:group user:-2072059864
03-12 09:36:28.614 17146 17146 I XmlParser: endElement itemName:resource user:-2072059864
03-12 09:36:28.614 17146 17146 I XmlParser: startElement itemName:resource user:0
03-12 09:36:28.614 17146 17146 I XmlParser: startElement itemName:group user:0
03-12 09:36:28.614 17146 17146 I XmlParser: startElement itemName:id user:0
03-12 09:36:28.614 17146 17146 I XmlParser: endElement itemName:id user:0
03-12 09:36:28.614 17146 17146 I XmlParser: startElement itemName:name user:0
03-12 09:36:28.614 17146 17146 I XmlParser: endElement itemName:name user:0
03-12 09:36:28.614 17146 17146 I XmlParser: startElement itemName:define user:0
03-12 09:36:28.614 17146 17146 E XmlParser: startElement mResult:2097152
03-12 09:36:28.614 17146 17146 I XmlParser: endElement itemName:define user:0
03-12 09:36:28.614 17146 17146 I XmlParser: startElement itemName:description user:0
03-12 09:36:28.614 17146 17146 I XmlParser: endElement itemName:description user:0
03-12 09:36:28.614 17146 17146 I XmlParser: endElement itemName:group user:0
03-12 09:36:28.614 17146 17146 I XmlParser: startElement itemName:group user:0
03-12 09:36:28.614 17146 17146 I XmlParser: startElement itemName:id user:0
03-12 09:36:28.614 17146 17146 I XmlParser: endElement itemName:id user:0
03-12 09:36:28.614 17146 17146 I XmlParser: startElement itemName:name user:0
03-12 09:36:28.614 17146 17146 I XmlParser: endElement itemName:name user:0
03-12 09:36:28.614 17146 17146 I XmlParser: startElement itemName:define user:0
03-12 09:36:28.614 17146 17146 I XmlParser: endElement itemName:define user:0
03-12 09:36:28.614 17146 17146 I XmlParser: startElement itemName:description user:0
03-12 09:36:28.614 17146 17146 I XmlParser: endElement itemName:description user:0
03-12 09:36:28.614 17146 17146 I XmlParser: endElement itemName:group user:0
03-12 09:36:28.614 17146 17146 I XmlParser: startElement itemName:group user:0
03-12 09:36:28.614 17146 17146 I XmlParser: startElement itemName:id user:0
03-12 09:36:28.614 17146 17146 I XmlParser: endElement itemName:id user:0
03-12 09:36:28.614 17146 17146 I XmlParser: startElement itemName:name user:0
03-12 09:36:28.614 17146 17146 I XmlParser: endElement itemName:name user:0
03-12 09:36:28.614 17146 17146 I XmlParser: startElement itemName:define user:0
03-12 09:36:28.614 17146 17146 I XmlParser: endElement itemName:define user:0
03-12 09:36:28.614 17146 17146 I XmlParser: startElement itemName:description user:0
03-12 09:36:28.614 17146 17146 I XmlParser: endElement itemName:description user:0
03-12 09:36:28.614 17146 17146 I XmlParser: endElement itemName:group user:0
03-12 09:36:28.614 17146 17146 I XmlParser: startElement itemName:group user:0
03-12 09:36:28.614 17146 17146 I XmlParser: startElement itemName:id user:0
03-12 09:36:28.614 17146 17146 I XmlParser: endElement itemName:id user:0
03-12 09:36:28.614 17146 17146 I XmlParser: startElement itemName:name user:0
03-12 09:36:28.614 17146 17146 I XmlParser: endElement itemName:name user:0
03-12 09:36:28.614 17146 17146 I XmlParser: startElement itemName:define user:0
03-12 09:36:28.614 17146 17146 I XmlParser: endElement itemName:define user:0
03-12 09:36:28.614 17146 17146 I XmlParser: startElement itemName:description user:0
03-12 09:36:28.614 17146 17146 I XmlParser: endElement itemName:description user:0
03-12 09:36:28.614 17146 17146 I XmlParser: endElement itemName:group user:0
03-12 09:36:28.614 17146 17146 I XmlParser: startElement itemName:group user:0
03-12 09:36:28.614 17146 17146 I XmlParser: startElement itemName:id user:0
03-12 09:36:28.614 17146 17146 I XmlParser: endElement itemName:id user:0
03-12 09:36:28.614 17146 17146 I XmlParser: startElement itemName:name user:0
03-12 09:36:28.614 17146 17146 I XmlParser: endElement itemName:name user:0
03-12 09:36:28.614 17146 17146 I XmlParser: startElement itemName:define user:0
03-12 09:36:28.614 17146 17146 I XmlParser: endElement itemName:define user:0
03-12 09:36:28.614 17146 17146 I XmlParser: startElement itemName:description user:0
03-12 09:36:28.614 17146 17146 I XmlParser: endElement itemName:description user:0
03-12 09:36:28.614 17146 17146 I XmlParser: endElement itemName:group user:0
03-12 09:36:28.614 17146 17146 I XmlParser: endElement itemName:resource user:0
03-12 09:36:28.614 17146 17146 I libEGL  : egl_cache_t() maxKeySize:12288  maxTotalSize:2097152
03-12 09:36:28.622 17146 17146 I appproc : CLASSPATH=/system/framework/am.jar
03-12 09:36:28.622 17146 17146 I appproc : Command=app_process /system/bin com.android.commands.am.Am start -n org.lndroid.messenger.testnet/org.lndroid.messenger.WelcomeActivity -a android.intent.action.MAIN -c android.intent.category.LAUNCHER -D 
03-12 09:36:28.626 17146 17146 I AndroidRuntime: readDownloadBoosterConfig: 'false'
03-12 09:36:28.666 15705 17132 I SendBroadcastPermission: action:cn.jpush.im.android.action.IM_RESPONSE, mPermissionType:0
03-12 09:36:28.683 17146 17146 E libmdmdetect: Failed to open /sys/bus/msm_subsys/devices/subsys0/name: Permission denied
03-12 09:36:28.685 15705 15734 I SendBroadcastPermission: action:cn.jpush.android.intent.CONNECTION, mPermissionType:0
03-12 09:36:28.730 17146 17146 I HWSERVICES: hwnative_get_component_register:libdrmbitmap,JNI
03-12 09:36:28.737 17146 17146 I Radio-JNI: register_android_hardware_Radio DONE
03-12 09:36:28.738  2973 24812 W System.err: java.lang.SecurityException: getDeviceId: Neither user 10104 nor current process has android.permission.READ_PHONE_STATE.
03-12 09:36:28.740 17146 17146 I android_hardware_fm.cpp: register_android_hardware_fm_fmradio
03-12 09:36:28.740 17146 17146 I android_hardware_fm.cpp: ========64bit long size = 8
03-12 09:36:28.740 17146 17146 I android_hardware_fm.cpp: FM: get chip type = Qualcomm
03-12 09:36:28.742 17146 17146 E QCOMM_FM_IF: find the id:fm and begins to open the devices
03-12 09:36:28.742 17146 17146 I android_hardware_fm.cpp: register_android_hardware_fm_fmradio, ret is 0
03-12 09:36:28.746  2973 24812 W System.err: 	at android.app.ContextImpl.enforce(ContextImpl.java:1760)
03-12 09:36:28.746  2973 24812 W System.err: 	at android.app.ContextImpl.enforceCallingOrSelfPermission(ContextImpl.java:1792)
03-12 09:36:28.746  2973 24812 W System.err: 	at android.content.ContextWrapper.enforceCallingOrSelfPermission(ContextWrapper.java:707)
03-12 09:36:28.746  2973 24812 W System.err: 	at android.content.ContextWrapper.enforceCallingOrSelfPermission(ContextWrapper.java:707)
03-12 09:36:28.746  2973 24812 W System.err: 	at com.android.internal.telephony.PhoneSubInfoController.checkReadPhoneState(PhoneSubInfoController.java:447)
03-12 09:36:28.747  2973 24812 W System.err: 	at com.android.internal.telephony.PhoneSubInfoController.getDeviceIdForPhone(PhoneSubInfoController.java:80)
03-12 09:36:28.747  2973 24812 W System.err: 	at com.android.internal.telephony.IPhoneSubInfo$Stub.onTransact(IPhoneSubInfo.java:86)
03-12 09:36:28.747  2973 24812 W System.err: 	at android.os.Binder.execTransact(Binder.java:565)
03-12 09:36:28.753  2973  3755 W System.err: java.lang.SecurityException: getDeviceId: Neither user 10104 nor current process has android.permission.READ_PHONE_STATE.
03-12 09:36:28.753  2973  3755 W System.err: 	at android.app.ContextImpl.enforce(ContextImpl.java:1760)
03-12 09:36:28.753  2973  3755 W System.err: 	at android.app.ContextImpl.enforceCallingOrSelfPermission(ContextImpl.java:1792)
03-12 09:36:28.753  2973  3755 W System.err: 	at android.content.ContextWrapper.enforceCallingOrSelfPermission(ContextWrapper.java:707)
03-12 09:36:28.753  2973  3755 W System.err: 	at android.content.ContextWrapper.enforceCallingOrSelfPermission(ContextWrapper.java:707)
03-12 09:36:28.753  2973  3755 W System.err: 	at com.android.internal.telephony.PhoneSubInfoController.checkReadPhoneState(PhoneSubInfoController.java:447)
03-12 09:36:28.754  2973  3755 W System.err: 	at com.android.internal.telephony.PhoneSubInfoController.getDeviceIdForPhone(PhoneSubInfoController.java:80)
03-12 09:36:28.754  2973  3755 W System.err: 	at com.android.internal.telephony.IPhoneSubInfo$Stub.onTransact(IPhoneSubInfo.java:86)
03-12 09:36:28.754  2973  3755 W System.err: 	at android.os.Binder.execTransact(Binder.java:565)
03-12 09:36:28.785  1939  3655 E PF_API_NATIVE: check perfhub service fail! 
03-12 09:36:28.786  1939  3655 E PF_API_NATIVE: check perfhub service fail! 
03-12 09:36:28.801   531  3413 E ANDR-PERF-MPCTL: Invalid profile no. 0, total profiles 0 only
03-12 09:36:28.831  1939  1950 W art     : Suspending all threads took: 6.072ms
03-12 09:36:28.852  1939  1950 I art     : Background partial concurrent mark sweep GC freed 17697(768KB) AllocSpace objects, 0(0B) LOS objects, 11% free, 59MB/67MB, paused 16.659ms total 240.687ms
03-12 09:36:28.893  1939  2386 I InputDispatcher: touch process [13907], send to pg
03-12 09:36:28.930  1939  2162 I HwPointEventFilter: do not support AFT because of no config
03-12 09:36:28.960   781   889 W JankService: virtual bool android::JankManualDumpLogAnalyser::processEntry(android::LogEntry *, int, bool), not beta version or commercial log off
03-12 09:36:28.999  1939  1939 I TrafficMonitor: update:rxPkts:13,txPkts:8,rxBytes:1597,txBytes:636
03-12 09:36:29.000  1939  1939 I TrafficMonitor: start expired. level:-1
03-12 09:36:29.000  1939  1939 I TrafficMonitor: gettimer:interval=2000
03-12 09:36:29.030  2945  3029 I SensorState: sensor:11 enable:false uid:10132
03-12 09:36:29.030  2945  3029 I SensorState: removeSensor,mHandles:{}
03-12 09:36:29.030  2945  3029 I PGServer: report state:4 event type:2 pid:11 uid:10132 pkg:null to pid: 1939
03-12 09:36:29.031  1939  7345 I qti_sensors_hal: activate: handle is 55, en is 0
03-12 09:36:29.031  1939  7345 I qti_sensors_hal: activate: 295 activate sensors is 12000000000001
03-12 09:36:29.038   764   764 E Thermal-daemon: [Thermal_Hw] temperature_valid, battery : temperature is invalid, invalid temperatrue is 32
03-12 09:36:29.038   764   764 E Thermal-daemon: [Thermal_Hw] temperature_filter: get invalid temperature, use old temp
03-12 09:36:29.040   764   764 E Thermal-daemon: [charger_ic] temp_new :40  temp_old :39
03-12 09:36:29.041   764   764 E ThermalBinder: mThermalService is NULL!
03-12 09:36:29.041   764   764 E Thermal-daemon: Report temperature: [charger_ic] temp :40  report_threshold:1
03-12 09:36:29.042   764   764 E Thermal-daemon: [ap] temp_new :43  temp_old :42
03-12 09:36:29.043   764   764 E ThermalBinder: mThermalService is NULL!
03-12 09:36:29.043   764   764 E Thermal-daemon: Report temperature: [ap] temp :43  report_threshold:1
03-12 09:36:29.250  1939 26544 I SendBroadcastPermission: action:huawei.intent.action.APP_KILLED_FOR_KARAOKE_ACTION, mPermissionType:0
03-12 09:36:29.266 17188 17188 I         : power log dlsym ok
03-12 09:36:29.270 17188 17188 I art     : Late-enabling -Xcheck:jni
03-12 09:36:29.299  1939  2110 W HwPolicyFactoryImpl: mAware is disable
03-12 09:36:29.321   781   889 W JankService: virtual bool android::JankManualDumpLogAnalyser::processEntry(android::LogEntry *, int, bool), not beta version or commercial log off
03-12 09:36:29.358  1939  3672 I SendBroadcastPermission: action:huawei.intent.action.APP_KILLED_FOR_KARAOKE_ACTION, mPermissionType:0
03-12 09:36:29.406  2945  3153 I BacklightControl: can't adjust backlight when app launch from other scene.
03-12 09:36:29.417  2945  3153 I AppsGPSRestrict: com.vkontakte.android is above launcher app, just return...
03-12 09:36:29.427 13907 13907 I HwSecImmHelper: mSecurityInputMethodService is null
03-12 09:36:29.450 17188 17188 I System.out: Sending WAIT chunk
03-12 09:36:29.457  2499  2499 I PhoneStatusBarPolicy: updateBluetooth:::setBluetoothBatteryEnable false.
03-12 09:36:29.458  2499  2499 I PhoneStatusBarPolicy: updateBluetooth::bluetoothEnabled:false, bluetoothConnected=false, bluetoothTransfering=false
03-12 09:36:29.502  1939  1939 I MQoS    : onSignal: mSubId=1,currDataSubID=1
03-12 09:36:29.502  1939  1939 I MQoS    : received cell-signal:5
03-12 09:36:29.502  1939 26547 I SendBroadcastPermission: action:android.intent.action.SIG_STR, mPermissionType:0
03-12 09:36:29.505  2499  2553 I HwMobileSignalController: subId:1 phoneType:1 networktype:13 targetClass:3 masterLevel:5 slaveLevel:-1
03-12 09:36:29.540  1939 26549 E HsmCoreServiceImpl: onTransact in code is: 103
03-12 09:36:29.540  1939 26549 I MediaProcessHandler: playingUids: 
03-12 09:36:29.556  1939  2110 I HwPointEventFilter: do not support AFT because of no config
03-12 09:36:29.581   781   889 W JankService: 13907 is an invisible app, its jankframe is ignored.
03-12 09:36:29.581   781   889 W JankService: virtual bool android::JankManualDumpLogAnalyser::processEntry(android::LogEntry *, int, bool), not beta version or commercial log off
03-12 09:36:29.618  1939  1950 I art     : Background partial concurrent mark sweep GC freed 18573(901KB) AllocSpace objects, 1(1304KB) LOS objects, 11% free, 60MB/68MB, paused 6.604ms total 233.047ms
03-12 09:36:29.664  2945  2962 I PGServer: checkPkgType. calling pkg: android
03-12 09:36:29.664  2499  2499 I HwResourcesImpl: load icon id : 7f0f000c, pkgName : com.vkontakte.android
03-12 09:36:29.671  2499  2499 W CfgFilePolicy: No config file found for:/themes/diff/icons
03-12 09:36:29.671  2499  2499 W CfgFilePolicy: CFG_DIRS length : 11
03-12 09:36:29.672  2499  2499 I HwResourcesImpl: icon : com.vkontakte.android found in app
03-12 09:36:29.709  2945  3324 I PGServer: checkPkgType. calling pkg: com.huawei.iaware
03-12 09:36:29.797 26512 17204 I SendBroadcastPermission: action:com.google.android.gms.gcm.ACTION_SCHEDULE, mPermissionType:0
03-12 09:36:29.801 26512 17204 I SendBroadcastPermission: action:com.google.android.gms.gcm.ACTION_SCHEDULE, mPermissionType:0
03-12 09:36:29.998  1939  1939 I TrafficMonitor: expired arrive. level:-1
03-12 09:36:29.998  1939  1939 I TrafficMonitor: during_ms:2001,period_ms:2000
03-12 09:36:29.998  1939  1939 I TrafficMonitor: count:839,rx_sum:13,tx_sum:8,rxBytes:1597,during_ms:2001,rx_speed:798.1009495252374,tx_speed:317.8410794602699,rto:1.625
03-12 09:36:30.067   625   704 E libnav  : CablComputeBacklightLevel(): UpdateType = DifferentSceneUpdate
03-12 09:36:30.355  1939  1950 I art     : Background partial concurrent mark sweep GC freed 19196(848KB) AllocSpace objects, 0(0B) LOS objects, 11% free, 60MB/68MB, paused 2.980ms total 194.519ms
03-12 09:36:30.452 17092 17092 I art     : Rejecting re-init on previously-failed class java.lang.Class<org.telegram.messenger.-$$Lambda$NotificationsController$wGfyzcvvHxFIxbrke7bSnOwTfcM>: java.lang.NoClassDefFoundError: Failed resolution of: Landroid/graphics/PostProcessor;
03-12 09:36:30.452 17092 17092 I art     :   at org.telegram.messenger.NotificationsController org.telegram.messenger.AccountInstance.getNotificationsController() (AccountInstance.java:49)
03-12 09:36:30.452 17092 17092 I art     :   at org.telegram.messenger.NotificationsController org.telegram.messenger.BaseController.getNotificationsController() (BaseController.java:40)
03-12 09:36:30.452 17092 17092 I art     :   at void org.telegram.messenger.MessagesStorage.lambda$null$29$MessagesStorage(android.util.LongSparseArray, java.util.ArrayList, java.util.ArrayList, java.util.ArrayList, java.util.ArrayList, java.util.ArrayList) (MessagesStorage.java:1560)
03-12 09:36:30.452 17092 17092 I art     :   at void org.telegram.messenger.-$$Lambda$MessagesStorage$82Ej4rDj5eul9KY9u3PJ3wE6Pbg.run() (lambda:-1)
03-12 09:36:30.452 17092 17092 I art     :   at void android.os.Handler.handleCallback(android.os.Message) (Handler.java:761)
03-12 09:36:30.452 17092 17092 I art     :   at void android.os.Handler.dispatchMessage(android.os.Message) (Handler.java:98)
03-12 09:36:30.452 17092 17092 I art     :   at void android.os.Looper.loop() (Looper.java:156)
03-12 09:36:30.452 17092 17092 I art     :   at void android.app.ActivityThread.main(java.lang.String[]) (ActivityThread.java:6517)
03-12 09:36:30.452 17092 17092 I art     :   at java.lang.Object java.lang.reflect.Method.invoke!(java.lang.Object, java.lang.Object[]) (Method.java:-2)
03-12 09:36:30.452 17092 17092 I art     :   at void com.android.internal.os.ZygoteInit$MethodAndArgsCaller.run() (ZygoteInit.java:942)
03-12 09:36:30.452 17092 17092 I art     :   at void com.android.internal.os.ZygoteInit.main(java.lang.String[]) (ZygoteInit.java:832)
03-12 09:36:30.452 17092 17092 I art     : Caused by: java.lang.ClassNotFoundException: Didn't find class "android.graphics.PostProcessor" on path: DexPathList[[zip file "/system/framework/com.google.android.maps.jar", zip file "/data/app/org.telegram.messenger-1/base.apk"],nativeLibraryDirectories=[/data/app/org.telegram.messenger-1/lib/arm64, /data/app/org.telegram.messenger-1/base.apk!/lib/arm64-v8a, /system/lib64, /vendor/lib64, /system/vendor/lib64, /product/lib64]]
03-12 09:36:30.452 17092 17092 I art     :   at java.lang.Class dalvik.system.BaseDexClassLoader.findClass(java.lang.String) (BaseDexClassLoader.java:56)
03-12 09:36:30.452 17092 17092 I art     :   at java.lang.Class java.lang.ClassLoader.loadClass(java.lang.String, boolean) (ClassLoader.java:380)
03-12 09:36:30.452 17092 17092 I art     :   at java.lang.Class java.lang.ClassLoader.loadClass(java.lang.String) (ClassLoader.java:312)
03-12 09:36:30.452 17092 17092 I art     :   at org.telegram.messenger.NotificationsController org.telegram.messenger.AccountInstance.getNotificationsController() (AccountInstance.java:49)
03-12 09:36:30.452 17092 17092 I art     :   at org.telegram.messenger.NotificationsController org.telegram.messenger.BaseController.getNotificationsController() (BaseController.java:40)
03-12 09:36:30.452 17092 17092 I art     :   at void org.telegram.messenger.MessagesStorage.lambda$null$29$MessagesStorage(android.util.LongSparseArray, java.util.ArrayList, java.util.ArrayList, java.util.ArrayList, java.util.ArrayList, java.util.ArrayList) (MessagesStorage.java:1560)
03-12 09:36:30.452 17092 17092 I art     :   at void org.telegram.messenger.-$$Lambda$MessagesStorage$82Ej4rDj5eul9KY9u3PJ3wE6Pbg.run() (lambda:-1)
03-12 09:36:30.452 17092 17092 I art     :   at void android.os.Handler.handleCallback(android.os.Message) (Handler.java:761)
03-12 09:36:30.452 17092 17092 I art     :   at void android.os.Handler.dispatchMessage(android.os.Message) (Handler.java:98)
03-12 09:36:30.452 17092 17092 I art     :   at void android.os.Looper.loop() (Looper.java:156)
03-12 09:36:30.452 17092 17092 I art     :   at void android.app.ActivityThread.main(java.lang.String[]) (ActivityThread.java:6517)
03-12 09:36:30.452 17092 17092 I art     :   at java.lang.Object java.lang.reflect.Method.invoke!(java.lang.Object, java.lang.Object[]) (Method.java:-2)
03-12 09:36:30.452 17092 17092 I art     :   at void com.android.internal.os.ZygoteInit$MethodAndArgsCaller.run() (ZygoteInit.java:942)
03-12 09:36:30.453 17092 17092 I art     :   at void com.android.internal.os.ZygoteInit.main(java.lang.String[]) (ZygoteInit.java:832)
03-12 09:36:30.453 17092 17092 I art     : 
03-12 09:36:30.462 26435 26435 I Wear_Controller: Wear requires a companion app to be installed.
03-12 09:36:30.462 26435 26435 I WearableService: onCreate: Wearable Services not starting. Wear is not available on this device.
03-12 09:36:30.465 17092 17092 I art     : Rejecting re-init on previously-failed class java.lang.Class<org.telegram.messenger.-$$Lambda$NotificationsController$N5IA2yCFiGMc2IXHr3hVgVbBFF8>: java.lang.NoClassDefFoundError: Failed resolution of: Landroid/graphics/ImageDecoder$OnHeaderDecodedListener;
03-12 09:36:30.465 17092 17092 I art     :   at org.telegram.messenger.NotificationsController org.telegram.messenger.AccountInstance.getNotificationsController() (AccountInstance.java:49)
03-12 09:36:30.465 17092 17092 I art     :   at org.telegram.messenger.NotificationsController org.telegram.messenger.BaseController.getNotificationsController() (BaseController.java:40)
03-12 09:36:30.465 17092 17092 I art     :   at void org.telegram.messenger.MessagesStorage.lambda$null$29$MessagesStorage(android.util.LongSparseArray, java.util.ArrayList, java.util.ArrayList, java.util.ArrayList, java.util.ArrayList, java.util.ArrayList) (MessagesStorage.java:1560)
03-12 09:36:30.465 17092 17092 I art     :   at void org.telegram.messenger.-$$Lambda$MessagesStorage$82Ej4rDj5eul9KY9u3PJ3wE6Pbg.run() (lambda:-1)
03-12 09:36:30.465 17092 17092 I art     :   at void android.os.Handler.handleCallback(android.os.Message) (Handler.java:761)
03-12 09:36:30.465 17092 17092 I art     :   at void android.os.Handler.dispatchMessage(android.os.Message) (Handler.java:98)
03-12 09:36:30.465 17092 17092 I art     :   at void android.os.Looper.loop() (Looper.java:156)
03-12 09:36:30.465 17092 17092 I art     :   at void android.app.ActivityThread.main(java.lang.String[]) (ActivityThread.java:6517)
03-12 09:36:30.465 17092 17092 I art     :   at java.lang.Object java.lang.reflect.Method.invoke!(java.lang.Object, java.lang.Object[]) (Method.java:-2)
03-12 09:36:30.465 17092 17092 I art     :   at void com.android.internal.os.ZygoteInit$MethodAndArgsCaller.run() (ZygoteInit.java:942)
03-12 09:36:30.465 17092 17092 I art     :   at void com.android.internal.os.ZygoteInit.main(java.lang.String[]) (ZygoteInit.java:832)
