03-12 09:36:33.709 17188 17188 I art     :   at void android.os.Looper.loop() (Looper.java:156)
03-12 09:36:33.709 17188 17188 I art     :   at void android.app.ActivityThread.main(java.lang.String[]) (ActivityThread.java:6517)
03-12 09:36:33.709 17188 17188 I art     :   at java.lang.Object java.lang.reflect.Method.invoke!(java.lang.Object, java.lang.Object[]) (Method.java:-2)
03-12 09:36:33.709 17188 17188 I art     :   at void com.android.internal.os.ZygoteInit$MethodAndArgsCaller.run() (ZygoteInit.java:942)
03-12 09:36:33.709 17188 17188 I art     :   at void com.android.internal.os.ZygoteInit.main(java.lang.String[]) (ZygoteInit.java:832)
03-12 09:36:33.709 17188 17188 I art     : Caused by: java.lang.ClassNotFoundException: Didn't find class "android.view.View$OnUnhandledKeyEventListener" on path: DexPathList[[zip file "/data/app/org.lndroid.messenger.testnet-1/base.apk"],nativeLibraryDirectories=[/data/app/org.lndroid.messenger.testnet-1/lib/arm64, /system/lib64, /vendor/lib64, /system/vendor/lib64, /product/lib64]]
03-12 09:36:33.709 17188 17188 I art     :   at java.lang.Class dalvik.system.BaseDexClassLoader.findClass(java.lang.String) (BaseDexClassLoader.java:56)
03-12 09:36:33.709 17188 17188 I art     :   at java.lang.Class java.lang.ClassLoader.loadClass(java.lang.String, boolean) (ClassLoader.java:380)
03-12 09:36:33.709 17188 17188 I art     :   at java.lang.Class java.lang.ClassLoader.loadClass(java.lang.String) (ClassLoader.java:312)
03-12 09:36:33.709 17188 17188 I art     :   at void androidx.core.view.ViewCompat.setBackground(android.view.View, android.graphics.drawable.Drawable) (ViewCompat.java:2341)
03-12 09:36:33.709 17188 17188 I art     :   at void androidx.appcompat.widget.ActionBarContainer.<init>(android.content.Context, android.util.AttributeSet) (ActionBarContainer.java:62)
03-12 09:36:33.709 17188 17188 I art     :   at java.lang.Object java.lang.reflect.Constructor.newInstance0!(java.lang.Object[]) (Constructor.java:-2)
03-12 09:36:33.709 17188 17188 I art     :   at java.lang.Object java.lang.reflect.Constructor.newInstance(java.lang.Object[]) (Constructor.java:430)
03-12 09:36:33.709 17188 17188 I art     :   at android.view.View android.view.LayoutInflater.createView(java.lang.String, java.lang.String, android.util.AttributeSet) (LayoutInflater.java:656)
03-12 09:36:33.709 17188 17188 I art     :   at android.view.View android.view.LayoutInflater.createViewFromTag(android.view.View, java.lang.String, android.content.Context, android.util.AttributeSet, boolean) (LayoutInflater.java:798)
03-12 09:36:33.709 17188 17188 I art     :   at android.view.View android.view.LayoutInflater.createViewFromTag(android.view.View, java.lang.String, android.content.Context, android.util.AttributeSet) (LayoutInflater.java:738)
03-12 09:36:33.709 17188 17188 I art     :   at void android.view.LayoutInflater.rInflate(org.xmlpull.v1.XmlPullParser, android.view.View, android.content.Context, android.util.AttributeSet, boolean) (LayoutInflater.java:869)
03-12 09:36:33.709 17188 17188 I art     :   at void android.view.LayoutInflater.rInflateChildren(org.xmlpull.v1.XmlPullParser, android.view.View, android.util.AttributeSet, boolean) (LayoutInflater.java:832)
03-12 09:36:33.709 17188 17188 I art     :   at android.view.View android.view.LayoutInflater.inflate(org.xmlpull.v1.XmlPullParser, android.view.ViewGroup, boolean) (LayoutInflater.java:518)
03-12 09:36:33.709 17188 17188 I art     :   at android.view.View android.view.LayoutInflater.inflate(int, android.view.ViewGroup, boolean) (LayoutInflater.java:426)
03-12 09:36:33.709 17188 17188 I art     :   at android.view.View android.view.LayoutInflater.inflate(int, android.view.ViewGroup) (LayoutInflater.java:377)
03-12 09:36:33.709 17188 17188 I art     :   at android.view.ViewGroup androidx.appcompat.app.AppCompatDelegateImpl.createSubDecor() (AppCompatDelegateImpl.java:607)
03-12 09:36:33.709 17188 17188 I art     :   at void androidx.appcompat.app.AppCompatDelegateImpl.ensureSubDecor() (AppCompatDelegateImpl.java:518)
03-12 09:36:33.709 17188 17188 I art     :   at void androidx.appcompat.app.AppCompatDelegateImpl.setContentView(int) (AppCompatDelegateImpl.java:466)
03-12 09:36:33.709 17188 17188 I art     :   at void androidx.appcompat.app.AppCompatActivity.setContentView(int) (AppCompatActivity.java:140)
03-12 09:36:33.709 17188 17188 I art     :   at void org.lndroid.messenger.WelcomeActivity.onCreate(android.os.Bundle) (WelcomeActivity.java:15)
03-12 09:36:33.709 17188 17188 I art     :   at void android.app.Activity.performCreate(android.os.Bundle) (Activity.java:6915)
03-12 09:36:33.709 17188 17188 I art     :   at void android.app.Instrumentation.callActivityOnCreate(android.app.Activity, android.os.Bundle) (Instrumentation.java:1123)
03-12 09:36:33.709 17188 17188 I art     :   at android.app.Activity android.app.ActivityThread.performLaunchActivity(android.app.ActivityThread$ActivityClientRecord, android.content.Intent) (ActivityThread.java:2746)
03-12 09:36:33.709 17188 17188 I art     :   at void android.app.ActivityThread.handleLaunchActivity(android.app.ActivityThread$ActivityClientRecord, android.content.Intent, java.lang.String) (ActivityThread.java:2864)
03-12 09:36:33.709 17188 17188 I art     :   at void android.app.ActivityThread.-wrap12(android.app.ActivityThread, android.app.ActivityThread$ActivityClientRecord, android.content.Intent, java.lang.String) (ActivityThread.java:-1)
03-12 09:36:33.709 17188 17188 I art     :   at void android.app.ActivityThread$H.handleMessage(android.os.Message) (ActivityThread.java:1567)
03-12 09:36:33.709 17188 17188 I art     :   at void android.os.Handler.dispatchMessage(android.os.Message) (Handler.java:105)
03-12 09:36:33.709 17188 17188 I art     :   at void android.os.Looper.loop() (Looper.java:156)
03-12 09:36:33.709 17188 17188 I art     :   at void android.app.ActivityThread.main(java.lang.String[]) (ActivityThread.java:6517)
03-12 09:36:33.709 17188 17188 I art     :   at java.lang.Object java.lang.reflect.Method.invoke!(java.lang.Object, java.lang.Object[]) (Method.java:-2)
03-12 09:36:33.709 17188 17188 I art     :   at void com.android.internal.os.ZygoteInit$MethodAndArgsCaller.run() (ZygoteInit.java:942)
03-12 09:36:33.709 17188 17188 I art     :   at void com.android.internal.os.ZygoteInit.main(java.lang.String[]) (ZygoteInit.java:832)
03-12 09:36:33.709 17188 17188 I art     : 
03-12 09:36:33.718 29293 29348 I LightningDaemon: called getNodeInfo ok thread 49326
03-12 09:36:33.721 29293 29348 I LightningDaemon: resp getNodeInfo node {
03-12 09:36:33.721 29293 29348 I LightningDaemon:   last_update: 1583993110
03-12 09:36:33.721 29293 29348 I LightningDaemon:   pub_key: "03b2710a07ba108d4e1a3c16ac2d1b499073bb4885654c219becf661ec887f0a5b"
03-12 09:36:33.721 29293 29348 I LightningDaemon:   alias: "03b2710a07ba108d4e1a"
03-12 09:36:33.721 29293 29348 I LightningDaemon:   color: "#3399ff"
03-12 09:36:33.721 29293 29348 I LightningDaemon:   features {
03-12 09:36:33.721 29293 29348 I LightningDaemon:     key: 17
03-12 09:36:33.721 29293 29348 I LightningDaemon:     value {
03-12 09:36:33.721 29293 29348 I LightningDaemon:       name: "multi-path-payments"
03-12 09:36:33.721 29293 29348 I LightningDaemon:       is_known: true
03-12 09:36:33.721 29293 29348 I LightningDaemon:     }
03-12 09:36:33.721 29293 29348 I LightningDaemon:   }
03-12 09:36:33.721 29293 29348 I LightningDaemon:   features {
03-12 09:36:33.721 29293 29348 I LightningDaemon:     key: 0
03-12 09:36:33.721 29293 29348 I LightningDaemon:     value {
03-12 09:36:33.721 29293 29348 I LightningDaemon:       name: "data-loss-protect"
03-12 09:36:33.721 29293 29348 I LightningDaemon:       is_required: true
03-12 09:36:33.721 29293 29348 I LightningDaemon:       is_known: true
03-12 09:36:33.721 29293 29348 I LightningDaemon:     }
03-12 09:36:33.721 29293 29348 I LightningDaemon:   }
03-12 09:36:33.721 29293 29348 I LightningDaemon:   features {
03-12 09:36:33.721 29293 29348 I LightningDaemon:     key: 5
03-12 09:36:33.721 29293 29348 I LightningDaemon:     value {
03-12 09:36:33.721 29293 29348 I LightningDaemon:       name: "upfront-shutdown-script"
03-12 09:36:33.721 29293 29348 I LightningDaemon:       is_known: true
03-12 09:36:33.721 29293 29348 I LightningDaemon:     }
03-12 09:36:33.721 29293 29348 I LightningDaemon:   }
03-12 09:36:33.721 29293 29348 I LightningDaemon:   features {
03-12 09:36:33.721 29293 29348 I LightningDaemon:     key: 7
03-12 09:36:33.721 29293 29348 I LightningDaemon:     value {
03-12 09:36:33.721 29293 29348 I LightningDaemon:       name: "gossip-queries"
03-12 09:36:33.721 29293 29348 I LightningDaemon:       is_known: true
03-12 09:36:33.721 29293 29348 I LightningDaemon:     }
03-12 09:36:33.721 29293 29348 I LightningDaemon:   }
03-12 09:36:33.721 29293 29348 I LightningDaemon:   features {
03-12 09:36:33.721 29293 29348 I LightningDaemon:     key: 9
03-12 09:36:33.721 29293 29348 I LightningDaemon:     value {
03-12 09:36:33.721 29293 29348 I LightningDaemon:       name: "tlv-onion"
03-12 09:36:33.721 29293 29348 I LightningDaemon:       is_known: true
03-12 09:36:33.721 29293 29348 I LightningDaemon:     }
03-12 09:36:33.721 29293 29348 I LightningDaemon:   }
03-12 09:36:33.721 29293 29348 I LightningDaemon:   features {
03-12 09:36:33.721 29293 29348 I LightningDaemon:     key: 13
03-12 09:36:33.721 29293 29348 I LightningDaemon:     value {
03-12 09:36:33.721 29293 29348 I LightningDaemon:       name: "static-remote-key"
03-12 09:36:33.721 29293 29348 I LightningDaemon:       is_known: true
03-12 09:36:33.721 29293 29348 I LightningDaemon:     }
03-12 09:36:33.721 29293 29348 I LightningDaemon:   }
03-12 09:36:33.721 29293 29348 I LightningDaemon:   features {
03-12 09:36:33.721 29293 29348 I LightningDaemon:     key: 15
03-12 09:36:33.721 29293 29348 I LightningDaemon:     value {
03-12 09:36:33.721 29293 29348 I LightningDaemon:       name: "payment-addr"
03-12 09:36:33.721 29293 29348 I LightningDaemon:       is_known: true
03-12 09:36:33.721 29293 29348 I LightningDaemon:     }
03-12 09:36:33.721 29293 29348 I LightningDaemon:   }
03-12 09:36:33.721 29293 29348 I LightningDaemon: }
03-12 09:36:33.721 29293 29348 I LightningDaemon: num_channels: 3
03-12 09:36:33.721 29293 29348 I LightningDaemon: total_capacity: 240000
03-12 09:36:33.721 29293 29348 I LightningDaemon: channels {
03-12 09:36:33.721 29293 29348 I LightningDaemon:   channel_id: 1833496112456269824
03-12 09:36:33.721 29293 29348 I LightningDaemon:   chan_point: "0bc5849b12f6a809cc2283823d76ddd5968fc5f7d310860156d310c0f99fa629:0"
03-12 09:36:33.721 29293 29348 I LightningDaemon:   last_update: 1583994254
03-12 09:36:33.721 29293 29348 I LightningDaemon:   node1_pub: "02bcd28003802ee4e2cf3b214ae5c02d1e700c6c03e2940bc5b2ca2cb76567026f"
03-12 09:36:33.721 29293 29348 I LightningDaemon:   node2_pub: "03b2710a07ba108d4e1a3c16ac2d1b499073bb4885654c219becf661ec887f0a5b"
03-12 09:36:33.721 29293 29348 I LightningDaemon:   capacity: 100000
03-12 09:36:33.721 29293 29348 I LightningDaemon:   node1_policy {
03-12 09:36:33.721 29293 29348 I LightningDaemon:     time_lock_delta: 40
03-12 09:36:33.721 29293 29348 I LightningDaemon:     min_htlc: 1000
03-12 09:36:33.721 29293 29348 I LightningDaemon:     fee_base_msat: 1000
03-12 09:36:33.721 29293 29348 I LightningDaemon:     fee_rate_milli_msat: 1
03-12 09:36:33.721 29293 29348 I LightningDaemon:     max_htlc_msat: 99000000
03-12 09:36:33.721 29293 29348 I LightningDaemon:     last_update: 1583990686
03-12 09:36:33.721 29293 29348 I LightningDaemon:   }
03-12 09:36:33.721 29293 29348 I LightningDaemon:   node2_policy {
03-12 09:36:33.721 29293 29348 I LightningDaemon:     time_lock_delta: 40
03-12 09:36:33.721 29293 29348 I LightningDaemon:     min_htlc: 1000
03-12 09:36:33.721 29293 29348 I LightningDaemon:     fee_base_msat: 1000
03-12 09:36:33.721 29293 29348 I LightningDaemon:     fee_rate_milli_msat: 1
03-12 09:36:33.721 29293 29348 I LightningDaemon:     max_htlc_msat: 99000000
03-12 09:36:33.721 29293 29348 I LightningDaemon:     last_update: 1583994254
03-12 09:36:33.721 29293 29348 I LightningDaemon:   }
03-12 09:36:33.721 29293 29348 I LightningDaemon: }
03-12 09:36:33.722 16533 16562 I PluginServer: onSignal p org.lndroid.plugins.NODE_INFO_WORKER topic org.lndroid.topics.NODE_INFO_SELF request null
03-12 09:36:33.722 16533 16562 I LightningDaemon: calling walletBalance thread 48629 req 
03-12 09:36:33.723 16533 16562 I ChannelBalanceWorker: channel balance update org.lndroid.lnd.data.Data$ChannelBalanceResponse@e37f5bf
03-12 09:36:33.723 16533 16562 I ChannelBalanceWorker: channel balance update ChannelBalance{balance=40950, pendingOpenBalance=0}
03-12 09:36:33.725 16533 16562 I PluginServer: onSignal p org.lndroid.plugins.CHANNEL_BALANCE_WORKER topic org.lndroid.topics.CHANNEL_BALANCE request null
03-12 09:36:33.725 16533 16562 I PluginServer: notify p org.lndroid.plugins.GET_CHANNEL_BALANCE topic org.lndroid.topics.CHANNEL_BALANCE
03-12 09:36:33.725 16533 16562 I PluginServer: notify contexts org.lndroid.plugins.GET_CHANNEL_BALANCE user 1 ctxs 1
03-12 09:36:33.726 16533 16562 I PluginServer: onResponse plugin org.lndroid.plugins.GET_CHANNEL_BALANCE user 1 tx org.lndroid.plugins.GET_CHANNEL_BALANCE_1583991851985
03-12 09:36:33.726 16533 16562 I PluginServer: notify contexts org.lndroid.plugins.GET_CHANNEL_BALANCE user 0 ctxs 0
03-12 09:36:33.728 16533 16533 I PluginClient: received tx org.lndroid.plugins.GET_CHANNEL_BALANCE_1583991851985 type rep plugin org.lndroid.plugins.GET_CHANNEL_BALANCE
03-12 09:36:33.734 16533 17767 I LightningDaemon: called walletBalance ok thread 48649
03-12 09:36:33.734 16533 17767 I LightningDaemon: resp walletBalance total_balance: 1837308
03-12 09:36:33.734 16533 17767 I LightningDaemon: confirmed_balance: 1837308
03-12 09:36:33.737 16533 16562 I PluginServer: onSignal p org.lndroid.plugins.WALLET_INFO_WORKER topic org.lndroid.topics.WALLET_INFO request null
03-12 09:36:33.737 16533 16562 I PluginServer: notify p org.lndroid.plugins.GET_WALLET_INFO topic org.lndroid.topics.WALLET_INFO
03-12 09:36:33.737 16533 16562 I PluginServer: notify contexts org.lndroid.plugins.GET_WALLET_INFO user 1 ctxs 1
03-12 09:36:33.742 16533 16562 I PluginServer: onResponse plugin org.lndroid.plugins.GET_WALLET_INFO user 1 tx org.lndroid.plugins.GET_WALLET_INFO_1583991851985
03-12 09:36:33.742 16533 16562 I PluginServer: notify contexts org.lndroid.plugins.GET_WALLET_INFO user 0 ctxs 1
03-12 09:36:33.743 16533 16562 I PluginServer: onResponse plugin org.lndroid.plugins.GET_WALLET_INFO user 0 tx org.lndroid.plugins.GET_WALLET_INFO_1583993845122
03-12 09:36:33.743 16533 16562 I WalletBalanceWorker: wallet balance update org.lndroid.lnd.data.Data$WalletBalanceResponse@382c7d5
03-12 09:36:33.744 16533  5874 I PluginClient: received tx org.lndroid.plugins.GET_WALLET_INFO_1583993845122 type rep plugin org.lndroid.plugins.GET_WALLET_INFO
03-12 09:36:33.744 16533  5874 I SyncWorker: synched true
03-12 09:36:33.744 16533 16533 I PluginClient: received tx org.lndroid.plugins.GET_WALLET_INFO_1583991851985 type rep plugin org.lndroid.plugins.GET_WALLET_INFO
03-12 09:36:33.747 16533 16562 I PluginServer: onSignal p org.lndroid.plugins.WALLET_BALANCE_WORKER topic org.lndroid.topics.WALLET_BALANCE request null
03-12 09:36:33.747 16533 16562 I PluginServer: notify p org.lndroid.plugins.GET_WALLET_BALANCE topic org.lndroid.topics.WALLET_BALANCE
03-12 09:36:33.747 16533 16562 I PluginServer: notify contexts org.lndroid.plugins.GET_WALLET_BALANCE user 1 ctxs 1
03-12 09:36:33.748 16533 16562 I PluginServer: onResponse plugin org.lndroid.plugins.GET_WALLET_BALANCE user 1 tx org.lndroid.plugins.GET_WALLET_BALANCE_1583991851984
03-12 09:36:33.748 16533 16562 I PluginServer: notify contexts org.lndroid.plugins.GET_WALLET_BALANCE user 0 ctxs 0
03-12 09:36:33.748 16533 16533 I PluginClient: received tx org.lndroid.plugins.GET_WALLET_BALANCE_1583991851984 type rep plugin org.lndroid.plugins.GET_WALLET_BALANCE
03-12 09:36:33.749 29293 29324 I NodeInfoWorker: node info update org.lndroid.lnd.data.Data$NodeInfo@cf07782
03-12 09:36:33.765 29293 29324 I PluginServer: onSignal p org.lndroid.plugins.NODE_INFO_WORKER topic org.lndroid.topics.NODE_INFO_SELF request null
03-12 09:36:33.828 17188 17188 I HwSecImmHelper: mSecurityInputMethodService is null
03-12 09:36:33.833 17188 17188 I HwPointEventFilter: do not support AFT because of no config
03-12 09:36:33.902 17188 17188 E AndroidRuntime: FATAL EXCEPTION: main
03-12 09:36:33.902 17188 17188 E AndroidRuntime: Process: org.lndroid.messenger.testnet, PID: 17188
03-12 09:36:33.902 17188 17188 E AndroidRuntime: java.lang.NullPointerException: Attempt to read from field 'java.lang.String org.lndroid.messenger.WalletService.packageName' on a null object reference
03-12 09:36:33.902 17188 17188 E AndroidRuntime: 	at org.lndroid.messenger.Notifier.connect(Notifier.java:70)
03-12 09:36:33.902 17188 17188 E AndroidRuntime: 	at org.lndroid.messenger.Notifier.access$000(Notifier.java:32)
03-12 09:36:33.902 17188 17188 E AndroidRuntime: 	at org.lndroid.messenger.Notifier$1.onChanged(Notifier.java:51)
03-12 09:36:33.902 17188 17188 E AndroidRuntime: 	at org.lndroid.messenger.Notifier$1.onChanged(Notifier.java:48)
03-12 09:36:33.902 17188 17188 E AndroidRuntime: 	at androidx.lifecycle.LiveData.considerNotify(LiveData.java:131)
03-12 09:36:33.902 17188 17188 E AndroidRuntime: 	at androidx.lifecycle.LiveData.dispatchingValue(LiveData.java:149)
03-12 09:36:33.902 17188 17188 E AndroidRuntime: 	at androidx.lifecycle.LiveData.setValue(LiveData.java:307)
03-12 09:36:33.902 17188 17188 E AndroidRuntime: 	at androidx.lifecycle.MutableLiveData.setValue(MutableLiveData.java:50)
03-12 09:36:33.902 17188 17188 E AndroidRuntime: 	at androidx.lifecycle.LiveData$1.run(LiveData.java:91)
03-12 09:36:33.902 17188 17188 E AndroidRuntime: 	at android.os.Handler.handleCallback(Handler.java:761)
03-12 09:36:33.902 17188 17188 E AndroidRuntime: 	at android.os.Handler.dispatchMessage(Handler.java:98)
03-12 09:36:33.902 17188 17188 E AndroidRuntime: 	at android.os.Looper.loop(Looper.java:156)
03-12 09:36:33.902 17188 17188 E AndroidRuntime: 	at android.app.ActivityThread.main(ActivityThread.java:6517)
03-12 09:36:33.902 17188 17188 E AndroidRuntime: 	at java.lang.reflect.Method.invoke(Native Method)
03-12 09:36:33.902 17188 17188 E AndroidRuntime: 	at com.android.internal.os.ZygoteInit$MethodAndArgsCaller.run(ZygoteInit.java:942)
03-12 09:36:33.902 17188 17188 E AndroidRuntime: 	at com.android.internal.os.ZygoteInit.main(ZygoteInit.java:832)
03-12 09:36:33.914  1939  4685 E ReportTools: This is not beta user build
03-12 09:36:33.914 17188 17188 I Process : Sending signal. PID: 17188 SIG: 9
03-12 09:36:33.919  1939  1939 I SendBroadcastPermission: action:android.intent.action.DROPBOX_ENTRY_ADDED, mPermissionType:0
03-12 09:36:33.929  1939  2386 W InputDispatcher: channel 'bc2159c org.lndroid.messenger.testnet/org.lndroid.messenger.WelcomeActivity (server)' ~ Consumer closed input channel or an error occurred.  events=0x9
03-12 09:36:33.929  1939  2386 E InputDispatcher: channel 'bc2159c org.lndroid.messenger.testnet/org.lndroid.messenger.WelcomeActivity (server)' ~ Channel is unrecoverably broken and will be disposed!
03-12 09:36:33.931  1939  3679 W InputDispatcher: Attempted to unregister already unregistered input channel 'bc2159c org.lndroid.messenger.testnet/org.lndroid.messenger.WelcomeActivity (server)'
03-12 09:36:33.935  1939  2833 I Log_println: get_android_log_exception_write comes...
03-12 09:36:33.936  1939  2833 I SendBroadcastPermission: action:huawei.intent.action.APP_KILLED_FOR_KARAOKE_ACTION, mPermissionType:0
03-12 09:36:33.940  2945  3029 I ScenarioService: old above launcher pkgs: [com.vkontakte.android, org.lndroid.messenger.testnet] new front:com.vkontakte.android
03-12 09:36:33.944   781  1305 I logserver: handle_exception_events enter
03-12 09:36:33.966  1939  2833 I SendBroadcastPermission: action:huawei.intent.action.APP_KILLED_FOR_KARAOKE_ACTION, mPermissionType:0
03-12 09:36:33.971  2945  3153 I BacklightControl: can't adjust backlight when app launch from other scene.
03-12 09:36:33.978  1939  3685 E HsmCoreServiceImpl: onTransact in code is: 102
03-12 09:36:33.979  1939  3685 I MediaProcessHandler: processOp opType: 1, uid: 10144, pid: 17188
03-12 09:36:33.979  1939  3685 W MediaProcessHandler: remove target not exist, maybe the UI process: uid: 10144, pid: 17188
03-12 09:36:33.990  1939 26541 I SendBroadcastPermission: action:android.intent.action.SIG_STR, mPermissionType:0
03-12 09:36:33.990  1939  1939 I MQoS    : onSignal: mSubId=0,currDataSubID=1
03-12 09:36:33.990  1939  1939 I MQoS    : received cell-signal:5
03-12 09:36:33.997  2499  2553 I HwMobileSignalController: subId:0 phoneType:1 networktype:3 targetClass:2 masterLevel:5 slaveLevel:-1
03-12 09:36:34.001  2499  2499 I PhoneStatusBarPolicy: updateBluetooth:::setBluetoothBatteryEnable false.
03-12 09:36:34.001  2499  2499 I PhoneStatusBarPolicy: updateBluetooth::bluetoothEnabled:false, bluetoothConnected=false, bluetoothTransfering=false
03-12 09:36:34.010 13907 13907 I SendBroadcastPermission: action:com.vk.im.ACTION_APP_RESUMED, mPermissionType:0
03-12 09:36:34.043   764   764 E Thermal-daemon: [Thermal_Hw] temperature_valid, battery : temperature is invalid, invalid temperatrue is 32
03-12 09:36:34.043   764   764 E Thermal-daemon: [Thermal_Hw] temperature_filter: get invalid temperature, use old temp
03-12 09:36:34.047   764   764 E Thermal-daemon: [ap] temp_new :44  temp_old :43
03-12 09:36:34.049   764   764 E ThermalBinder: mThermalService is NULL!
03-12 09:36:34.049   764   764 E Thermal-daemon: Report temperature: [ap] temp :44  report_threshold:1
03-12 09:36:34.084   625   704 E libnav  : CablComputeBacklightLevel(): UpdateType = DifferentSceneUpdate
03-12 09:36:34.204  2945  3029 I SensorState: sensor:11 enable:true uid:10132
03-12 09:36:34.204  1939  2835 I qti_sensors_hal: batch,376,handle 55, timeout:0 ,period_ns:20000000
03-12 09:36:34.204  1939  2835 I qti_sensors_hal: batch:sensor(android.sensor.game_rotation_vector) handle:55 flags:0x0 period_ns:20000000 timeout:0
03-12 09:36:34.204  2945  3029 I PGServer: report state:4 event type:1 pid:11 uid:10132 pkg:null to pid: 1939
03-12 09:36:34.205  2945  3029 I SensorState: addSensor,mHandles:{11=1}
03-12 09:36:34.206  1939  2835 I qti_sensors_hal: batch: current sample rate, report rate & buffering are equal to requested (50.000000,0,0)
03-12 09:36:34.206  1939  2835 I qti_sensors_hal: activate: handle is 55, en is 1
03-12 09:36:34.206  1939  2835 I qti_sensors_hal: activate: 295 activate sensors is 92000000000001
03-12 09:36:34.242 13907 13907 I HwSecImmHelper: mSecurityInputMethodService is null
03-12 09:36:34.248   781   889 W JankService: virtual bool android::JankManualDumpLogAnalyser::processEntry(android::LogEntry *, int, bool), not beta version or commercial log off
03-12 09:36:34.257  1939 13891 W AwareLog: AwareMem_Kill: updateGroupList package: move high frequent=com.android.defcontainer, uid=10001
03-12 09:36:34.257  1939 13891 W AwareLog: AwareMem_Kill: updateGroupList package: not kill critical frequent=com.ykb.android, uid=10137
03-12 09:36:34.257  1939 13891 W AwareLog: AwareMem_Kill: updateGroupList package: not kill critical frequent=com.binance.dev, uid=10104
03-12 09:36:34.257  1939 13891 W AwareLog: AwareMem_Kill: updateGroupList package: move high frequent=org.telegram.messenger, uid=10100
03-12 09:36:34.259  1939 13891 I SendBroadcastPermission: action:huawei.intent.action.APP_KILLED_FOR_KARAOKE_ACTION, mPermissionType:0
03-12 09:36:34.262  1939  3670 E HsmCoreServiceImpl: onTransact in code is: 102
03-12 09:36:34.262  1939  3670 I MediaProcessHandler: processOp opType: 1, uid: 10001, pid: 16023
03-12 09:36:34.262  1939  3670 W MediaProcessHandler: remove target not exist, maybe the UI process: uid: 10001, pid: 16023
03-12 09:36:34.263  1939 13891 I SendBroadcastPermission: action:huawei.intent.action.APP_KILLED_FOR_KARAOKE_ACTION, mPermissionType:0
03-12 09:36:34.263  2945  3153 I AppManager: removeProcessDependency pid:17092
03-12 09:36:34.266  2483  2483 E wpa_supp: RSSI=-43;LINKSPEED=72;NOISE=9999;FREQUENCY=2417;
03-12 09:36:34.267  1939  2403 E WifiConfigManager: updateConfiguration freq=2417 BSSID=1c:44:19:4c:f1:60 RSSI=-43 "FiberHGW_TPF162_2.4GHz"WPA_PSK
03-12 09:36:34.269  1939  4441 E HsmCoreServiceImpl: onTransact in code is: 102
03-12 09:36:34.269  1939  4441 I MediaProcessHandler: processOp opType: 1, uid: 10100, pid: 17092
03-12 09:36:34.269  1939  4441 W MediaProcessHandler: remove target not exist, maybe the UI process: uid: 10100, pid: 17092
03-12 09:36:34.334 13907 13907 I SendBroadcastPermission: action:com.vkontakte.android.COUNTERS_UPDATED, mPermissionType:0
03-12 09:36:34.685 29293 29324 I LightningDaemon: calling channelBalance thread 49317 req 
03-12 09:36:34.712 29293 29652 I LightningDaemon: called channelBalance ok thread 49337
03-12 09:36:34.712 29293 29652 I LightningDaemon: resp channelBalance balance: 93059
03-12 09:36:34.712 29293 29324 I ChannelBalanceWorker: channel balance update org.lndroid.lnd.data.Data$ChannelBalanceResponse@ea54ed0
03-12 09:36:34.713 29293 29324 I ChannelBalanceWorker: channel balance update ChannelBalance{balance=93059, pendingOpenBalance=0}
03-12 09:36:34.723 29293 29324 I PluginServer: onSignal p org.lndroid.plugins.CHANNEL_BALANCE_WORKER topic org.lndroid.topics.CHANNEL_BALANCE request null
03-12 09:36:34.723 29293 29324 I PluginServer: notify p org.lndroid.plugins.GET_CHANNEL_BALANCE topic org.lndroid.topics.CHANNEL_BALANCE
03-12 09:36:34.723 29293 29324 I PluginServer: notify contexts org.lndroid.plugins.GET_CHANNEL_BALANCE user 12 ctxs 0
03-12 09:36:34.723 29293 29324 I PluginServer: notify contexts org.lndroid.plugins.GET_CHANNEL_BALANCE user 0 ctxs 0
03-12 09:36:34.772  1939 13891 W AwareLog: AwareMem_Kill: updateGroupList package: move high frequent=com.google.android.partnersetup, uid=10012
03-12 09:36:34.772  1939 13891 W AwareLog: AwareMem_Kill: updateGroupList package: not kill critical frequent=com.ykb.android, uid=10137
03-12 09:36:34.772  1939 13891 W AwareLog: AwareMem_Kill: updateGroupList package: not kill critical frequent=com.binance.dev, uid=10104
03-12 09:36:34.773  1939 13891 I SendBroadcastPermission: action:huawei.intent.action.APP_KILLED_FOR_KARAOKE_ACTION, mPermissionType:0
03-12 09:36:34.775  1939 26544 E HsmCoreServiceImpl: onTransact in code is: 102
03-12 09:36:34.775  1939 26544 I MediaProcessHandler: processOp opType: 1, uid: 10012, pid: 16184
03-12 09:36:34.775  1939 26544 W MediaProcessHandler: remove target not exist, maybe the UI process: uid: 10012, pid: 16184
03-12 09:36:34.817   625   704 E libnav  : CablComputeBacklightLevel(): UpdateType = DifferentSceneUpdate
03-12 09:36:34.886 29293 29324 I LightningDaemon: calling getInfo thread 49317 req 
03-12 09:36:34.912 29293 29375 I LightningDaemon: called getInfo ok thread 49341
03-12 09:36:34.913 29293 29375 I LightningDaemon: resp getInfo identity_pubkey: "03b2710a07ba108d4e1a3c16ac2d1b499073bb4885654c219becf661ec887f0a5b"
03-12 09:36:34.913 29293 29375 I LightningDaemon: alias: "03b2710a07ba108d4e1a"
03-12 09:36:34.913 29293 29375 I LightningDaemon: num_active_channels: 3
03-12 09:36:34.913 29293 29375 I LightningDaemon: num_peers: 3
03-12 09:36:34.913 29293 29375 I LightningDaemon: block_height: 1669588
03-12 09:36:34.913 29293 29375 I LightningDaemon: block_hash: "00000000002ac54a65879bf0d7a396f6c72003238f3a7e46df99112cd848ed1d"
03-12 09:36:34.913 29293 29375 I LightningDaemon: synced_to_chain: true
03-12 09:36:34.913 29293 29375 I LightningDaemon: testnet: true
03-12 09:36:34.913 29293 29375 I LightningDaemon: best_header_timestamp: 1583993883
03-12 09:36:34.913 29293 29375 I LightningDaemon: version: "0.9.0-beta commit="
03-12 09:36:34.913 29293 29375 I LightningDaemon: chains {
03-12 09:36:34.913 29293 29375 I LightningDaemon:   chain: "bitcoin"
03-12 09:36:34.913 29293 29375 I LightningDaemon:   network: "testnet"
03-12 09:36:34.913 29293 29375 I LightningDaemon: }
03-12 09:36:34.913 29293 29375 I LightningDaemon: color: "#3399ff"
03-12 09:36:34.913 29293 29375 I LightningDaemon: synced_to_graph: true
03-12 09:36:34.913 29293 29375 I LightningDaemon: features {
03-12 09:36:34.913 29293 29375 I LightningDaemon:   key: 9
03-12 09:36:34.913 29293 29375 I LightningDaemon:   value {
03-12 09:36:34.913 29293 29375 I LightningDaemon:     name: "tlv-onion"
03-12 09:36:34.913 29293 29375 I LightningDaemon:     is_known: true
03-12 09:36:34.913 29293 29375 I LightningDaemon:   }
03-12 09:36:34.913 29293 29375 I LightningDaemon: }
03-12 09:36:34.913 29293 29375 I LightningDaemon: features {
03-12 09:36:34.913 29293 29375 I LightningDaemon:   key: 13
03-12 09:36:34.913 29293 29375 I LightningDaemon:   value {
03-12 09:36:34.913 29293 29375 I LightningDaemon:     name: "static-remote-key"
03-12 09:36:34.913 29293 29375 I LightningDaemon:     is_known: true
03-12 09:36:34.913 29293 29375 I LightningDaemon:   }
03-12 09:36:34.913 29293 29375 I LightningDaemon: }
03-12 09:36:34.913 29293 29375 I LightningDaemon: features {
03-12 09:36:34.913 29293 29375 I LightningDaemon:   key: 5
03-12 09:36:34.913 29293 29375 I LightningDaemon:   value {
03-12 09:36:34.913 29293 29375 I LightningDaemon:     name: "upfront-shutdown-script"
03-12 09:36:34.913 29293 29375 I LightningDaemon:     is_known: true
03-12 09:36:34.913 29293 29375 I LightningDaemon:   }
03-12 09:36:34.913 29293 29375 I LightningDaemon: }
03-12 09:36:34.913 29293 29375 I LightningDaemon: features {
03-12 09:36:34.913 29293 29375 I LightningDaemon:   key: 15
03-12 09:36:34.913 29293 29375 I LightningDaemon:   value {
03-12 09:36:34.913 29293 29375 I LightningDaemon:     name: "payment-addr"
03-12 09:36:34.913 29293 29375 I LightningDaemon:     is_known: true
03-12 09:36:34.913 29293 29375 I LightningDaemon:   }
03-12 09:36:34.913 29293 29375 I LightningDaemon: }
03-12 09:36:34.913 29293 29375 I LightningDaemon: features {
03-12 09:36:34.913 29293 29375 I LightningDaemon:   key: 17
03-12 09:36:34.913 29293 29375 I LightningDaemon:   value {
03-12 09:36:34.913 29293 29375 I LightningDaemon:     name: "multi-path-payments"
03-12 09:36:34.913 29293 29375 I LightningDaemon:     is_known: true
03-12 09:36:34.913 29293 29375 I LightningDaemon:   }
03-12 09:36:34.913 29293 29375 I LightningDaemon: }
03-12 09:36:34.913 29293 29375 I LightningDaemon: features {
03-12 09:36:34.913 29293 29375 I LightningDaemon:   key: 0
03-12 09:36:34.913 29293 29375 I LightningDaemon:   value {
03-12 09:36:34.913 29293 29375 I LightningDaemon:     name: "data-loss-protect"
03-12 09:36:34.913 29293 29375 I LightningDaemon:     is_required: true
03-12 09:36:34.913 29293 29375 I LightningDaemon:     is_known: true
03-12 09:36:34.913 29293 29375 I LightningDaemon:   }
03-12 09:36:34.913 29293 29375 I LightningDaemon: }
03-12 09:36:34.913 29293 29375 I LightningDaemon: features {
03-12 09:36:34.913 29293 29375 I LightningDaemon:   key: 7
03-12 09:36:34.913 29293 29375 I LightningDaemon:   value {
03-12 09:36:34.913 29293 29375 I LightningDaemon:     name: "gossip-queries"
03-12 09:36:34.913 29293 29375 I LightningDaemon:     is_known: true
03-12 09:36:34.913 29293 29375 I LightningDaemon:   }
03-12 09:36:34.913 29293 29375 I LightningDaemon: }
03-12 09:36:34.923 29293 29324 I PluginServer: onSignal p org.lndroid.plugins.WALLET_INFO_WORKER topic org.lndroid.topics.WALLET_INFO request null
03-12 09:36:34.923 29293 29324 I PluginServer: notify p org.lndroid.plugins.GET_WALLET_INFO topic org.lndroid.topics.WALLET_INFO
03-12 09:36:34.923 29293 29324 I PluginServer: notify contexts org.lndroid.plugins.GET_WALLET_INFO user 12 ctxs 0
03-12 09:36:34.923 29293 29324 I PluginServer: notify contexts org.lndroid.plugins.GET_WALLET_INFO user 0 ctxs 1
03-12 09:36:34.924 29293 29324 I PluginServer: onResponse plugin org.lndroid.plugins.GET_WALLET_INFO user 0 tx org.lndroid.plugins.GET_WALLET_INFO_1583993844991
03-12 09:36:34.925 29293  5873 I PluginClient: received tx org.lndroid.plugins.GET_WALLET_INFO_1583993844991 type rep plugin org.lndroid.plugins.GET_WALLET_INFO
03-12 09:36:34.925 29293  5873 I SyncWorker: synched true
03-12 09:36:35.003  1939  1939 I TrafficMonitor: update:rxPkts:13,txPkts:13,rxBytes:1462,txBytes:2276
03-12 09:36:35.003  1939  1939 I TrafficMonitor: start expired. level:-1
03-12 09:36:35.003  1939  1939 I TrafficMonitor: gettimer:interval=2000
03-12 09:36:35.279  1939 13891 W AwareLog: AwareMem_Kill: updateGroupList package: not kill critical frequent=com.ykb.android, uid=10137
03-12 09:36:35.279  1939 13891 W AwareLog: AwareMem_Kill: updateGroupList package: not kill critical frequent=com.binance.dev, uid=10104
03-12 09:36:35.279  1939 13891 W AwareLog: AwareMem_Kill: execKillGroup: null procGroups
03-12 09:36:35.287 17244 17244 I         : power log dlsym ok
03-12 09:36:35.360 17244 17244 I art     : Starting a blocking GC AddRemoveAppImageSpace
03-12 09:36:35.415 17244 17244 I FirebaseInitProvider: FirebaseApp initialization successful
03-12 09:36:35.502  1939  1939 I MQoS    : onSignal: mSubId=1,currDataSubID=1
03-12 09:36:35.502  1939 26544 I SendBroadcastPermission: action:android.intent.action.SIG_STR, mPermissionType:0
03-12 09:36:35.502  1939  1939 I MQoS    : received cell-signal:5
03-12 09:36:35.504  2499  2553 I HwMobileSignalController: subId:1 phoneType:1 networktype:13 targetClass:3 masterLevel:5 slaveLevel:-1
03-12 09:36:35.521  2483  2483 E wpa_supp: RSSI=-43;LINKSPEED=72;NOISE=9999;FREQUENCY=2417;
03-12 09:36:35.522  1939  2403 E WifiConfigManager: updateConfiguration freq=2417 BSSID=1c:44:19:4c:f1:60 RSSI=-43 "FiberHGW_TPF162_2.4GHz"WPA_PSK
03-12 09:36:35.525  1939  2463 I HuaweiWifiWatchdogStateMachine: spd good count:0, add sc:0.0, rate:1.0
03-12 09:36:35.525  1939  2463 I HuaweiWifiWatchdogStateMachine: current mHighDataFlowRate = 1.0
03-12 09:36:35.525  1939  2463 I HuaweiWifiWatchdogStateMachine: POta txb txg rxg:0, 48, 0. Lr =0% Totpkt=48
03-12 09:36:35.525  1939  1939 I QosMonitor: queryRtt: rtt_type = 3
03-12 09:36:35.525  1939  1939 I WifiProJNI: ######### GET RTT:3 ########
03-12 09:36:35.525  1939  1939 I WifiProJNI: ######### CMD_QUERY_PKTS ########
03-12 09:36:35.525  1939  2458 I QosMonitor: postEventFromNative: msg=100,arg1=4,arg2=9
03-12 09:36:35.525  1939  2458 W WifiProJNI: poll before: g_monitor_fd =315
03-12 09:36:35.525  1939  2458 I QosMonitor: postEventFromNative: msg=100,arg1=0,arg2=9
03-12 09:36:35.525  1939  2458 W WifiProJNI: poll before: g_monitor_fd =315
03-12 09:36:35.525  1939  1939 I MQoS    : rtt=1790,tcp_tx_pkts=1512594,tcp_rx_pkts=1744290
03-12 09:36:35.525  1939  1939 I QosMonitor: resetRtt: rtt_type = 3
03-12 09:36:35.525  1939  1939 I WifiProJNI: ######### RESET RTT:3 ########
03-12 09:36:35.527  1939  2463 I HuaweiWifiWatchdogStateMachine: PTcp RTT:1790, rtt pkt=5, tcp_rx=45, tcp_tx=46, tcp_reTran=0, rtRate=0
03-12 09:36:35.527  1939  2463 I HuaweiWifiWatchdogStateMachine: rs ota tcp lr rttvb bad: false, false, false, false, false; rsth:-75
03-12 09:36:35.527  1939  2463 I HuaweiWifiWatchdogStateMachine:  pkt chk not bad, reset sc to 0.
03-12 09:36:35.528  1939  8456 I MQoS    : QOS_level:5(5),wifi-link;use signalLvl:5;RAT:4G
03-12 09:36:36.001  1939  1939 I TrafficMonitor: expired arrive. level:-1
03-12 09:36:36.001  1939  1939 I TrafficMonitor: during_ms:2001,period_ms:2000
03-12 09:36:36.001  1939  1939 I TrafficMonitor: count:842,rx_sum:13,tx_sum:13,rxBytes:1462,during_ms:2001,rx_speed:730.6346826586707,tx_speed:1137.4312843578211,rto:1.0
03-12 09:36:36.082 17244 17244 I art     : Rejecting re-init on previously-failed class java.lang.Class<org.telegram.messenger.-$$Lambda$NotificationsController$wGfyzcvvHxFIxbrke7bSnOwTfcM>: java.lang.NoClassDefFoundError: Failed resolution of: Landroid/graphics/PostProcessor;
03-12 09:36:36.082 17244 17244 I art     :   at org.telegram.messenger.NotificationsController org.telegram.messenger.AccountInstance.getNotificationsController() (AccountInstance.java:49)
03-12 09:36:36.082 17244 17244 I art     :   at org.telegram.messenger.NotificationsController org.telegram.messenger.BaseController.getNotificationsController() (BaseController.java:40)
03-12 09:36:36.082 17244 17244 I art     :   at void org.telegram.messenger.MessagesStorage.lambda$null$29$MessagesStorage(android.util.LongSparseArray, java.util.ArrayList, java.util.ArrayList, java.util.ArrayList, java.util.ArrayList, java.util.ArrayList) (MessagesStorage.java:1560)
03-12 09:36:36.082 17244 17244 I art     :   at void org.telegram.messenger.-$$Lambda$MessagesStorage$82Ej4rDj5eul9KY9u3PJ3wE6Pbg.run() (lambda:-1)
03-12 09:36:36.082 17244 17244 I art     :   at void android.os.Handler.handleCallback(android.os.Message) (Handler.java:761)
03-12 09:36:36.082 17244 17244 I art     :   at void android.os.Handler.dispatchMessage(android.os.Message) (Handler.java:98)
03-12 09:36:36.082 17244 17244 I art     :   at void android.os.Looper.loop() (Looper.java:156)
03-12 09:36:36.082 17244 17244 I art     :   at void android.app.ActivityThread.main(java.lang.String[]) (ActivityThread.java:6517)
03-12 09:36:36.082 17244 17244 I art     :   at java.lang.Object java.lang.reflect.Method.invoke!(java.lang.Object, java.lang.Object[]) (Method.java:-2)
03-12 09:36:36.082 17244 17244 I art     :   at void com.android.internal.os.ZygoteInit$MethodAndArgsCaller.run() (ZygoteInit.java:942)
03-12 09:36:36.082 17244 17244 I art     :   at void com.android.internal.os.ZygoteInit.main(java.lang.String[]) (ZygoteInit.java:832)
03-12 09:36:36.082 17244 17244 I art     : Caused by: java.lang.ClassNotFoundException: Didn't find class "android.graphics.PostProcessor" on path: DexPathList[[zip file "/system/framework/com.google.android.maps.jar", zip file "/data/app/org.telegram.messenger-1/base.apk"],nativeLibraryDirectories=[/data/app/org.telegram.messenger-1/lib/arm64, /data/app/org.telegram.messenger-1/base.apk!/lib/arm64-v8a, /system/lib64, /vendor/lib64, /system/vendor/lib64, /product/lib64]]
03-12 09:36:36.082 17244 17244 I art     :   at java.lang.Class dalvik.system.BaseDexClassLoader.findClass(java.lang.String) (BaseDexClassLoader.java:56)
03-12 09:36:36.082 17244 17244 I art     :   at java.lang.Class java.lang.ClassLoader.loadClass(java.lang.String, boolean) (ClassLoader.java:380)
03-12 09:36:36.082 17244 17244 I art     :   at java.lang.Class java.lang.ClassLoader.loadClass(java.lang.String) (ClassLoader.java:312)
03-12 09:36:36.082 17244 17244 I art     :   at org.telegram.messenger.NotificationsController org.telegram.messenger.AccountInstance.getNotificationsController() (AccountInstance.java:49)
03-12 09:36:36.082 17244 17244 I art     :   at org.telegram.messenger.NotificationsController org.telegram.messenger.BaseController.getNotificationsController() (BaseController.java:40)
03-12 09:36:36.082 17244 17244 I art     :   at void org.telegram.messenger.MessagesStorage.lambda$null$29$MessagesStorage(android.util.LongSparseArray, java.util.ArrayList, java.util.ArrayList, java.util.ArrayList, java.util.ArrayList, java.util.ArrayList) (MessagesStorage.java:1560)
03-12 09:36:36.082 17244 17244 I art     :   at void org.telegram.messenger.-$$Lambda$MessagesStorage$82Ej4rDj5eul9KY9u3PJ3wE6Pbg.run() (lambda:-1)
03-12 09:36:36.082 17244 17244 I art     :   at void android.os.Handler.handleCallback(android.os.Message) (Handler.java:761)
03-12 09:36:36.082 17244 17244 I art     :   at void android.os.Handler.dispatchMessage(android.os.Message) (Handler.java:98)
03-12 09:36:36.082 17244 17244 I art     :   at void android.os.Looper.loop() (Looper.java:156)
03-12 09:36:36.082 17244 17244 I art     :   at void android.app.ActivityThread.main(java.lang.String[]) (ActivityThread.java:6517)
03-12 09:36:36.082 17244 17244 I art     :   at java.lang.Object java.lang.reflect.Method.invoke!(java.lang.Object, java.lang.Object[]) (Method.java:-2)
03-12 09:36:36.082 17244 17244 I art     :   at void com.android.internal.os.ZygoteInit$MethodAndArgsCaller.run() (ZygoteInit.java:942)
03-12 09:36:36.082 17244 17244 I art     :   at void com.android.internal.os.ZygoteInit.main(java.lang.String[]) (ZygoteInit.java:832)
03-12 09:36:36.082 17244 17244 I art     : 
03-12 09:36:36.084 17244 17244 I art     : Rejecting re-init on previously-failed class java.lang.Class<org.telegram.messenger.-$$Lambda$NotificationsController$N5IA2yCFiGMc2IXHr3hVgVbBFF8>: java.lang.NoClassDefFoundError: Failed resolution of: Landroid/graphics/ImageDecoder$OnHeaderDecodedListener;
03-12 09:36:36.084 17244 17244 I art     :   at org.telegram.messenger.NotificationsController org.telegram.messenger.AccountInstance.getNotificationsController() (AccountInstance.java:49)
03-12 09:36:36.084 17244 17244 I art     :   at org.telegram.messenger.NotificationsController org.telegram.messenger.BaseController.getNotificationsController() (BaseController.java:40)
03-12 09:36:36.084 17244 17244 I art     :   at void org.telegram.messenger.MessagesStorage.lambda$null$29$MessagesStorage(android.util.LongSparseArray, java.util.ArrayList, java.util.ArrayList, java.util.ArrayList, java.util.ArrayList, java.util.ArrayList) (MessagesStorage.java:1560)
03-12 09:36:36.084 17244 17244 I art     :   at void org.telegram.messenger.-$$Lambda$MessagesStorage$82Ej4rDj5eul9KY9u3PJ3wE6Pbg.run() (lambda:-1)
03-12 09:36:36.084 17244 17244 I art     :   at void android.os.Handler.handleCallback(android.os.Message) (Handler.java:761)
03-12 09:36:36.084 17244 17244 I art     :   at void android.os.Handler.dispatchMessage(android.os.Message) (Handler.java:98)
03-12 09:36:36.084 17244 17244 I art     :   at void android.os.Looper.loop() (Looper.java:156)
03-12 09:36:36.084 17244 17244 I art     :   at void android.app.ActivityThread.main(java.lang.String[]) (ActivityThread.java:6517)
03-12 09:36:36.084 17244 17244 I art     :   at java.lang.Object java.lang.reflect.Method.invoke!(java.lang.Object, java.lang.Object[]) (Method.java:-2)
03-12 09:36:36.084 17244 17244 I art     :   at void com.android.internal.os.ZygoteInit$MethodAndArgsCaller.run() (ZygoteInit.java:942)
03-12 09:36:36.084 17244 17244 I art     :   at void com.android.internal.os.ZygoteInit.main(java.lang.String[]) (ZygoteInit.java:832)
03-12 09:36:36.084 17244 17244 I art     : Caused by: java.lang.ClassNotFoundException: Didn't find class "android.graphics.ImageDecoder$OnHeaderDecodedListener" on path: DexPathList[[zip file "/system/framework/com.google.android.maps.jar", zip file "/data/app/org.telegram.messenger-1/base.apk"],nativeLibraryDirectories=[/data/app/org.telegram.messenger-1/lib/arm64, /data/app/org.telegram.messenger-1/base.apk!/lib/arm64-v8a, /system/lib64, /vendor/lib64, /system/vendor/lib64, /product/lib64]]
03-12 09:36:36.084 17244 17244 I art     :   at java.lang.Class dalvik.system.BaseDexClassLoader.findClass(java.lang.String) (BaseDexClassLoader.java:56)
03-12 09:36:36.084 17244 17244 I art     :   at java.lang.Class java.lang.ClassLoader.loadClass(java.lang.String, boolean) (ClassLoader.java:380)
03-12 09:36:36.084 17244 17244 I art     :   at java.lang.Class java.lang.ClassLoader.loadClass(java.lang.String) (ClassLoader.java:312)
03-12 09:36:36.084 17244 17244 I art     :   at org.telegram.messenger.NotificationsController org.telegram.messenger.AccountInstance.getNotificationsController() (AccountInstance.java:49)
03-12 09:36:36.084 17244 17244 I art     :   at org.telegram.messenger.NotificationsController org.telegram.messenger.BaseController.getNotificationsController() (BaseController.java:40)
03-12 09:36:36.084 17244 17244 I art     :   at void org.telegram.messenger.MessagesStorage.lambda$null$29$MessagesStorage(android.util.LongSparseArray, java.util.ArrayList, java.util.ArrayList, java.util.ArrayList, java.util.ArrayList, java.util.ArrayList) (MessagesStorage.java:1560)
03-12 09:36:36.084 17244 17244 I art     :   at void org.telegram.messenger.-$$Lambda$MessagesStorage$82Ej4rDj5eul9KY9u3PJ3wE6Pbg.run() (lambda:-1)
03-12 09:36:36.084 17244 17244 I art     :   at void android.os.Handler.handleCallback(android.os.Message) (Handler.java:761)
03-12 09:36:36.084 17244 17244 I art     :   at void android.os.Handler.dispatchMessage(android.os.Message) (Handler.java:98)
03-12 09:36:36.084 17244 17244 I art     :   at void android.os.Looper.loop() (Looper.java:156)
03-12 09:36:36.084 17244 17244 I art     :   at void android.app.ActivityThread.main(java.lang.String[]) (ActivityThread.java:6517)
03-12 09:36:36.084 17244 17244 I art     :   at java.lang.Object java.lang.reflect.Method.invoke!(java.lang.Object, java.lang.Object[]) (Method.java:-2)
03-12 09:36:36.084 17244 17244 I art     :   at void com.android.internal.os.ZygoteInit$MethodAndArgsCaller.run() (ZygoteInit.java:942)
03-12 09:36:36.084 17244 17244 I art     :   at void com.android.internal.os.ZygoteInit.main(java.lang.String[]) (ZygoteInit.java:832)
03-12 09:36:36.084 17244 17244 I art     : 
03-12 09:36:36.088 26435 26435 I Wear_Controller: Wear requires a companion app to be installed.
03-12 09:36:36.088 26435 26435 I WearableService: onCreate: Wearable Services not starting. Wear is not available on this device.
03-12 09:36:36.138 26435 26982 W WearableService: onGetService: Wear is not available on this device.
03-12 09:36:36.140  3710  4584 I HwLauncher: Launcher.LauncherProvider  launcher call - method:change_badge arg:null extras:[package=org.telegram.messenger][badgenumber=0][class=org.telegram.ui.LaunchActivity] uid =10100 pid =17244
03-12 09:36:36.141  3710  4584 I HwLauncher: ProviderCallUtils callBadge isCloned = false
03-12 09:36:36.146  3710  3731 I HwLauncher: Launcher.LauncherProvider  launcher call - method:change_badge arg:null extras:[package=org.telegram.messenger][badgenumber=0][class=org.telegram.ui.LaunchActivity] uid =10100 pid =17244
03-12 09:36:36.147  3710  3731 I HwLauncher: ProviderCallUtils callBadge isCloned = false
03-12 09:36:36.153  3710 17081 I HwLauncher: Launcher.LauncherProvider  launcher call - method:change_badge arg:null extras:[package=org.telegram.messenger][badgenumber=0][class=org.telegram.ui.LaunchActivity] uid =10100 pid =17244
03-12 09:36:36.153  3710 17081 I HwLauncher: ProviderCallUtils callBadge isCloned = false
03-12 09:36:36.544  1939  1939 I MQoS    : onSignal: mSubId=0,currDataSubID=1
03-12 09:36:36.544  1939  1939 I MQoS    : received cell-signal:5
03-12 09:36:36.544  1939  3682 I SendBroadcastPermission: action:android.intent.action.SIG_STR, mPermissionType:0
03-12 09:36:36.547  2499  2553 I HwMobileSignalController: subId:0 phoneType:1 networktype:3 targetClass:2 masterLevel:5 slaveLevel:-1
03-12 09:36:36.659  3710  3818 I HwLauncher: Launcher.LauncherProvider  queried count: 1
03-12 09:36:36.660  3710  3818 I HwLauncher: BadgeContentObserver  getBadgeNumber: 0 mComponentName :ComponentInfo{org.telegram.messenger/org.telegram.ui.LaunchActivity}
03-12 09:36:36.660  3710  3818 I HwLauncher: BadgeContentObserver newBadgeNumber:0,oldBadgeNumber:0 mComponentName : ComponentInfo{org.telegram.messenger/org.telegram.ui.LaunchActivity}
03-12 09:36:37.004  1939  1939 I TrafficMonitor: update:rxPkts:10,txPkts:10,rxBytes:520,txBytes:520
03-12 09:36:37.004  1939  1939 I TrafficMonitor: start expired. level:-1
03-12 09:36:37.004  1939  1939 I TrafficMonitor: gettimer:interval=2000
03-12 09:36:37.110  1939  2446 E HwCHRWebMonitor: WebMonitor [mNetWorkIsSuck=0 mUIDIsSuck=]  WebSpeed [WEBSENDSEGS=41  WEBRESENDSEGS=6  WEBRECVSEGS=29  WEBERRSEGS=0  WEBOUTRSTS=0  WEBESTABLISRST=0  WEBRTTDURATION=40  WEBRTTSEGS=3  WEBSRTT=1790  WEBSNDDUPACKS=2  SENDSEGS=0  RESENDSEGS=0  RECVSEGS=0  ERRSEGS=0  OUTRSTS=0  ESTABLISRST=0  RTTDURATION=0  RTTSEGS=0  SNDDUPACKS=0  suckTimes=0 recovage_times=0]
03-12 09:36:37.110  1939  2446 E HwCHRWifiRSSIGroupSummery: updateTcpSummery mRSSI:-43  HwCHRWifiRSSIGroup [rssi_index=4, rtt_tcp_packets=1731, rtt_tcp_duration=25162, rtt_lan_duration=264, rtt_lan_failures=0, rtt_lan_succ=18, rtt_lan_max=24, rtt_lan_min=2,same_area_frequency=0,adjacent_area_frequency=0]
03-12 09:36:37.126  1939  2446 E HwCHRWebMonitor: HwCHRWifiPacketCnt [mTXGood=31, mTXbad=0, mRXGood=36] rssi=-43
03-12 09:36:37.127  1939  2446 E HwCHRWebMonitor: running processName=com.vkontakte.android
03-12 09:36:37.127  1939  2446 E HwCHRWebMonitor: HwCHRWifiUIDWebSpeed [appName=org.lndroid.wallet UID=10126  WEBSENDSEGS=9  WEBRESENDSEGS=0  WEBRECVSEGS=9  WEBERRSEGS=0  WEBOUTRSTS=0  WEBESTABLISRST=0  WEBRTTDURATION=0  WEBRTTSEGS=0  WEBSNDDUPACKS=0  suckTimes=0 recovage_times=0]
03-12 09:36:37.128  1939  2446 E HwCHRWebMonitor: HwCHRWifiUIDWebSpeed [appName=org.telegram.messenger UID=10100  WEBSENDSEGS=11  WEBRESENDSEGS=6  WEBRECVSEGS=0  WEBERRSEGS=0  WEBOUTRSTS=0  WEBESTABLISRST=0  WEBRTTDURATION=0  WEBRTTSEGS=0  WEBSNDDUPACKS=0  suckTimes=0 recovage_times=0]
03-12 09:36:37.128  1939  2446 E HwCHRWebMonitor: HwCHRWifiUIDWebSpeed [appName=com.vkontakte.android UID=10132  WEBSENDSEGS=7  WEBRESENDSEGS=0  WEBRECVSEGS=6  WEBERRSEGS=0  WEBOUTRSTS=0  WEBESTABLISRST=0  WEBRTTDURATION=40  WEBRTTSEGS=3  WEBSNDDUPACKS=0  suckTimes=0 recovage_times=0]
03-12 09:36:37.128  1939  2446 E HwCHRWebMonitor: item_uid= 10132 running_uid=10132 suckTime=0 mOnAppSuckTime=0 mFailReason=1
03-12 09:36:37.272  2483  2483 E wpa_supp: RSSI=-41;LINKSPEED=72;NOISE=9999;FREQUENCY=2417;
03-12 09:36:37.273  1939  2403 E WifiConfigManager: updateConfiguration freq=2417 BSSID=1c:44:19:4c:f1:60 RSSI=-41 "FiberHGW_TPF162_2.4GHz"WPA_PSK
03-12 09:36:39.005  1939  1939 I TrafficMonitor: update:rxPkts:1,txPkts:1,rxBytes:912,txBytes:52
03-12 09:36:39.005  1939  1939 I TrafficMonitor: start expired. level:-1
03-12 09:36:39.005  1939  1939 I TrafficMonitor: gettimer:interval=2000
03-12 09:36:39.050   764   764 E Thermal-daemon: [Thermal_Hw] temperature_valid, battery : temperature is invalid, invalid temperatrue is 32
