03-12 09:36:47.346 26512  6939 I Icing   : Indexing com.google.android.gm-internal.3p:EmailMessage from com.google.android.gm using seqno 0
03-12 09:36:47.349 26512  6939 I Icing   : Indexing com.google.android.gm-internal.3p:EmailMessage from com.google.android.gm using seqno 0
03-12 09:36:47.402 26512  6939 I Icing   : Indexing com.google.android.gm-internal.3p:EmailMessage from com.google.android.gm using seqno 0
03-12 09:36:47.407 26512  6939 I Icing   : Indexing com.google.android.gm-internal.3p:EmailMessage from com.google.android.gm using seqno 0
03-12 09:36:47.409 26512  6939 I Icing   : Indexing com.google.android.gm-internal.3p:EmailMessage from com.google.android.gm using seqno 0
03-12 09:36:47.412 26512  6939 I Icing   : Indexing com.google.android.gm-internal.3p:EmailMessage from com.google.android.gm using seqno 0
03-12 09:36:47.415 26512  6939 I Icing   : Indexing com.google.android.gm-internal.3p:EmailMessage from com.google.android.gm using seqno 0
03-12 09:36:47.418 26512  6939 I Icing   : Indexing com.google.android.gm-internal.3p:EmailMessage from com.google.android.gm using seqno 0
03-12 09:36:47.421 26512  6939 I Icing   : Indexing com.google.android.gm-internal.3p:EmailMessage from com.google.android.gm using seqno 0
03-12 09:36:47.423 26512  6939 I Icing   : Indexing com.google.android.gm-internal.3p:EmailMessage from com.google.android.gm using seqno 0
03-12 09:36:47.428 26512  6939 I Icing   : Indexing com.google.android.gm-internal.3p:EmailMessage from com.google.android.gm using seqno 0
03-12 09:36:47.431 26512  6939 I Icing   : Indexing com.google.android.gm-internal.3p:EmailMessage from com.google.android.gm using seqno 0
03-12 09:36:47.433 26512  6939 I Icing   : Indexing com.google.android.gm-internal.3p:EmailMessage from com.google.android.gm using seqno 0
03-12 09:36:47.436 26512  6939 I Icing   : Indexing com.google.android.gm-internal.3p:EmailMessage from com.google.android.gm using seqno 0
03-12 09:36:47.439 26512  6939 I Icing   : Indexing com.google.android.gm-internal.3p:EmailMessage from com.google.android.gm using seqno 0
03-12 09:36:47.444 26512  6939 I Icing   : Indexing com.google.android.gm-internal.3p:EmailMessage from com.google.android.gm using seqno 0
03-12 09:36:47.447 26512  6939 I Icing   : Indexing com.google.android.gm-internal.3p:EmailMessage from com.google.android.gm using seqno 0
03-12 09:36:47.450 26512  6939 I Icing   : Indexing com.google.android.gm-internal.3p:EmailMessage from com.google.android.gm using seqno 0
03-12 09:36:47.453 26512  6939 I Icing   : Indexing com.google.android.gm-internal.3p:EmailMessage from com.google.android.gm using seqno 0
03-12 09:36:47.485 26512  6939 I Icing   : Indexing com.google.android.gm-internal.3p:EmailMessage from com.google.android.gm using seqno 0
03-12 09:36:47.488 26512  6939 I Icing   : Indexing com.google.android.gm-internal.3p:EmailMessage from com.google.android.gm using seqno 0
03-12 09:36:47.491 26512  6939 I Icing   : Indexing com.google.android.gm-internal.3p:EmailMessage from com.google.android.gm using seqno 0
03-12 09:36:47.493 26512  6939 I Icing   : Indexing com.google.android.gm-internal.3p:EmailMessage from com.google.android.gm using seqno 0
03-12 09:36:47.496 26512  6939 I Icing   : Indexing com.google.android.gm-internal.3p:EmailMessage from com.google.android.gm using seqno 0
03-12 09:36:47.499 26512  6939 I Icing   : Indexing com.google.android.gm-internal.3p:EmailMessage from com.google.android.gm using seqno 0
03-12 09:36:47.501 26512  6939 I Icing   : Indexing com.google.android.gm-internal.3p:EmailMessage from com.google.android.gm using seqno 0
03-12 09:36:47.504 26512  6939 I Icing   : Indexing com.google.android.gm-internal.3p:EmailMessage from com.google.android.gm using seqno 0
03-12 09:36:47.505  1939  1939 I MQoS    : onSignal: mSubId=1,currDataSubID=1
03-12 09:36:47.505  1939  1939 I MQoS    : received cell-signal:5
03-12 09:36:47.505  1939 26548 I SendBroadcastPermission: action:android.intent.action.SIG_STR, mPermissionType:0
03-12 09:36:47.507 26512  6939 I Icing   : Indexing com.google.android.gm-internal.3p:EmailMessage from com.google.android.gm using seqno 0
03-12 09:36:47.508  2499  2553 I HwMobileSignalController: subId:1 phoneType:1 networktype:13 targetClass:3 masterLevel:5 slaveLevel:-1
03-12 09:36:47.510 26512  6939 I Icing   : Indexing com.google.android.gm-internal.3p:EmailMessage from com.google.android.gm using seqno 0
03-12 09:36:47.513 26512  6939 I Icing   : Indexing com.google.android.gm-internal.3p:EmailMessage from com.google.android.gm using seqno 0
03-12 09:36:47.516 26512  6939 I Icing   : Indexing com.google.android.gm-internal.3p:EmailMessage from com.google.android.gm using seqno 0
03-12 09:36:47.518 26512  6939 I Icing   : Indexing com.google.android.gm-internal.3p:EmailMessage from com.google.android.gm using seqno 0
03-12 09:36:47.521 26512  6939 I Icing   : Indexing com.google.android.gm-internal.3p:EmailMessage from com.google.android.gm using seqno 0
03-12 09:36:47.524 26512  6939 I Icing   : Indexing com.google.android.gm-internal.3p:EmailMessage from com.google.android.gm using seqno 0
03-12 09:36:47.567 26512  6939 I Icing   : Indexing com.google.android.gm-internal.3p:EmailMessage from com.google.android.gm using seqno 0
03-12 09:36:47.570 26512  6939 I Icing   : Indexing com.google.android.gm-internal.3p:EmailMessage from com.google.android.gm using seqno 0
03-12 09:36:47.572 26512  6939 I Icing   : Indexing com.google.android.gm-internal.3p:EmailMessage from com.google.android.gm using seqno 0
03-12 09:36:47.575 26512  6939 I Icing   : Indexing com.google.android.gm-internal.3p:EmailMessage from com.google.android.gm using seqno 0
03-12 09:36:47.579 26512  6939 I Icing   : Indexing com.google.android.gm-internal.3p:EmailMessage from com.google.android.gm using seqno 0
03-12 09:36:47.581 26512  6939 I Icing   : Indexing com.google.android.gm-internal.3p:EmailMessage from com.google.android.gm using seqno 0
03-12 09:36:47.584 26512  6939 I Icing   : Indexing com.google.android.gm-internal.3p:EmailMessage from com.google.android.gm using seqno 0
03-12 09:36:47.587 26512  6939 I Icing   : Indexing com.google.android.gm-internal.3p:EmailMessage from com.google.android.gm using seqno 0
03-12 09:36:47.590 26512  6939 I Icing   : Indexing com.google.android.gm-internal.3p:EmailMessage from com.google.android.gm using seqno 0
03-12 09:36:47.593 26512  6939 I Icing   : Indexing com.google.android.gm-internal.3p:EmailMessage from com.google.android.gm using seqno 0
03-12 09:36:47.595 26512  6939 I Icing   : Indexing com.google.android.gm-internal.3p:EmailMessage from com.google.android.gm using seqno 0
03-12 09:36:47.599 26512  6939 I Icing   : Indexing com.google.android.gm-internal.3p:EmailMessage from com.google.android.gm using seqno 0
03-12 09:36:47.602 26512  6939 I Icing   : Indexing com.google.android.gm-internal.3p:EmailMessage from com.google.android.gm using seqno 0
03-12 09:36:47.605 26512  6939 I Icing   : Indexing com.google.android.gm-internal.3p:EmailMessage from com.google.android.gm using seqno 0
03-12 09:36:47.608 26512  6939 I Icing   : Indexing com.google.android.gm-internal.3p:EmailMessage from com.google.android.gm using seqno 0
03-12 09:36:47.611 26512  6939 I Icing   : Indexing com.google.android.gm-internal.3p:EmailMessage from com.google.android.gm using seqno 0
03-12 09:36:47.615 26512  6939 I Icing   : Indexing com.google.android.gm-internal.3p:EmailMessage from com.google.android.gm using seqno 0
03-12 09:36:47.618 26512  6939 I Icing   : Indexing com.google.android.gm-internal.3p:EmailMessage from com.google.android.gm using seqno 0
03-12 09:36:47.622 26512  6939 I Icing   : Indexing com.google.android.gm-internal.3p:EmailMessage from com.google.android.gm using seqno 0
03-12 09:36:47.625 26512  6939 I Icing   : Indexing com.google.android.gm-internal.3p:EmailMessage from com.google.android.gm using seqno 0
03-12 09:36:47.628 26512  6939 I Icing   : Indexing com.google.android.gm-internal.3p:EmailMessage from com.google.android.gm using seqno 0
03-12 09:36:47.631 26512  6939 I Icing   : Indexing com.google.android.gm-internal.3p:EmailMessage from com.google.android.gm using seqno 0
03-12 09:36:47.634 26512  6939 I Icing   : Indexing com.google.android.gm-internal.3p:EmailMessage from com.google.android.gm using seqno 0
03-12 09:36:47.637 26512  6939 I Icing   : Indexing com.google.android.gm-internal.3p:EmailMessage from com.google.android.gm using seqno 0
03-12 09:36:47.641 26512  6939 I Icing   : Indexing com.google.android.gm-internal.3p:EmailMessage from com.google.android.gm using seqno 0
03-12 09:36:47.644 26512  6939 I Icing   : Indexing com.google.android.gm-internal.3p:EmailMessage from com.google.android.gm using seqno 0
03-12 09:36:47.647 26512  6939 I Icing   : Indexing com.google.android.gm-internal.3p:EmailMessage from com.google.android.gm using seqno 0
03-12 09:36:47.650 26512  6939 I Icing   : Indexing com.google.android.gm-internal.3p:EmailMessage from com.google.android.gm using seqno 0
03-12 09:36:47.653 26512  6939 I Icing   : Indexing com.google.android.gm-internal.3p:EmailMessage from com.google.android.gm using seqno 0
03-12 09:36:47.656 26512  6939 I Icing   : Indexing com.google.android.gm-internal.3p:EmailMessage from com.google.android.gm using seqno 0
03-12 09:36:47.659 26512  6939 I Icing   : Indexing com.google.android.gm-internal.3p:EmailMessage from com.google.android.gm using seqno 0
03-12 09:36:47.663 26512  6939 I Icing   : Indexing com.google.android.gm-internal.3p:EmailMessage from com.google.android.gm using seqno 0
03-12 09:36:47.712 26512  6939 I Icing   : Indexing com.google.android.gm-internal.3p:EmailMessage from com.google.android.gm using seqno 0
03-12 09:36:47.715 26512  6939 I Icing   : Indexing com.google.android.gm-internal.3p:EmailMessage from com.google.android.gm using seqno 0
03-12 09:36:47.719 26512  6939 I Icing   : Indexing com.google.android.gm-internal.3p:EmailMessage from com.google.android.gm using seqno 0
03-12 09:36:47.722 26512  6939 I Icing   : Indexing com.google.android.gm-internal.3p:EmailMessage from com.google.android.gm using seqno 0
03-12 09:36:47.725 26512  6939 I Icing   : Indexing com.google.android.gm-internal.3p:EmailMessage from com.google.android.gm using seqno 0
03-12 09:36:47.731 26512  6939 I Icing   : Indexing com.google.android.gm-internal.3p:EmailMessage from com.google.android.gm using seqno 0
03-12 09:36:47.734 26512  6939 I Icing   : Indexing com.google.android.gm-internal.3p:EmailMessage from com.google.android.gm using seqno 0
03-12 09:36:47.738 26512  6939 I Icing   : Indexing com.google.android.gm-internal.3p:EmailMessage from com.google.android.gm using seqno 0
03-12 09:36:47.741  1939  1950 I art     : Background partial concurrent mark sweep GC freed 18945(950KB) AllocSpace objects, 1(20KB) LOS objects, 11% free, 59MB/67MB, paused 3.121ms total 200.623ms
03-12 09:36:47.742 26512  6939 I Icing   : Indexing com.google.android.gm-internal.3p:EmailMessage from com.google.android.gm using seqno 0
03-12 09:36:47.745 26512  6939 I Icing   : Indexing com.google.android.gm-internal.3p:EmailMessage from com.google.android.gm using seqno 0
03-12 09:36:47.750 26512  6939 I Icing   : Indexing com.google.android.gm-internal.3p:EmailMessage from com.google.android.gm using seqno 0
03-12 09:36:47.753 26512  6939 I Icing   : Indexing com.google.android.gm-internal.3p:EmailMessage from com.google.android.gm using seqno 0
03-12 09:36:47.758 26512  6939 I Icing   : Indexing com.google.android.gm-internal.3p:EmailMessage from com.google.android.gm using seqno 0
03-12 09:36:47.762 26512  6939 I Icing   : Indexing com.google.android.gm-internal.3p:EmailMessage from com.google.android.gm using seqno 0
03-12 09:36:47.766 26512  6939 I Icing   : Indexing com.google.android.gm-internal.3p:EmailMessage from com.google.android.gm using seqno 0
03-12 09:36:47.768 26512  6939 I Icing   : Indexing com.google.android.gm-internal.3p:EmailMessage from com.google.android.gm using seqno 0
03-12 09:36:47.771 26512  6939 I Icing   : Indexing com.google.android.gm-internal.3p:EmailMessage from com.google.android.gm using seqno 0
03-12 09:36:47.774 26512  6939 I Icing   : Indexing com.google.android.gm-internal.3p:EmailMessage from com.google.android.gm using seqno 0
03-12 09:36:47.777 26512  6939 I Icing   : Indexing com.google.android.gm-internal.3p:EmailMessage from com.google.android.gm using seqno 0
03-12 09:36:47.780 26512  6939 I Icing   : Indexing com.google.android.gm-internal.3p:EmailMessage from com.google.android.gm using seqno 0
03-12 09:36:47.783 26512  6939 I Icing   : Indexing com.google.android.gm-internal.3p:EmailMessage from com.google.android.gm using seqno 0
03-12 09:36:47.785 26512  6939 I Icing   : Indexing com.google.android.gm-internal.3p:EmailMessage from com.google.android.gm using seqno 0
03-12 09:36:47.788 26512  6939 I Icing   : Indexing com.google.android.gm-internal.3p:EmailMessage from com.google.android.gm using seqno 0
03-12 09:36:47.791 26512  6939 I Icing   : Indexing com.google.android.gm-internal.3p:EmailMessage from com.google.android.gm using seqno 0
03-12 09:36:47.794 26512  6939 I Icing   : Indexing com.google.android.gm-internal.3p:EmailMessage from com.google.android.gm using seqno 0
03-12 09:36:47.797 26512  6939 I Icing   : Indexing com.google.android.gm-internal.3p:EmailMessage from com.google.android.gm using seqno 0
03-12 09:36:47.800 26512  6939 I Icing   : Indexing com.google.android.gm-internal.3p:EmailMessage from com.google.android.gm using seqno 0
03-12 09:36:47.803 26512  6939 I Icing   : Indexing com.google.android.gm-internal.3p:EmailMessage from com.google.android.gm using seqno 0
03-12 09:36:47.806 26512  6939 I Icing   : Indexing com.google.android.gm-internal.3p:EmailMessage from com.google.android.gm using seqno 0
03-12 09:36:47.809 26512  6939 I Icing   : Indexing com.google.android.gm-internal.3p:EmailMessage from com.google.android.gm using seqno 0
03-12 09:36:47.812 26512  6939 I Icing   : Indexing com.google.android.gm-internal.3p:EmailMessage from com.google.android.gm using seqno 0
03-12 09:36:47.815 26512  6939 I Icing   : Indexing com.google.android.gm-internal.3p:EmailMessage from com.google.android.gm using seqno 0
03-12 09:36:47.867 26512  6939 I Icing   : Indexing com.google.android.gm-internal.3p:EmailMessage from com.google.android.gm using seqno 0
03-12 09:36:47.870 26512  6939 I Icing   : Indexing com.google.android.gm-internal.3p:EmailMessage from com.google.android.gm using seqno 0
03-12 09:36:47.872 26512  6939 I Icing   : Indexing com.google.android.gm-internal.3p:EmailMessage from com.google.android.gm using seqno 0
03-12 09:36:47.875 26512  6939 I Icing   : Indexing com.google.android.gm-internal.3p:EmailMessage from com.google.android.gm using seqno 0
03-12 09:36:47.878 26512  6939 I Icing   : Indexing com.google.android.gm-internal.3p:EmailMessage from com.google.android.gm using seqno 0
03-12 09:36:47.880 26512  6939 I Icing   : Indexing com.google.android.gm-internal.3p:EmailMessage from com.google.android.gm using seqno 0
03-12 09:36:47.883 26512  6939 I Icing   : Indexing com.google.android.gm-internal.3p:EmailMessage from com.google.android.gm using seqno 0
03-12 09:36:47.886 26512  6939 I Icing   : Indexing com.google.android.gm-internal.3p:EmailMessage from com.google.android.gm using seqno 0
03-12 09:36:47.890 26512  6939 I Icing   : Indexing com.google.android.gm-internal.3p:EmailMessage from com.google.android.gm using seqno 0
03-12 09:36:47.890 17331 17331 E ACRA    : Skipping ANR Detector for process: com.instagram.android:mqtt
03-12 09:36:47.892 26512  6939 I Icing   : Indexing com.google.android.gm-internal.3p:EmailMessage from com.google.android.gm using seqno 0
03-12 09:36:47.895 26512  6939 I Icing   : Indexing com.google.android.gm-internal.3p:EmailMessage from com.google.android.gm using seqno 0
03-12 09:36:47.898 26512  6939 I Icing   : Indexing com.google.android.gm-internal.3p:EmailMessage from com.google.android.gm using seqno 0
03-12 09:36:47.901 26512  6939 I Icing   : Indexing com.google.android.gm-internal.3p:EmailMessage from com.google.android.gm using seqno 0
03-12 09:36:47.902 17331 17331 W SoLoader: context.getApplicationContext returned null, holding reference to original context.
03-12 09:36:47.904 26512  6939 I Icing   : Indexing com.google.android.gm-internal.3p:EmailMessage from com.google.android.gm using seqno 0
03-12 09:36:47.908 26512  6939 I Icing   : Indexing com.google.android.gm-internal.3p:EmailMessage from com.google.android.gm using seqno 0
03-12 09:36:47.910 26512  6939 I Icing   : Indexing com.google.android.gm-internal.3p:EmailMessage from com.google.android.gm using seqno 0
03-12 09:36:47.913 26512  6939 I Icing   : Indexing com.google.android.gm-internal.3p:EmailMessage from com.google.android.gm using seqno 0
03-12 09:36:47.916 26512  6939 I Icing   : Indexing com.google.android.gm-internal.3p:EmailMessage from com.google.android.gm using seqno 0
03-12 09:36:47.919 26512  6939 I Icing   : Indexing com.google.android.gm-internal.3p:EmailMessage from com.google.android.gm using seqno 0
03-12 09:36:47.922 26512  6939 I Icing   : Indexing com.google.android.gm-internal.3p:EmailMessage from com.google.android.gm using seqno 0
03-12 09:36:47.925 26512  6939 I Icing   : Indexing com.google.android.gm-internal.3p:EmailMessage from com.google.android.gm using seqno 0
03-12 09:36:47.928 26512  6939 I Icing   : Indexing com.google.android.gm-internal.3p:EmailMessage from com.google.android.gm using seqno 0
03-12 09:36:47.930 26512  6939 I Icing   : Indexing com.google.android.gm-internal.3p:EmailMessage from com.google.android.gm using seqno 0
03-12 09:36:47.933 26512  6939 I Icing   : Indexing com.google.android.gm-internal.3p:EmailMessage from com.google.android.gm using seqno 0
03-12 09:36:47.936 26512  6939 I Icing   : Indexing com.google.android.gm-internal.3p:EmailMessage from com.google.android.gm using seqno 0
03-12 09:36:47.939 26512  6939 I Icing   : Indexing com.google.android.gm-internal.3p:EmailMessage from com.google.android.gm using seqno 0
03-12 09:36:47.941 26512  6939 I Icing   : Indexing com.google.android.gm-internal.3p:EmailMessage from com.google.android.gm using seqno 0
03-12 09:36:47.944 26512  6939 I Icing   : Indexing com.google.android.gm-internal.3p:EmailMessage from com.google.android.gm using seqno 0
03-12 09:36:47.947 26512  6939 I Icing   : Indexing com.google.android.gm-internal.3p:EmailMessage from com.google.android.gm using seqno 0
03-12 09:36:47.950 26512  6939 I Icing   : Indexing com.google.android.gm-internal.3p:EmailMessage from com.google.android.gm using seqno 0
03-12 09:36:47.953 26512  6939 I Icing   : Indexing com.google.android.gm-internal.3p:EmailMessage from com.google.android.gm using seqno 0
03-12 09:36:47.956 26512  6939 I Icing   : Indexing com.google.android.gm-internal.3p:EmailMessage from com.google.android.gm using seqno 0
03-12 09:36:47.995 26512  6939 I Icing   : Indexing com.google.android.gm-internal.3p:EmailMessage from com.google.android.gm using seqno 0
03-12 09:36:47.998 26512  6939 I Icing   : Indexing com.google.android.gm-internal.3p:EmailMessage from com.google.android.gm using seqno 0
03-12 09:36:48.000 26512  6939 I Icing   : Indexing com.google.android.gm-internal.3p:EmailMessage from com.google.android.gm using seqno 0
03-12 09:36:48.003 26512  6939 I Icing   : Indexing com.google.android.gm-internal.3p:EmailMessage from com.google.android.gm using seqno 0
03-12 09:36:48.006 26512  6939 I Icing   : Indexing com.google.android.gm-internal.3p:EmailMessage from com.google.android.gm using seqno 0
03-12 09:36:48.007  1939  1939 I TrafficMonitor: expired arrive. level:-1
03-12 09:36:48.008  1939  1939 I TrafficMonitor: during_ms:2002,period_ms:2000
03-12 09:36:48.008  1939  1939 I TrafficMonitor: count:848,rx_sum:11,tx_sum:13,rxBytes:560,during_ms:2002,rx_speed:279.72027972027973,tx_speed:325.6743256743257,rto:0.8461538461538461
03-12 09:36:48.008 26512  6939 I Icing   : Indexing com.google.android.gm-internal.3p:EmailMessage from com.google.android.gm using seqno 0
03-12 09:36:48.011 26512  6939 I Icing   : Indexing com.google.android.gm-internal.3p:EmailMessage from com.google.android.gm using seqno 0
03-12 09:36:48.014 26512  6939 I Icing   : Indexing com.google.android.gm-internal.3p:EmailMessage from com.google.android.gm using seqno 0
03-12 09:36:48.017 26512  6939 I Icing   : Indexing com.google.android.gm-internal.3p:EmailMessage from com.google.android.gm using seqno 0
03-12 09:36:48.019 26512  6939 I Icing   : Indexing com.google.android.gm-internal.3p:EmailMessage from com.google.android.gm using seqno 0
03-12 09:36:48.022 26512  6939 I Icing   : Indexing com.google.android.gm-internal.3p:EmailMessage from com.google.android.gm using seqno 0
03-12 09:36:48.025 26512  6939 I Icing   : Indexing com.google.android.gm-internal.3p:EmailMessage from com.google.android.gm using seqno 0
03-12 09:36:48.028 26512  6939 I Icing   : Indexing com.google.android.gm-internal.3p:EmailMessage from com.google.android.gm using seqno 0
03-12 09:36:48.031 17331 17331 I art     : Thread[1,tid=17331,Native,Thread*=0x7fb26a2a00,peer=0x786aaa98,"main"] recursive attempt to load library "/data/app/com.instagram.android-1/lib/arm64/libfb.so"
03-12 09:36:48.032 26512  6939 I Icing   : Indexing com.google.android.gm-internal.3p:EmailMessage from com.google.android.gm using seqno 0
03-12 09:36:48.034 26512  6939 I Icing   : Indexing com.google.android.gm-internal.3p:EmailMessage from com.google.android.gm using seqno 0
03-12 09:36:48.037 26512  6939 I Icing   : Indexing com.google.android.gm-internal.3p:EmailMessage from com.google.android.gm using seqno 0
03-12 09:36:48.040 26512  6939 I Icing   : Indexing com.google.android.gm-internal.3p:EmailMessage from com.google.android.gm using seqno 0
03-12 09:36:48.041 17331 17331 W Verifier: Could not disable runtime verification
03-12 09:36:48.043 26512  6939 I Icing   : Indexing com.google.android.gm-internal.3p:EmailMessage from com.google.android.gm using seqno 0
03-12 09:36:48.046 26512  6939 I Icing   : Indexing com.google.android.gm-internal.3p:EmailMessage from com.google.android.gm using seqno 0
03-12 09:36:48.049 26512  6939 I Icing   : Indexing com.google.android.gm-internal.3p:EmailMessage from com.google.android.gm using seqno 0
03-12 09:36:48.051 26512  6939 I Icing   : Indexing com.google.android.gm-internal.3p:EmailMessage from com.google.android.gm using seqno 0
03-12 09:36:48.054 26512  6939 I Icing   : Indexing com.google.android.gm-internal.3p:EmailMessage from com.google.android.gm using seqno 0
03-12 09:36:48.057 26512  6939 I Icing   : Indexing com.google.android.gm-internal.3p:EmailMessage from com.google.android.gm using seqno 0
03-12 09:36:48.060 26512  6939 I Icing   : Indexing com.google.android.gm-internal.3p:EmailMessage from com.google.android.gm using seqno 0
03-12 09:36:48.063 26512  6939 I Icing   : Indexing com.google.android.gm-internal.3p:EmailMessage from com.google.android.gm using seqno 0
03-12 09:36:48.065 26512  6939 I Icing   : Indexing com.google.android.gm-internal.3p:EmailMessage from com.google.android.gm using seqno 0
03-12 09:36:48.068 26512  6939 I Icing   : Indexing com.google.android.gm-internal.3p:EmailMessage from com.google.android.gm using seqno 0
03-12 09:36:48.071 26512  6939 I Icing   : Indexing com.google.android.gm-internal.3p:EmailMessage from com.google.android.gm using seqno 0
03-12 09:36:48.074 26512  6939 I Icing   : Indexing com.google.android.gm-internal.3p:EmailMessage from com.google.android.gm using seqno 0
03-12 09:36:48.076 26512  6939 I Icing   : Indexing com.google.android.gm-internal.3p:EmailMessage from com.google.android.gm using seqno 0
03-12 09:36:48.079 26512  6939 I Icing   : Indexing com.google.android.gm-internal.3p:EmailMessage from com.google.android.gm using seqno 0
03-12 09:36:48.082 26512  6939 I Icing   : Indexing com.google.android.gm-internal.3p:EmailMessage from com.google.android.gm using seqno 0
03-12 09:36:48.104 26512  6939 I Icing   : Indexing com.google.android.gm-internal.3p:EmailMessage from com.google.android.gm using seqno 0
03-12 09:36:48.108 26512  6939 I Icing   : Indexing com.google.android.gm-internal.3p:EmailMessage from com.google.android.gm using seqno 0
03-12 09:36:48.111 26512  6939 I Icing   : Indexing com.google.android.gm-internal.3p:EmailMessage from com.google.android.gm using seqno 0
03-12 09:36:48.115 26512  6939 I Icing   : Indexing com.google.android.gm-internal.3p:EmailMessage from com.google.android.gm using seqno 0
03-12 09:36:48.120 26512  6939 I Icing   : Indexing com.google.android.gm-internal.3p:EmailMessage from com.google.android.gm using seqno 0
03-12 09:36:48.123 26512  6939 I Icing   : Indexing com.google.android.gm-internal.3p:EmailMessage from com.google.android.gm using seqno 0
03-12 09:36:48.127 26512  6939 I Icing   : Indexing com.google.android.gm-internal.3p:EmailMessage from com.google.android.gm using seqno 0
03-12 09:36:48.130 26512  6939 I Icing   : Indexing com.google.android.gm-internal.3p:EmailMessage from com.google.android.gm using seqno 0
03-12 09:36:48.134 26512  6939 I Icing   : Indexing com.google.android.gm-internal.3p:EmailMessage from com.google.android.gm using seqno 0
03-12 09:36:48.139 26512  6939 I Icing   : Indexing com.google.android.gm-internal.3p:EmailMessage from com.google.android.gm using seqno 0
03-12 09:36:48.144 26512  6939 I Icing   : Indexing com.google.android.gm-internal.3p:EmailMessage from com.google.android.gm using seqno 0
03-12 09:36:48.151 26512  6939 I Icing   : Indexing com.google.android.gm-internal.3p:EmailMessage from com.google.android.gm using seqno 0
03-12 09:36:48.154 26512  6939 I Icing   : Indexing com.google.android.gm-internal.3p:EmailMessage from com.google.android.gm using seqno 0
03-12 09:36:48.164 26512  6939 I Icing   : Indexing com.google.android.gm-internal.3p:EmailMessage from com.google.android.gm using seqno 0
03-12 09:36:48.168 26512  6939 I Icing   : Indexing com.google.android.gm-internal.3p:EmailMessage from com.google.android.gm using seqno 0
03-12 09:36:48.172 26512  6939 I Icing   : Indexing com.google.android.gm-internal.3p:EmailMessage from com.google.android.gm using seqno 0
03-12 09:36:48.177 26512  6939 I Icing   : Indexing com.google.android.gm-internal.3p:EmailMessage from com.google.android.gm using seqno 0
03-12 09:36:48.180 26512  6939 I Icing   : Indexing com.google.android.gm-internal.3p:EmailMessage from com.google.android.gm using seqno 0
03-12 09:36:48.185 26512  6939 I Icing   : Indexing com.google.android.gm-internal.3p:EmailMessage from com.google.android.gm using seqno 0
03-12 09:36:48.189 26512  6939 I Icing   : Indexing com.google.android.gm-internal.3p:EmailMessage from com.google.android.gm using seqno 0
03-12 09:36:48.192 26512  6939 I Icing   : Indexing com.google.android.gm-internal.3p:EmailMessage from com.google.android.gm using seqno 0
03-12 09:36:48.195 26512  6939 I Icing   : Indexing com.google.android.gm-internal.3p:EmailMessage from com.google.android.gm using seqno 0
03-12 09:36:48.198 26512  6939 I Icing   : Indexing com.google.android.gm-internal.3p:EmailMessage from com.google.android.gm using seqno 0
03-12 09:36:48.223 26512  6939 I Icing   : Indexing com.google.android.gm-internal.3p:EmailMessage from com.google.android.gm using seqno 0
03-12 09:36:48.227 26512  6939 I Icing   : Indexing com.google.android.gm-internal.3p:EmailMessage from com.google.android.gm using seqno 0
03-12 09:36:48.230 26512  6939 I Icing   : Indexing com.google.android.gm-internal.3p:EmailMessage from com.google.android.gm using seqno 0
03-12 09:36:48.233 26512  6939 I Icing   : Indexing com.google.android.gm-internal.3p:EmailMessage from com.google.android.gm using seqno 0
03-12 09:36:48.267 26512  6939 I Icing   : Indexing com.google.android.gm-internal.3p:EmailMessage from com.google.android.gm using seqno 0
03-12 09:36:48.271 26512  6939 I Icing   : Indexing com.google.android.gm-internal.3p:EmailMessage from com.google.android.gm using seqno 0
03-12 09:36:48.274 26512  6939 I Icing   : Indexing com.google.android.gm-internal.3p:EmailMessage from com.google.android.gm using seqno 0
03-12 09:36:48.277 26512  6939 I Icing   : Indexing com.google.android.gm-internal.3p:EmailMessage from com.google.android.gm using seqno 0
03-12 09:36:48.280 26512  6939 I Icing   : Indexing com.google.android.gm-internal.3p:EmailMessage from com.google.android.gm using seqno 0
03-12 09:36:48.282  1939  1950 I art     : Background partial concurrent mark sweep GC freed 10549(434KB) AllocSpace objects, 0(0B) LOS objects, 11% free, 59MB/67MB, paused 3.335ms total 184.805ms
03-12 09:36:48.372 26512  6939 I Icing   : Indexing com.google.android.gm-internal.3p:EmailMessage from com.google.android.gm using seqno 0
03-12 09:36:48.383 26512  6939 I Icing   : Indexing com.google.android.gm-internal.3p:EmailMessage from com.google.android.gm using seqno 0
03-12 09:36:48.389 26512  6939 I Icing   : Indexing com.google.android.gm-internal.3p:EmailMessage from com.google.android.gm using seqno 0
03-12 09:36:48.394 26512  6939 I Icing   : Indexing com.google.android.gm-internal.3p:EmailMessage from com.google.android.gm using seqno 0
03-12 09:36:48.399 26512  6939 I Icing   : Indexing com.google.android.gm-internal.3p:EmailMessage from com.google.android.gm using seqno 0
03-12 09:36:48.404 26512  6939 I Icing   : Indexing com.google.android.gm-internal.3p:EmailMessage from com.google.android.gm using seqno 0
03-12 09:36:48.410 26512  6939 I Icing   : Indexing com.google.android.gm-internal.3p:EmailMessage from com.google.android.gm using seqno 0
03-12 09:36:48.415 26512  6939 I Icing   : Indexing com.google.android.gm-internal.3p:EmailMessage from com.google.android.gm using seqno 0
03-12 09:36:48.420 26512  6939 I Icing   : Indexing com.google.android.gm-internal.3p:EmailMessage from com.google.android.gm using seqno 0
03-12 09:36:48.425 26512  6939 I Icing   : Indexing com.google.android.gm-internal.3p:EmailMessage from com.google.android.gm using seqno 0
03-12 09:36:48.429 26512  6939 I Icing   : Indexing com.google.android.gm-internal.3p:EmailMessage from com.google.android.gm using seqno 0
03-12 09:36:48.432 26512  6939 I Icing   : Indexing com.google.android.gm-internal.3p:EmailMessage from com.google.android.gm using seqno 0
03-12 09:36:48.436 26512  6939 I Icing   : Indexing com.google.android.gm-internal.3p:EmailMessage from com.google.android.gm using seqno 0
03-12 09:36:48.445 26512  6939 I Icing   : Indexing com.google.android.gm-internal.3p:EmailMessage from com.google.android.gm using seqno 0
03-12 09:36:48.449 26512  6939 I Icing   : Indexing com.google.android.gm-internal.3p:EmailMessage from com.google.android.gm using seqno 0
03-12 09:36:48.455 26512  6939 I Icing   : Indexing com.google.android.gm-internal.3p:EmailMessage from com.google.android.gm using seqno 0
03-12 09:36:48.460 26512  6939 I Icing   : Indexing com.google.android.gm-internal.3p:EmailMessage from com.google.android.gm using seqno 0
03-12 09:36:48.463 26512  6939 I Icing   : Indexing com.google.android.gm-internal.3p:EmailMessage from com.google.android.gm using seqno 0
03-12 09:36:48.467 26512  6939 I Icing   : Indexing com.google.android.gm-internal.3p:EmailMessage from com.google.android.gm using seqno 0
03-12 09:36:48.471 26512  6939 I Icing   : Indexing com.google.android.gm-internal.3p:EmailMessage from com.google.android.gm using seqno 0
03-12 09:36:48.475 26512  6939 I Icing   : Indexing com.google.android.gm-internal.3p:EmailMessage from com.google.android.gm using seqno 0
03-12 09:36:48.478 26512  6939 I Icing   : Indexing com.google.android.gm-internal.3p:EmailMessage from com.google.android.gm using seqno 0
03-12 09:36:48.483 26512  6939 I Icing   : Indexing com.google.android.gm-internal.3p:EmailMessage from com.google.android.gm using seqno 0
03-12 09:36:48.547  1939  1939 I MQoS    : onSignal: mSubId=0,currDataSubID=1
03-12 09:36:48.547  1939  1939 I MQoS    : received cell-signal:5
03-12 09:36:48.547  1939  3670 I SendBroadcastPermission: action:android.intent.action.SIG_STR, mPermissionType:0
03-12 09:36:48.550  2499  2553 I HwMobileSignalController: subId:0 phoneType:1 networktype:3 targetClass:2 masterLevel:5 slaveLevel:-1
03-12 09:36:49.012  1939  1939 I TrafficMonitor: update:rxPkts:12,txPkts:12,rxBytes:3776,txBytes:814
03-12 09:36:49.012  1939  1939 I TrafficMonitor: start expired. level:-1
03-12 09:36:49.012  1939  1939 I TrafficMonitor: gettimer:interval=2000
03-12 09:36:49.014 26512  6939 I Icing   : Indexing com.google.android.gm-internal.3p:EmailMessage from com.google.android.gm using seqno 0
03-12 09:36:49.059   764   764 E Thermal-daemon: [Thermal_Hw] temperature_valid, battery : temperature is invalid, invalid temperatrue is 32
03-12 09:36:49.059   764   764 E Thermal-daemon: [Thermal_Hw] temperature_filter: get invalid temperature, use old temp
03-12 09:36:49.211 16533 17762 I GoLog   : 2020-03-12 06:36:49.204 [INF] CRTR: Processed channels=0 updates=17 nodes=1 in last 59.961872061s
03-12 09:36:49.236 26512  6939 I Icing   : Indexing com.google.android.gm-internal.3p:EmailMessage from com.google.android.gm using seqno 0
03-12 09:36:49.239 26512  6939 I Icing   : Indexing com.google.android.gm-internal.3p:EmailMessage from com.google.android.gm using seqno 0
03-12 09:36:49.242 26512  6939 I Icing   : Indexing com.google.android.gm-internal.3p:EmailMessage from com.google.android.gm using seqno 0
03-12 09:36:49.245 26512  6939 I Icing   : Indexing com.google.android.gm-internal.3p:EmailMessage from com.google.android.gm using seqno 0
03-12 09:36:49.249 26512  6939 I Icing   : Indexing com.google.android.gm-internal.3p:EmailMessage from com.google.android.gm using seqno 0
03-12 09:36:49.255 26512  6939 I Icing   : Indexing com.google.android.gm-internal.3p:EmailMessage from com.google.android.gm using seqno 0
03-12 09:36:49.260 26512  6939 I Icing   : Indexing com.google.android.gm-internal.3p:EmailMessage from com.google.android.gm using seqno 0
03-12 09:36:49.263 26512  6939 I Icing   : Indexing com.google.android.gm-internal.3p:EmailMessage from com.google.android.gm using seqno 0
03-12 09:36:49.272 26512  6939 I Icing   : Indexing com.google.android.gm-internal.3p:EmailMessage from com.google.android.gm using seqno 0
03-12 09:36:49.275 26512  6939 I Icing   : Indexing com.google.android.gm-internal.3p:EmailMessage from com.google.android.gm using seqno 0
03-12 09:36:49.278 26512  6939 I Icing   : Indexing com.google.android.gm-internal.3p:EmailMessage from com.google.android.gm using seqno 0
03-12 09:36:49.282 26512  6939 I Icing   : Indexing com.google.android.gm-internal.3p:EmailMessage from com.google.android.gm using seqno 0
03-12 09:36:49.285 26512  6939 I Icing   : Indexing com.google.android.gm-internal.3p:EmailMessage from com.google.android.gm using seqno 0
03-12 09:36:49.288 26512  6939 I Icing   : Indexing com.google.android.gm-internal.3p:EmailMessage from com.google.android.gm using seqno 0
03-12 09:36:49.291 26512  6939 I Icing   : Indexing com.google.android.gm-internal.3p:EmailMessage from com.google.android.gm using seqno 0
03-12 09:36:49.293 26512  6939 I Icing   : Indexing com.google.android.gm-internal.3p:EmailMessage from com.google.android.gm using seqno 0
03-12 09:36:49.296 26512  6939 I Icing   : Indexing com.google.android.gm-internal.3p:EmailMessage from com.google.android.gm using seqno 0
03-12 09:36:49.298 26512  6939 I Icing   : Indexing com.google.android.gm-internal.3p:EmailMessage from com.google.android.gm using seqno 0
03-12 09:36:49.301 26512  6939 I Icing   : Indexing com.google.android.gm-internal.3p:EmailMessage from com.google.android.gm using seqno 0
03-12 09:36:49.303 26512  6939 I Icing   : Indexing com.google.android.gm-internal.3p:EmailMessage from com.google.android.gm using seqno 0
03-12 09:36:49.306 26512  6939 I Icing   : Indexing com.google.android.gm-internal.3p:EmailMessage from com.google.android.gm using seqno 0
03-12 09:36:49.311 26512  6939 I Icing   : Indexing com.google.android.gm-internal.3p:EmailMessage from com.google.android.gm using seqno 0
03-12 09:36:49.313 26512  6939 I Icing   : Indexing com.google.android.gm-internal.3p:EmailMessage from com.google.android.gm using seqno 0
03-12 09:36:49.316 26512  6939 I Icing   : Indexing com.google.android.gm-internal.3p:EmailMessage from com.google.android.gm using seqno 0
03-12 09:36:49.319 26512  6939 I Icing   : Indexing com.google.android.gm-internal.3p:EmailMessage from com.google.android.gm using seqno 0
03-12 09:36:49.321 26512  6939 I Icing   : Indexing com.google.android.gm-internal.3p:EmailMessage from com.google.android.gm using seqno 0
03-12 09:36:49.324 26512  6939 I Icing   : Indexing com.google.android.gm-internal.3p:EmailMessage from com.google.android.gm using seqno 0
03-12 09:36:49.326 26512  6939 I Icing   : Indexing com.google.android.gm-internal.3p:EmailMessage from com.google.android.gm using seqno 0
03-12 09:36:49.329 26512  6939 I Icing   : Indexing com.google.android.gm-internal.3p:EmailMessage from com.google.android.gm using seqno 0
03-12 09:36:49.332 26512  6939 I Icing   : Indexing com.google.android.gm-internal.3p:EmailMessage from com.google.android.gm using seqno 0
03-12 09:36:49.334 26512  6939 I Icing   : Indexing com.google.android.gm-internal.3p:EmailMessage from com.google.android.gm using seqno 0
03-12 09:36:49.336  2483  2483 E wpa_supp: RSSI=-40;LINKSPEED=72;NOISE=9999;FREQUENCY=2417;
03-12 09:36:49.336  1939  2403 E WifiConfigManager: updateConfiguration freq=2417 BSSID=1c:44:19:4c:f1:60 RSSI=-39 "FiberHGW_TPF162_2.4GHz"WPA_PSK
03-12 09:36:49.337 26512  6939 I Icing   : Indexing com.google.android.gm-internal.3p:EmailMessage from com.google.android.gm using seqno 0
03-12 09:36:49.340 26512  6939 I Icing   : Indexing com.google.android.gm-internal.3p:EmailMessage from com.google.android.gm using seqno 0
03-12 09:36:49.342 26512  6939 I Icing   : Indexing com.google.android.gm-internal.3p:EmailMessage from com.google.android.gm using seqno 0
03-12 09:36:49.345 26512  6939 I Icing   : Indexing com.google.android.gm-internal.3p:EmailMessage from com.google.android.gm using seqno 0
03-12 09:36:49.348 26512  6939 I Icing   : Indexing com.google.android.gm-internal.3p:EmailMessage from com.google.android.gm using seqno 0
03-12 09:36:49.350 26512  6939 I Icing   : Indexing com.google.android.gm-internal.3p:EmailMessage from com.google.android.gm using seqno 0
03-12 09:36:49.353 26512  6939 I Icing   : Indexing com.google.android.gm-internal.3p:EmailMessage from com.google.android.gm using seqno 0
03-12 09:36:49.356 26512  6939 I Icing   : Indexing com.google.android.gm-internal.3p:EmailMessage from com.google.android.gm using seqno 0
03-12 09:36:49.358 26512  6939 I Icing   : Indexing com.google.android.gm-internal.3p:EmailMessage from com.google.android.gm using seqno 0
03-12 09:36:49.383 26512  6939 I Icing   : Indexing com.google.android.gm-internal.3p:EmailMessage from com.google.android.gm using seqno 0
03-12 09:36:49.386 26512  6939 I Icing   : Indexing com.google.android.gm-internal.3p:EmailMessage from com.google.android.gm using seqno 0
03-12 09:36:49.388 26512  6939 I Icing   : Indexing com.google.android.gm-internal.3p:EmailMessage from com.google.android.gm using seqno 0
03-12 09:36:49.391 26512  6939 I Icing   : Indexing com.google.android.gm-internal.3p:EmailMessage from com.google.android.gm using seqno 0
03-12 09:36:49.394 26512  6939 I Icing   : Indexing com.google.android.gm-internal.3p:EmailMessage from com.google.android.gm using seqno 0
03-12 09:36:49.396 26512  6939 I Icing   : Indexing com.google.android.gm-internal.3p:EmailMessage from com.google.android.gm using seqno 0
03-12 09:36:49.399 26512  6939 I Icing   : Indexing com.google.android.gm-internal.3p:EmailMessage from com.google.android.gm using seqno 0
03-12 09:36:49.402 26512  6939 I Icing   : Indexing com.google.android.gm-internal.3p:EmailMessage from com.google.android.gm using seqno 0
03-12 09:36:49.404 26512  6939 I Icing   : Indexing com.google.android.gm-internal.3p:EmailMessage from com.google.android.gm using seqno 0
03-12 09:36:49.407 26512  6939 I Icing   : Indexing com.google.android.gm-internal.3p:EmailMessage from com.google.android.gm using seqno 0
03-12 09:36:49.411 26512  6939 I Icing   : Indexing com.google.android.gm-internal.3p:EmailMessage from com.google.android.gm using seqno 0
03-12 09:36:49.414 26512  6939 I Icing   : Indexing com.google.android.gm-internal.3p:EmailMessage from com.google.android.gm using seqno 0
03-12 09:36:49.417 26512  6939 I Icing   : Indexing com.google.android.gm-internal.3p:EmailMessage from com.google.android.gm using seqno 0
03-12 09:36:49.421 26512  6939 I Icing   : Indexing com.google.android.gm-internal.3p:EmailMessage from com.google.android.gm using seqno 0
03-12 09:36:49.424 26512  6939 I Icing   : Indexing com.google.android.gm-internal.3p:EmailMessage from com.google.android.gm using seqno 0
03-12 09:36:49.444 26512  6939 I Icing   : Indexing com.google.android.gm-internal.3p:EmailMessage from com.google.android.gm using seqno 0
03-12 09:36:49.447 26512  6939 I Icing   : Indexing com.google.android.gm-internal.3p:EmailMessage from com.google.android.gm using seqno 0
03-12 09:36:49.450 26512  6939 I Icing   : Indexing com.google.android.gm-internal.3p:EmailMessage from com.google.android.gm using seqno 0
03-12 09:36:49.453 26512  6939 I Icing   : Indexing com.google.android.gm-internal.3p:EmailMessage from com.google.android.gm using seqno 0
03-12 09:36:49.455 26512  6939 I Icing   : Indexing com.google.android.gm-internal.3p:EmailMessage from com.google.android.gm using seqno 0
03-12 09:36:49.458 26512  6939 I Icing   : Indexing com.google.android.gm-internal.3p:EmailMessage from com.google.android.gm using seqno 0
03-12 09:36:49.461 26512  6939 I Icing   : Indexing com.google.android.gm-internal.3p:EmailMessage from com.google.android.gm using seqno 0
03-12 09:36:49.463 26512  6939 I Icing   : Indexing com.google.android.gm-internal.3p:EmailMessage from com.google.android.gm using seqno 0
03-12 09:36:49.466 26512  6939 I Icing   : Indexing com.google.android.gm-internal.3p:EmailMessage from com.google.android.gm using seqno 0
03-12 09:36:49.468 26512  6939 I Icing   : Indexing com.google.android.gm-internal.3p:EmailMessage from com.google.android.gm using seqno 0
03-12 09:36:49.471 26512  6939 I Icing   : Indexing com.google.android.gm-internal.3p:EmailMessage from com.google.android.gm using seqno 0
03-12 09:36:49.473 26512  6939 I Icing   : Indexing com.google.android.gm-internal.3p:EmailMessage from com.google.android.gm using seqno 0
03-12 09:36:49.477 26512  6939 I Icing   : Indexing com.google.android.gm-internal.3p:EmailMessage from com.google.android.gm using seqno 0
03-12 09:36:49.480 26512  6939 I Icing   : Indexing com.google.android.gm-internal.3p:EmailMessage from com.google.android.gm using seqno 0
03-12 09:36:49.482 26512  6939 I Icing   : Indexing com.google.android.gm-internal.3p:EmailMessage from com.google.android.gm using seqno 0
03-12 09:36:49.485 26512  6939 I Icing   : Indexing com.google.android.gm-internal.3p:EmailMessage from com.google.android.gm using seqno 0
03-12 09:36:49.487 26512  6939 I Icing   : Indexing com.google.android.gm-internal.3p:EmailMessage from com.google.android.gm using seqno 0
03-12 09:36:49.497 26512  6939 I Icing   : Indexing com.google.android.gm-internal.3p:EmailMessage from com.google.android.gm using seqno 0
03-12 09:36:49.500 26512  6939 I Icing   : Indexing com.google.android.gm-internal.3p:EmailMessage from com.google.android.gm using seqno 0
03-12 09:36:49.502 26512  6939 I Icing   : Indexing com.google.android.gm-internal.3p:EmailMessage from com.google.android.gm using seqno 0
03-12 09:36:49.505 26512  6939 I Icing   : Indexing com.google.android.gm-internal.3p:EmailMessage from com.google.android.gm using seqno 0
03-12 09:36:49.507 26512  6939 I Icing   : Indexing com.google.android.gm-internal.3p:EmailMessage from com.google.android.gm using seqno 0
03-12 09:36:49.510 26512  6939 I Icing   : Indexing com.google.android.gm-internal.3p:EmailMessage from com.google.android.gm using seqno 0
03-12 09:36:49.512 26512  6939 I Icing   : Indexing com.google.android.gm-internal.3p:EmailMessage from com.google.android.gm using seqno 0
03-12 09:36:49.515 26512  6939 I Icing   : Indexing com.google.android.gm-internal.3p:EmailMessage from com.google.android.gm using seqno 0
03-12 09:36:49.518 26512  6939 I Icing   : Indexing com.google.android.gm-internal.3p:EmailMessage from com.google.android.gm using seqno 0
03-12 09:36:49.520 26512  6939 I Icing   : Indexing com.google.android.gm-internal.3p:EmailMessage from com.google.android.gm using seqno 0
03-12 09:36:49.523 26512  6939 I Icing   : Indexing com.google.android.gm-internal.3p:EmailMessage from com.google.android.gm using seqno 0
03-12 09:36:49.526 26512  6939 I Icing   : Indexing com.google.android.gm-internal.3p:EmailMessage from com.google.android.gm using seqno 0
03-12 09:36:49.528 26512  6939 I Icing   : Indexing com.google.android.gm-internal.3p:EmailMessage from com.google.android.gm using seqno 0
03-12 09:36:49.531 26512  6939 I Icing   : Indexing com.google.android.gm-internal.3p:EmailMessage from com.google.android.gm using seqno 0
03-12 09:36:49.533 26512  6939 I Icing   : Indexing com.google.android.gm-internal.3p:EmailMessage from com.google.android.gm using seqno 0
03-12 09:36:49.536 26512  6939 I Icing   : Indexing com.google.android.gm-internal.3p:EmailMessage from com.google.android.gm using seqno 0
03-12 09:36:49.539 26512  6939 I Icing   : Indexing com.google.android.gm-internal.3p:EmailMessage from com.google.android.gm using seqno 0
03-12 09:36:49.542 26512  6939 I Icing   : Indexing com.google.android.gm-internal.3p:EmailMessage from com.google.android.gm using seqno 0
03-12 09:36:49.544 26512  6939 I Icing   : Indexing com.google.android.gm-internal.3p:EmailMessage from com.google.android.gm using seqno 0
03-12 09:36:49.547 26512  6939 I Icing   : Indexing com.google.android.gm-internal.3p:EmailMessage from com.google.android.gm using seqno 0
03-12 09:36:49.550 26512  6939 I Icing   : Indexing com.google.android.gm-internal.3p:EmailMessage from com.google.android.gm using seqno 0
03-12 09:36:49.553 26512  6939 I Icing   : Indexing com.google.android.gm-internal.3p:EmailMessage from com.google.android.gm using seqno 0
03-12 09:36:49.556 26512  6939 I Icing   : Indexing com.google.android.gm-internal.3p:EmailMessage from com.google.android.gm using seqno 0
03-12 09:36:49.558 26512  6939 I Icing   : Indexing com.google.android.gm-internal.3p:EmailMessage from com.google.android.gm using seqno 0
03-12 09:36:49.561 26512  6939 I Icing   : Indexing com.google.android.gm-internal.3p:EmailMessage from com.google.android.gm using seqno 0
03-12 09:36:49.564 26512  6939 I Icing   : Indexing com.google.android.gm-internal.3p:EmailMessage from com.google.android.gm using seqno 0
03-12 09:36:49.567 26512  6939 I Icing   : Indexing com.google.android.gm-internal.3p:EmailMessage from com.google.android.gm using seqno 0
03-12 09:36:49.570 26512  6939 I Icing   : Indexing com.google.android.gm-internal.3p:EmailMessage from com.google.android.gm using seqno 0
03-12 09:36:49.573 26512  6939 I Icing   : Indexing com.google.android.gm-internal.3p:EmailMessage from com.google.android.gm using seqno 0
03-12 09:36:49.576 26512  6939 I Icing   : Indexing com.google.android.gm-internal.3p:EmailMessage from com.google.android.gm using seqno 0
03-12 09:36:49.579 26512  6939 I Icing   : Indexing com.google.android.gm-internal.3p:EmailMessage from com.google.android.gm using seqno 0
03-12 09:36:49.581 26512  6939 I Icing   : Indexing com.google.android.gm-internal.3p:EmailMessage from com.google.android.gm using seqno 0
03-12 09:36:49.593 26512  6939 I Icing   : Indexing com.google.android.gm-internal.3p:EmailMessage from com.google.android.gm using seqno 0
03-12 09:36:49.596 26512  6939 I Icing   : Indexing com.google.android.gm-internal.3p:EmailMessage from com.google.android.gm using seqno 0
03-12 09:36:49.599 26512  6939 I Icing   : Indexing com.google.android.gm-internal.3p:EmailMessage from com.google.android.gm using seqno 0
03-12 09:36:49.602 26512  6939 I Icing   : Indexing com.google.android.gm-internal.3p:EmailMessage from com.google.android.gm using seqno 0
03-12 09:36:49.605 26512  6939 I Icing   : Indexing com.google.android.gm-internal.3p:EmailMessage from com.google.android.gm using seqno 0
03-12 09:36:49.608 26512  6939 I Icing   : Indexing com.google.android.gm-internal.3p:EmailMessage from com.google.android.gm using seqno 0
03-12 09:36:49.612 26512  6939 I Icing   : Indexing com.google.android.gm-internal.3p:EmailMessage from com.google.android.gm using seqno 0
03-12 09:36:49.615 26512  6939 I Icing   : Indexing com.google.android.gm-internal.3p:EmailMessage from com.google.android.gm using seqno 0
03-12 09:36:49.618 26512  6939 I Icing   : Indexing com.google.android.gm-internal.3p:EmailMessage from com.google.android.gm using seqno 0
03-12 09:36:49.621 26512  6939 I Icing   : Indexing com.google.android.gm-internal.3p:EmailMessage from com.google.android.gm using seqno 0
03-12 09:36:49.624 26512  6939 I Icing   : Indexing com.google.android.gm-internal.3p:EmailMessage from com.google.android.gm using seqno 0
03-12 09:36:49.627 26512  6939 I Icing   : Indexing com.google.android.gm-internal.3p:EmailMessage from com.google.android.gm using seqno 0
03-12 09:36:49.630 26512  6939 I Icing   : Indexing com.google.android.gm-internal.3p:EmailMessage from com.google.android.gm using seqno 0
03-12 09:36:49.634 26512  6939 I Icing   : Indexing com.google.android.gm-internal.3p:EmailMessage from com.google.android.gm using seqno 0
