03-12 09:36:43.854 29293 29675 I LightningDaemon:   node1_policy {
03-12 09:36:43.854 29293 29675 I LightningDaemon:     time_lock_delta: 40
03-12 09:36:43.854 29293 29675 I LightningDaemon:     min_htlc: 1000
03-12 09:36:43.854 29293 29675 I LightningDaemon:     fee_base_msat: 1000
03-12 09:36:43.854 29293 29675 I LightningDaemon:     fee_rate_milli_msat: 1
03-12 09:36:43.854 29293 29675 I LightningDaemon:     max_htlc_msat: 99000000
03-12 09:36:43.854 29293 29675 I LightningDaemon:     last_update: 1583990686
03-12 09:36:43.854 29293 29675 I LightningDaemon:   }
03-12 09:36:43.854 29293 29675 I LightningDaemon:   node2_policy {
03-12 09:36:43.854 29293 29675 I LightningDaemon:     time_lock_delta: 40
03-12 09:36:43.854 29293 29675 I LightningDaemon:     min_htlc: 1000
03-12 09:36:43.854 29293 29675 I LightningDaemon:     fee_base_msat: 1000
03-12 09:36:43.854 29293 29675 I LightningDaemon:     fee_rate_milli_msat: 1
03-12 09:36:43.854 29293 29675 I LightningDaemon:     max_htlc_msat: 99000000
03-12 09:36:43.854 29293 29675 I LightningDaemon:     last_update: 1583994254
03-12 09:36:43.854 29293 29675 I LightningDaemon:   }
03-12 09:36:43.854 29293 29675 I LightningDaemon: }
03-12 09:36:43.854 29293 29324 I NodeInfoWorker: node info update org.lndroid.lnd.data.Data$NodeInfo@97174da
03-12 09:36:43.860 16533 16562 I PluginServer: onSignal p org.lndroid.plugins.PEER_STATE_WORKER topic org.lndroid.topics.PEER_STATE request null
03-12 09:36:43.860 16533 16562 I PluginServer: notify p org.lndroid.plugins.GET_PEER topic org.lndroid.topics.PEER_STATE
03-12 09:36:43.860 16533 16562 I PluginServer: notify contexts org.lndroid.plugins.GET_PEER user 1 ctxs 0
03-12 09:36:43.860 16533 16562 I PluginServer: notify contexts org.lndroid.plugins.GET_PEER user 0 ctxs 0
03-12 09:36:43.860 16533 16562 I PluginServer: notify p org.lndroid.plugins.LIST_PEERS topic org.lndroid.topics.PEER_STATE
03-12 09:36:43.860 16533 16562 I PluginServer: notify contexts org.lndroid.plugins.LIST_PEERS user 1 ctxs 0
03-12 09:36:43.860 16533 16562 I PluginServer: notify contexts org.lndroid.plugins.LIST_PEERS user 0 ctxs 0
03-12 09:36:43.866 29293 29324 I PluginServer: onSignal p org.lndroid.plugins.NODE_INFO_WORKER topic org.lndroid.topics.NODE_INFO_SELF request null
03-12 09:36:43.873 16533 16562 I PluginServer: onSignal p org.lndroid.plugins.PEER_STATE_WORKER topic org.lndroid.topics.PEER_STATE request null
03-12 09:36:43.873 16533 16562 I PluginServer: notify p org.lndroid.plugins.GET_PEER topic org.lndroid.topics.PEER_STATE
03-12 09:36:43.873 16533 16562 I PluginServer: notify contexts org.lndroid.plugins.GET_PEER user 1 ctxs 0
03-12 09:36:43.873 16533 16562 I PluginServer: notify contexts org.lndroid.plugins.GET_PEER user 0 ctxs 0
03-12 09:36:43.873 16533 16562 I PluginServer: notify p org.lndroid.plugins.LIST_PEERS topic org.lndroid.topics.PEER_STATE
03-12 09:36:43.873 16533 16562 I PluginServer: notify contexts org.lndroid.plugins.LIST_PEERS user 1 ctxs 0
03-12 09:36:43.873 16533 16562 I PluginServer: notify contexts org.lndroid.plugins.LIST_PEERS user 0 ctxs 0
03-12 09:36:43.874 16533 16562 I ChannelBalanceWorker: channel balance update org.lndroid.lnd.data.Data$ChannelBalanceResponse@29bf489
03-12 09:36:43.874 16533 16562 I ChannelBalanceWorker: channel balance update ChannelBalance{balance=40950, pendingOpenBalance=0}
03-12 09:36:43.876 16533 16562 I PluginServer: onSignal p org.lndroid.plugins.CHANNEL_BALANCE_WORKER topic org.lndroid.topics.CHANNEL_BALANCE request null
03-12 09:36:43.876 16533 16562 I PluginServer: notify p org.lndroid.plugins.GET_CHANNEL_BALANCE topic org.lndroid.topics.CHANNEL_BALANCE
03-12 09:36:43.876 16533 16562 I PluginServer: notify contexts org.lndroid.plugins.GET_CHANNEL_BALANCE user 1 ctxs 1
03-12 09:36:43.877 16533 16562 I PluginServer: onResponse plugin org.lndroid.plugins.GET_CHANNEL_BALANCE user 1 tx org.lndroid.plugins.GET_CHANNEL_BALANCE_1583991851985
03-12 09:36:43.877 16533 16533 I PluginClient: received tx org.lndroid.plugins.GET_CHANNEL_BALANCE_1583991851985 type rep plugin org.lndroid.plugins.GET_CHANNEL_BALANCE
03-12 09:36:43.877 16533 16562 I PluginServer: notify contexts org.lndroid.plugins.GET_CHANNEL_BALANCE user 0 ctxs 0
03-12 09:36:44.055   764   764 E Thermal-daemon: [Thermal_Hw] temperature_valid, battery : temperature is invalid, invalid temperatrue is 32
03-12 09:36:44.055   764   764 E Thermal-daemon: [Thermal_Hw] temperature_filter: get invalid temperature, use old temp
03-12 09:36:44.178  1939  1950 I art     : Background partial concurrent mark sweep GC freed 80588(3MB) AllocSpace objects, 7(528KB) LOS objects, 11% free, 60MB/68MB, paused 3.115ms total 203.458ms
03-12 09:36:44.649  1939  1950 I art     : Background partial concurrent mark sweep GC freed 14260(620KB) AllocSpace objects, 1(252KB) LOS objects, 11% free, 59MB/67MB, paused 2.872ms total 183.179ms
03-12 09:36:44.750 29293 29324 I LightningDaemon: calling channelBalance thread 49317 req 
03-12 09:36:44.776  1939  2383 W AlarmManager: mIsScreenOn is: true, WAKEUP alarm trigger action = com.google.android.gms.gcm.ACTION_CHECK_QUEUE package name is: com.google.android.gms
03-12 09:36:44.779 29293 29675 I LightningDaemon: called channelBalance ok thread 49335
03-12 09:36:44.779 29293 29675 I LightningDaemon: resp channelBalance balance: 93059
03-12 09:36:44.781 29293 29324 I ChannelBalanceWorker: channel balance update org.lndroid.lnd.data.Data$ChannelBalanceResponse@9a427e8
03-12 09:36:44.781 29293 29324 I ChannelBalanceWorker: channel balance update ChannelBalance{balance=93059, pendingOpenBalance=0}
03-12 09:36:44.787 29293 29324 I PluginServer: onSignal p org.lndroid.plugins.CHANNEL_BALANCE_WORKER topic org.lndroid.topics.CHANNEL_BALANCE request null
03-12 09:36:44.787 29293 29324 I PluginServer: notify p org.lndroid.plugins.GET_CHANNEL_BALANCE topic org.lndroid.topics.CHANNEL_BALANCE
03-12 09:36:44.787 29293 29324 I PluginServer: notify contexts org.lndroid.plugins.GET_CHANNEL_BALANCE user 12 ctxs 0
03-12 09:36:44.787 29293 29324 I PluginServer: notify contexts org.lndroid.plugins.GET_CHANNEL_BALANCE user 0 ctxs 0
03-12 09:36:44.852 26512  6939 I Icing   : Indexing com.google.android.gm-internal.3p:EmailMessage from com.google.android.gm using seqno 0
03-12 09:36:44.893 26512  6939 I Icing   : Indexing com.google.android.gm-internal.3p:EmailMessage from com.google.android.gm using seqno 0
03-12 09:36:44.897 26512  6939 I Icing   : Indexing com.google.android.gm-internal.3p:EmailMessage from com.google.android.gm using seqno 0
03-12 09:36:44.901 26512  6939 I Icing   : Indexing com.google.android.gm-internal.3p:EmailMessage from com.google.android.gm using seqno 0
03-12 09:36:44.904 26512  6939 I Icing   : Indexing com.google.android.gm-internal.3p:EmailMessage from com.google.android.gm using seqno 0
03-12 09:36:44.908 26512  6939 I Icing   : Indexing com.google.android.gm-internal.3p:EmailMessage from com.google.android.gm using seqno 0
03-12 09:36:44.912 26512  6939 I Icing   : Indexing com.google.android.gm-internal.3p:EmailMessage from com.google.android.gm using seqno 0
03-12 09:36:44.915 26512  6939 I Icing   : Indexing com.google.android.gm-internal.3p:EmailMessage from com.google.android.gm using seqno 0
03-12 09:36:44.919 26512  6939 I Icing   : Indexing com.google.android.gm-internal.3p:EmailMessage from com.google.android.gm using seqno 0
03-12 09:36:44.923 26512  6939 I Icing   : Indexing com.google.android.gm-internal.3p:EmailMessage from com.google.android.gm using seqno 0
03-12 09:36:44.929 26512  6939 I Icing   : Indexing com.google.android.gm-internal.3p:EmailMessage from com.google.android.gm using seqno 0
03-12 09:36:44.949 26512  6939 I Icing   : Indexing com.google.android.gm-internal.3p:EmailMessage from com.google.android.gm using seqno 0
03-12 09:36:44.951 29293 29324 I LightningDaemon: calling getInfo thread 49317 req 
03-12 09:36:44.955 26512  6939 I Icing   : Indexing com.google.android.gm-internal.3p:EmailMessage from com.google.android.gm using seqno 0
03-12 09:36:44.960 26512  6939 I Icing   : Indexing com.google.android.gm-internal.3p:EmailMessage from com.google.android.gm using seqno 0
03-12 09:36:44.963 26512  6939 I Icing   : Indexing com.google.android.gm-internal.3p:EmailMessage from com.google.android.gm using seqno 0
03-12 09:36:44.966 26512  6939 I Icing   : Indexing com.google.android.gm-internal.3p:EmailMessage from com.google.android.gm using seqno 0
03-12 09:36:44.970 26512  6939 I Icing   : Indexing com.google.android.gm-internal.3p:EmailMessage from com.google.android.gm using seqno 0
03-12 09:36:44.971 29293 29671 I LightningDaemon: called getInfo ok thread 49328
03-12 09:36:44.974 26512  6939 I Icing   : Indexing com.google.android.gm-internal.3p:EmailMessage from com.google.android.gm using seqno 0
03-12 09:36:44.974 29293 29671 I LightningDaemon: resp getInfo identity_pubkey: "03b2710a07ba108d4e1a3c16ac2d1b499073bb4885654c219becf661ec887f0a5b"
03-12 09:36:44.974 29293 29671 I LightningDaemon: alias: "03b2710a07ba108d4e1a"
03-12 09:36:44.974 29293 29671 I LightningDaemon: num_active_channels: 3
03-12 09:36:44.974 29293 29671 I LightningDaemon: num_peers: 3
03-12 09:36:44.974 29293 29671 I LightningDaemon: block_height: 1669588
03-12 09:36:44.974 29293 29671 I LightningDaemon: block_hash: "00000000002ac54a65879bf0d7a396f6c72003238f3a7e46df99112cd848ed1d"
03-12 09:36:44.974 29293 29671 I LightningDaemon: synced_to_chain: true
03-12 09:36:44.974 29293 29671 I LightningDaemon: testnet: true
03-12 09:36:44.974 29293 29671 I LightningDaemon: best_header_timestamp: 1583993883
03-12 09:36:44.974 29293 29671 I LightningDaemon: version: "0.9.0-beta commit="
03-12 09:36:44.974 29293 29671 I LightningDaemon: chains {
03-12 09:36:44.974 29293 29671 I LightningDaemon:   chain: "bitcoin"
03-12 09:36:44.974 29293 29671 I LightningDaemon:   network: "testnet"
03-12 09:36:44.974 29293 29671 I LightningDaemon: }
03-12 09:36:44.974 29293 29671 I LightningDaemon: color: "#3399ff"
03-12 09:36:44.974 29293 29671 I LightningDaemon: synced_to_graph: true
03-12 09:36:44.974 29293 29671 I LightningDaemon: features {
03-12 09:36:44.974 29293 29671 I LightningDaemon:   key: 13
03-12 09:36:44.974 29293 29671 I LightningDaemon:   value {
03-12 09:36:44.974 29293 29671 I LightningDaemon:     name: "static-remote-key"
03-12 09:36:44.974 29293 29671 I LightningDaemon:     is_known: true
03-12 09:36:44.974 29293 29671 I LightningDaemon:   }
03-12 09:36:44.974 29293 29671 I LightningDaemon: }
03-12 09:36:44.974 29293 29671 I LightningDaemon: features {
03-12 09:36:44.974 29293 29671 I LightningDaemon:   key: 5
03-12 09:36:44.974 29293 29671 I LightningDaemon:   value {
03-12 09:36:44.974 29293 29671 I LightningDaemon:     name: "upfront-shutdown-script"
03-12 09:36:44.974 29293 29671 I LightningDaemon:     is_known: true
03-12 09:36:44.974 29293 29671 I LightningDaemon:   }
03-12 09:36:44.974 29293 29671 I LightningDaemon: }
03-12 09:36:44.974 29293 29671 I LightningDaemon: features {
03-12 09:36:44.974 29293 29671 I LightningDaemon:   key: 15
03-12 09:36:44.974 29293 29671 I LightningDaemon:   value {
03-12 09:36:44.974 29293 29671 I LightningDaemon:     name: "payment-addr"
03-12 09:36:44.974 29293 29671 I LightningDaemon:     is_known: true
03-12 09:36:44.974 29293 29671 I LightningDaemon:   }
03-12 09:36:44.974 29293 29671 I LightningDaemon: }
03-12 09:36:44.974 29293 29671 I LightningDaemon: features {
03-12 09:36:44.974 29293 29671 I LightningDaemon:   key: 17
03-12 09:36:44.974 29293 29671 I LightningDaemon:   value {
03-12 09:36:44.974 29293 29671 I LightningDaemon:     name: "multi-path-payments"
03-12 09:36:44.974 29293 29671 I LightningDaemon:     is_known: true
03-12 09:36:44.974 29293 29671 I LightningDaemon:   }
03-12 09:36:44.974 29293 29671 I LightningDaemon: }
03-12 09:36:44.974 29293 29671 I LightningDaemon: features {
03-12 09:36:44.974 29293 29671 I LightningDaemon:   key: 0
03-12 09:36:44.974 29293 29671 I LightningDaemon:   value {
03-12 09:36:44.974 29293 29671 I LightningDaemon:     name: "data-loss-protect"
03-12 09:36:44.974 29293 29671 I LightningDaemon:     is_required: true
03-12 09:36:44.974 29293 29671 I LightningDaemon:     is_known: true
03-12 09:36:44.974 29293 29671 I LightningDaemon:   }
03-12 09:36:44.974 29293 29671 I LightningDaemon: }
03-12 09:36:44.974 29293 29671 I LightningDaemon: features {
03-12 09:36:44.974 29293 29671 I LightningDaemon:   key: 7
03-12 09:36:44.974 29293 29671 I LightningDaemon:   value {
03-12 09:36:44.974 29293 29671 I LightningDaemon:     name: "gossip-queries"
03-12 09:36:44.974 29293 29671 I LightningDaemon:     is_known: true
03-12 09:36:44.974 29293 29671 I LightningDaemon:   }
03-12 09:36:44.974 29293 29671 I LightningDaemon: }
03-12 09:36:44.974 29293 29671 I LightningDaemon: features {
03-12 09:36:44.974 29293 29671 I LightningDaemon:   key: 9
03-12 09:36:44.974 29293 29671 I LightningDaemon:   value {
03-12 09:36:44.974 29293 29671 I LightningDaemon:     name: "tlv-onion"
03-12 09:36:44.974 29293 29671 I LightningDaemon:     is_known: true
03-12 09:36:44.974 29293 29671 I LightningDaemon:   }
03-12 09:36:44.974 29293 29671 I LightningDaemon: }
03-12 09:36:44.977 26512  6939 I Icing   : Indexing com.google.android.gm-internal.3p:EmailMessage from com.google.android.gm using seqno 0
03-12 09:36:44.978 29293 29324 I PluginServer: onSignal p org.lndroid.plugins.WALLET_INFO_WORKER topic org.lndroid.topics.WALLET_INFO request null
03-12 09:36:44.978 29293 29324 I PluginServer: notify p org.lndroid.plugins.GET_WALLET_INFO topic org.lndroid.topics.WALLET_INFO
03-12 09:36:44.978 29293 29324 I PluginServer: notify contexts org.lndroid.plugins.GET_WALLET_INFO user 12 ctxs 0
03-12 09:36:44.978 29293 29324 I PluginServer: notify contexts org.lndroid.plugins.GET_WALLET_INFO user 0 ctxs 1
03-12 09:36:44.980 29293 29324 I PluginServer: onResponse plugin org.lndroid.plugins.GET_WALLET_INFO user 0 tx org.lndroid.plugins.GET_WALLET_INFO_1583993844991
03-12 09:36:44.980 29293  5873 I PluginClient: received tx org.lndroid.plugins.GET_WALLET_INFO_1583993844991 type rep plugin org.lndroid.plugins.GET_WALLET_INFO
03-12 09:36:44.980 29293  5873 I SyncWorker: synched true
03-12 09:36:44.980 26512  6939 I Icing   : Indexing com.google.android.gm-internal.3p:EmailMessage from com.google.android.gm using seqno 0
03-12 09:36:44.983 26512  6939 I Icing   : Indexing com.google.android.gm-internal.3p:EmailMessage from com.google.android.gm using seqno 0
03-12 09:36:44.988 26512  6939 I Icing   : Indexing com.google.android.gm-internal.3p:EmailMessage from com.google.android.gm using seqno 0
03-12 09:36:44.991 26512  6939 I Icing   : Indexing com.google.android.gm-internal.3p:EmailMessage from com.google.android.gm using seqno 0
03-12 09:36:44.994 26512  6939 I Icing   : Indexing com.google.android.gm-internal.3p:EmailMessage from com.google.android.gm using seqno 0
03-12 09:36:44.999 26512  6939 I Icing   : Indexing com.google.android.gm-internal.3p:EmailMessage from com.google.android.gm using seqno 0
03-12 09:36:45.002 26512  6939 I Icing   : Indexing com.google.android.gm-internal.3p:EmailMessage from com.google.android.gm using seqno 0
03-12 09:36:45.004 26512  6939 I Icing   : Indexing com.google.android.gm-internal.3p:EmailMessage from com.google.android.gm using seqno 0
03-12 09:36:45.007 26512  6939 I Icing   : Indexing com.google.android.gm-internal.3p:EmailMessage from com.google.android.gm using seqno 0
03-12 09:36:45.008  1939  1939 I TrafficMonitor: update:rxPkts:7,txPkts:10,rxBytes:623,txBytes:830
03-12 09:36:45.008  1939  1939 I TrafficMonitor: start expired. level:-1
03-12 09:36:45.008  1939  1939 I TrafficMonitor: gettimer:interval=2000
03-12 09:36:45.010 26512  6939 I Icing   : Indexing com.google.android.gm-internal.3p:EmailMessage from com.google.android.gm using seqno 0
03-12 09:36:45.012 26512  6939 I Icing   : Indexing com.google.android.gm-internal.3p:EmailMessage from com.google.android.gm using seqno 0
03-12 09:36:45.016 26512  6939 I Icing   : Indexing com.google.android.gm-internal.3p:EmailMessage from com.google.android.gm using seqno 0
03-12 09:36:45.019 26512  6939 I Icing   : Indexing com.google.android.gm-internal.3p:EmailMessage from com.google.android.gm using seqno 0
03-12 09:36:45.071 26512  6939 I Icing   : Indexing com.google.android.gm-internal.3p:EmailMessage from com.google.android.gm using seqno 0
03-12 09:36:45.075 26512  6939 I Icing   : Indexing com.google.android.gm-internal.3p:EmailMessage from com.google.android.gm using seqno 0
03-12 09:36:45.079 26512  6939 I Icing   : Indexing com.google.android.gm-internal.3p:EmailMessage from com.google.android.gm using seqno 0
03-12 09:36:45.082 26512  6939 I Icing   : Indexing com.google.android.gm-internal.3p:EmailMessage from com.google.android.gm using seqno 0
03-12 09:36:45.085 26512  6939 I Icing   : Indexing com.google.android.gm-internal.3p:EmailMessage from com.google.android.gm using seqno 0
03-12 09:36:45.089 26512  6939 I Icing   : Indexing com.google.android.gm-internal.3p:EmailMessage from com.google.android.gm using seqno 0
03-12 09:36:45.093 26512  6939 I Icing   : Indexing com.google.android.gm-internal.3p:EmailMessage from com.google.android.gm using seqno 0
03-12 09:36:45.096 26512  6939 I Icing   : Indexing com.google.android.gm-internal.3p:EmailMessage from com.google.android.gm using seqno 0
03-12 09:36:45.099 26512  6939 I Icing   : Indexing com.google.android.gm-internal.3p:EmailMessage from com.google.android.gm using seqno 0
03-12 09:36:45.102 26512  6939 I Icing   : Indexing com.google.android.gm-internal.3p:EmailMessage from com.google.android.gm using seqno 0
03-12 09:36:45.105 26512  6939 I Icing   : Indexing com.google.android.gm-internal.3p:EmailMessage from com.google.android.gm using seqno 0
03-12 09:36:45.109 26512  6939 I Icing   : Indexing com.google.android.gm-internal.3p:EmailMessage from com.google.android.gm using seqno 0
03-12 09:36:45.146 26512  6939 I Icing   : Indexing com.google.android.gm-internal.3p:EmailMessage from com.google.android.gm using seqno 0
03-12 09:36:45.160 26512  6939 I Icing   : Indexing com.google.android.gm-internal.3p:EmailMessage from com.google.android.gm using seqno 0
03-12 09:36:45.164 26512  6939 I Icing   : Indexing com.google.android.gm-internal.3p:EmailMessage from com.google.android.gm using seqno 0
03-12 09:36:45.171 26512  6939 I Icing   : Indexing com.google.android.gm-internal.3p:EmailMessage from com.google.android.gm using seqno 0
03-12 09:36:45.185 26512  6939 I Icing   : Indexing com.google.android.gm-internal.3p:EmailMessage from com.google.android.gm using seqno 0
03-12 09:36:45.189 26512  6939 I Icing   : Indexing com.google.android.gm-internal.3p:EmailMessage from com.google.android.gm using seqno 0
03-12 09:36:45.192 26512  6939 I Icing   : Indexing com.google.android.gm-internal.3p:EmailMessage from com.google.android.gm using seqno 0
03-12 09:36:45.196 26512  6939 I Icing   : Indexing com.google.android.gm-internal.3p:EmailMessage from com.google.android.gm using seqno 0
03-12 09:36:45.200 26512  6939 I Icing   : Indexing com.google.android.gm-internal.3p:EmailMessage from com.google.android.gm using seqno 0
03-12 09:36:45.203 26512  6939 I Icing   : Indexing com.google.android.gm-internal.3p:EmailMessage from com.google.android.gm using seqno 0
03-12 09:36:45.207 26512  6939 I Icing   : Indexing com.google.android.gm-internal.3p:EmailMessage from com.google.android.gm using seqno 0
03-12 09:36:45.210 26512  6939 I Icing   : Indexing com.google.android.gm-internal.3p:EmailMessage from com.google.android.gm using seqno 0
03-12 09:36:45.212  1939  1950 I art     : Background partial concurrent mark sweep GC freed 13783(577KB) AllocSpace objects, 0(0B) LOS objects, 11% free, 59MB/67MB, paused 3.039ms total 198.259ms
03-12 09:36:45.213 26512  6939 I Icing   : Indexing com.google.android.gm-internal.3p:EmailMessage from com.google.android.gm using seqno 0
03-12 09:36:45.216 26512  6939 I Icing   : Indexing com.google.android.gm-internal.3p:EmailMessage from com.google.android.gm using seqno 0
03-12 09:36:45.219 26512  6939 I Icing   : Indexing com.google.android.gm-internal.3p:EmailMessage from com.google.android.gm using seqno 0
03-12 09:36:45.222 26512  6939 I Icing   : Indexing com.google.android.gm-internal.3p:EmailMessage from com.google.android.gm using seqno 0
03-12 09:36:45.225 26512  6939 I Icing   : Indexing com.google.android.gm-internal.3p:EmailMessage from com.google.android.gm using seqno 0
03-12 09:36:45.228 26512  6939 I Icing   : Indexing com.google.android.gm-internal.3p:EmailMessage from com.google.android.gm using seqno 0
03-12 09:36:45.231 26512  6939 I Icing   : Indexing com.google.android.gm-internal.3p:EmailMessage from com.google.android.gm using seqno 0
03-12 09:36:45.235 26512  6939 I Icing   : Indexing com.google.android.gm-internal.3p:EmailMessage from com.google.android.gm using seqno 0
03-12 09:36:45.248 26512  6939 I Icing   : Indexing com.google.android.gm-internal.3p:EmailMessage from com.google.android.gm using seqno 0
03-12 09:36:45.252 26512  6939 I Icing   : Indexing com.google.android.gm-internal.3p:EmailMessage from com.google.android.gm using seqno 0
03-12 09:36:45.255 26512  6939 I Icing   : Indexing com.google.android.gm-internal.3p:EmailMessage from com.google.android.gm using seqno 0
03-12 09:36:45.258 26512  6939 I Icing   : Indexing com.google.android.gm-internal.3p:EmailMessage from com.google.android.gm using seqno 0
03-12 09:36:45.260 26512  6939 I Icing   : Indexing com.google.android.gm-internal.3p:EmailMessage from com.google.android.gm using seqno 0
03-12 09:36:45.263 26512  6939 I Icing   : Indexing com.google.android.gm-internal.3p:EmailMessage from com.google.android.gm using seqno 0
03-12 09:36:45.267 26512  6939 I Icing   : Indexing com.google.android.gm-internal.3p:EmailMessage from com.google.android.gm using seqno 0
03-12 09:36:45.269 26512  6939 I Icing   : Indexing com.google.android.gm-internal.3p:EmailMessage from com.google.android.gm using seqno 0
03-12 09:36:45.272 26512  6939 I Icing   : Indexing com.google.android.gm-internal.3p:EmailMessage from com.google.android.gm using seqno 0
03-12 09:36:45.275 26512  6939 I Icing   : Indexing com.google.android.gm-internal.3p:EmailMessage from com.google.android.gm using seqno 0
03-12 09:36:45.278 26512  6939 I Icing   : Indexing com.google.android.gm-internal.3p:EmailMessage from com.google.android.gm using seqno 0
03-12 09:36:45.282 26512  6939 I Icing   : Indexing com.google.android.gm-internal.3p:EmailMessage from com.google.android.gm using seqno 0
03-12 09:36:45.285 26512  6939 I Icing   : Indexing com.google.android.gm-internal.3p:EmailMessage from com.google.android.gm using seqno 0
03-12 09:36:45.291 26512  6939 I Icing   : Indexing com.google.android.gm-internal.3p:EmailMessage from com.google.android.gm using seqno 0
03-12 09:36:45.294 26512  6939 I Icing   : Indexing com.google.android.gm-internal.3p:EmailMessage from com.google.android.gm using seqno 0
03-12 09:36:45.296 26512  6939 I Icing   : Indexing com.google.android.gm-internal.3p:EmailMessage from com.google.android.gm using seqno 0
03-12 09:36:45.299 26512  6939 I Icing   : Indexing com.google.android.gm-internal.3p:EmailMessage from com.google.android.gm using seqno 0
03-12 09:36:45.304 26512  6939 I Icing   : Indexing com.google.android.gm-internal.3p:EmailMessage from com.google.android.gm using seqno 0
03-12 09:36:45.307 26512  6939 I Icing   : Indexing com.google.android.gm-internal.3p:EmailMessage from com.google.android.gm using seqno 0
03-12 09:36:45.310 26512  6939 I Icing   : Indexing com.google.android.gm-internal.3p:EmailMessage from com.google.android.gm using seqno 0
03-12 09:36:45.313 26512  6939 I Icing   : Indexing com.google.android.gm-internal.3p:EmailMessage from com.google.android.gm using seqno 0
03-12 09:36:45.316 26512  6939 I Icing   : Indexing com.google.android.gm-internal.3p:EmailMessage from com.google.android.gm using seqno 0
03-12 09:36:45.319 26512  6939 I Icing   : Indexing com.google.android.gm-internal.3p:EmailMessage from com.google.android.gm using seqno 0
03-12 09:36:45.322 26512  6939 I Icing   : Indexing com.google.android.gm-internal.3p:EmailMessage from com.google.android.gm using seqno 0
03-12 09:36:45.325 26512  6939 I Icing   : Indexing com.google.android.gm-internal.3p:EmailMessage from com.google.android.gm using seqno 0
03-12 09:36:45.328 26512  6939 I Icing   : Indexing com.google.android.gm-internal.3p:EmailMessage from com.google.android.gm using seqno 0
03-12 09:36:45.331 26512  6939 I Icing   : Indexing com.google.android.gm-internal.3p:EmailMessage from com.google.android.gm using seqno 0
03-12 09:36:45.334 26512  6939 I Icing   : Indexing com.google.android.gm-internal.3p:EmailMessage from com.google.android.gm using seqno 0
03-12 09:36:45.339 26512  6939 I Icing   : Indexing com.google.android.gm-internal.3p:EmailMessage from com.google.android.gm using seqno 0
03-12 09:36:45.341 26512  6939 I Icing   : Indexing com.google.android.gm-internal.3p:EmailMessage from com.google.android.gm using seqno 0
03-12 09:36:45.345 26512  6939 I Icing   : Indexing com.google.android.gm-internal.3p:EmailMessage from com.google.android.gm using seqno 0
03-12 09:36:45.348 26512  6939 I Icing   : Indexing com.google.android.gm-internal.3p:EmailMessage from com.google.android.gm using seqno 0
03-12 09:36:45.358 26512  6939 I Icing   : Indexing com.google.android.gm-internal.3p:EmailMessage from com.google.android.gm using seqno 0
03-12 09:36:45.362 26512  6939 I Icing   : Indexing com.google.android.gm-internal.3p:EmailMessage from com.google.android.gm using seqno 0
03-12 09:36:45.365 26512  6939 I Icing   : Indexing com.google.android.gm-internal.3p:EmailMessage from com.google.android.gm using seqno 0
03-12 09:36:45.368 26512  6939 I Icing   : Indexing com.google.android.gm-internal.3p:EmailMessage from com.google.android.gm using seqno 0
03-12 09:36:45.371 26512  6939 I Icing   : Indexing com.google.android.gm-internal.3p:EmailMessage from com.google.android.gm using seqno 0
03-12 09:36:45.373 26512  6939 I Icing   : Indexing com.google.android.gm-internal.3p:EmailMessage from com.google.android.gm using seqno 0
03-12 09:36:45.377 26512  6939 I Icing   : Indexing com.google.android.gm-internal.3p:EmailMessage from com.google.android.gm using seqno 0
03-12 09:36:45.380 26512  6939 I Icing   : Indexing com.google.android.gm-internal.3p:EmailMessage from com.google.android.gm using seqno 0
03-12 09:36:45.382 26512  6939 I Icing   : Indexing com.google.android.gm-internal.3p:EmailMessage from com.google.android.gm using seqno 0
03-12 09:36:45.386 26512  6939 I Icing   : Indexing com.google.android.gm-internal.3p:EmailMessage from com.google.android.gm using seqno 0
03-12 09:36:45.389 26512  6939 I Icing   : Indexing com.google.android.gm-internal.3p:EmailMessage from com.google.android.gm using seqno 0
03-12 09:36:45.392 26512  6939 I Icing   : Indexing com.google.android.gm-internal.3p:EmailMessage from com.google.android.gm using seqno 0
03-12 09:36:45.395 26512  6939 I Icing   : Indexing com.google.android.gm-internal.3p:EmailMessage from com.google.android.gm using seqno 0
03-12 09:36:45.401 26512  6939 I Icing   : Indexing com.google.android.gm-internal.3p:EmailMessage from com.google.android.gm using seqno 0
03-12 09:36:45.404 26512  6939 I Icing   : Indexing com.google.android.gm-internal.3p:EmailMessage from com.google.android.gm using seqno 0
03-12 09:36:45.407 26512  6939 I Icing   : Indexing com.google.android.gm-internal.3p:EmailMessage from com.google.android.gm using seqno 0
03-12 09:36:45.409 26512  6939 I Icing   : Indexing com.google.android.gm-internal.3p:EmailMessage from com.google.android.gm using seqno 0
03-12 09:36:45.412 26512  6939 I Icing   : Indexing com.google.android.gm-internal.3p:EmailMessage from com.google.android.gm using seqno 0
03-12 09:36:45.414 26512  6939 I Icing   : Indexing com.google.android.gm-internal.3p:EmailMessage from com.google.android.gm using seqno 0
03-12 09:36:45.417 26512  6939 I Icing   : Indexing com.google.android.gm-internal.3p:EmailMessage from com.google.android.gm using seqno 0
03-12 09:36:45.419 26512  6939 I Icing   : Indexing com.google.android.gm-internal.3p:EmailMessage from com.google.android.gm using seqno 0
03-12 09:36:45.422 26512  6939 I Icing   : Indexing com.google.android.gm-internal.3p:EmailMessage from com.google.android.gm using seqno 0
03-12 09:36:45.424 26512  6939 I Icing   : Indexing com.google.android.gm-internal.3p:EmailMessage from com.google.android.gm using seqno 0
03-12 09:36:45.427 26512  6939 I Icing   : Indexing com.google.android.gm-internal.3p:EmailMessage from com.google.android.gm using seqno 0
03-12 09:36:45.429 26512  6939 I Icing   : Indexing com.google.android.gm-internal.3p:EmailMessage from com.google.android.gm using seqno 0
03-12 09:36:45.431 26512  6939 I Icing   : Indexing com.google.android.gm-internal.3p:EmailMessage from com.google.android.gm using seqno 0
03-12 09:36:45.433 26512  6939 I Icing   : Indexing com.google.android.gm-internal.3p:EmailMessage from com.google.android.gm using seqno 0
03-12 09:36:45.436 26512  6939 I Icing   : Indexing com.google.android.gm-internal.3p:EmailMessage from com.google.android.gm using seqno 0
03-12 09:36:45.438 26512  6939 I Icing   : Indexing com.google.android.gm-internal.3p:EmailMessage from com.google.android.gm using seqno 0
03-12 09:36:45.440 26512  6939 I Icing   : Indexing com.google.android.gm-internal.3p:EmailMessage from com.google.android.gm using seqno 0
03-12 09:36:45.442 26512  6939 I Icing   : Indexing com.google.android.gm-internal.3p:EmailMessage from com.google.android.gm using seqno 0
03-12 09:36:45.444 26512  6939 I Icing   : Indexing com.google.android.gm-internal.3p:EmailMessage from com.google.android.gm using seqno 0
03-12 09:36:45.454 26512  6939 I Icing   : Indexing com.google.android.gm-internal.3p:EmailMessage from com.google.android.gm using seqno 0
03-12 09:36:45.457 26512  6939 I Icing   : Indexing com.google.android.gm-internal.3p:EmailMessage from com.google.android.gm using seqno 0
03-12 09:36:45.460 26512  6939 I Icing   : Indexing com.google.android.gm-internal.3p:EmailMessage from com.google.android.gm using seqno 0
03-12 09:36:45.463 26512  6939 I Icing   : Indexing com.google.android.gm-internal.3p:EmailMessage from com.google.android.gm using seqno 0
03-12 09:36:45.466 26512  6939 I Icing   : Indexing com.google.android.gm-internal.3p:EmailMessage from com.google.android.gm using seqno 0
03-12 09:36:45.468 26512  6939 I Icing   : Indexing com.google.android.gm-internal.3p:EmailMessage from com.google.android.gm using seqno 0
03-12 09:36:45.471 26512  6939 I Icing   : Indexing com.google.android.gm-internal.3p:EmailMessage from com.google.android.gm using seqno 0
03-12 09:36:45.474 26512  6939 I Icing   : Indexing com.google.android.gm-internal.3p:EmailMessage from com.google.android.gm using seqno 0
03-12 09:36:45.477 26512  6939 I Icing   : Indexing com.google.android.gm-internal.3p:EmailMessage from com.google.android.gm using seqno 0
03-12 09:36:45.480 26512  6939 I Icing   : Indexing com.google.android.gm-internal.3p:EmailMessage from com.google.android.gm using seqno 0
03-12 09:36:45.482 26512  6939 I Icing   : Indexing com.google.android.gm-internal.3p:EmailMessage from com.google.android.gm using seqno 0
03-12 09:36:45.485 26512  6939 I Icing   : Indexing com.google.android.gm-internal.3p:EmailMessage from com.google.android.gm using seqno 0
03-12 09:36:45.488 26512  6939 I Icing   : Indexing com.google.android.gm-internal.3p:EmailMessage from com.google.android.gm using seqno 0
03-12 09:36:45.493 26512  6939 I Icing   : Indexing com.google.android.gm-internal.3p:EmailMessage from com.google.android.gm using seqno 0
03-12 09:36:45.497 26512  6939 I Icing   : Indexing com.google.android.gm-internal.3p:EmailMessage from com.google.android.gm using seqno 0
03-12 09:36:45.500 26512  6939 I Icing   : Indexing com.google.android.gm-internal.3p:EmailMessage from com.google.android.gm using seqno 0
03-12 09:36:45.502 26512  6939 I Icing   : Indexing com.google.android.gm-internal.3p:EmailMessage from com.google.android.gm using seqno 0
03-12 09:36:45.506 26512  6939 I Icing   : Indexing com.google.android.gm-internal.3p:EmailMessage from com.google.android.gm using seqno 0
03-12 09:36:45.510 26512  6939 I Icing   : Indexing com.google.android.gm-internal.3p:EmailMessage from com.google.android.gm using seqno 0
03-12 09:36:45.513 26512  6939 I Icing   : Indexing com.google.android.gm-internal.3p:EmailMessage from com.google.android.gm using seqno 0
03-12 09:36:45.516 26512  6939 I Icing   : Indexing com.google.android.gm-internal.3p:EmailMessage from com.google.android.gm using seqno 0
03-12 09:36:45.518 26512  6939 I Icing   : Indexing com.google.android.gm-internal.3p:EmailMessage from com.google.android.gm using seqno 0
03-12 09:36:45.521 26512  6939 I Icing   : Indexing com.google.android.gm-internal.3p:EmailMessage from com.google.android.gm using seqno 0
03-12 09:36:45.524 26512  6939 I Icing   : Indexing com.google.android.gm-internal.3p:EmailMessage from com.google.android.gm using seqno 0
03-12 09:36:45.527 26512  6939 I Icing   : Indexing com.google.android.gm-internal.3p:EmailMessage from com.google.android.gm using seqno 0
03-12 09:36:45.530 26512  6939 I Icing   : Indexing com.google.android.gm-internal.3p:EmailMessage from com.google.android.gm using seqno 0
03-12 09:36:45.533 26512  6939 I Icing   : Indexing com.google.android.gm-internal.3p:EmailMessage from com.google.android.gm using seqno 0
03-12 09:36:45.535 26512  6939 I Icing   : Indexing com.google.android.gm-internal.3p:EmailMessage from com.google.android.gm using seqno 0
03-12 09:36:45.538 26512  6939 I Icing   : Indexing com.google.android.gm-internal.3p:EmailMessage from com.google.android.gm using seqno 0
03-12 09:36:45.540 26512  6939 I Icing   : Indexing com.google.android.gm-internal.3p:EmailMessage from com.google.android.gm using seqno 0
03-12 09:36:45.544 26512  6939 I Icing   : Indexing com.google.android.gm-internal.3p:EmailMessage from com.google.android.gm using seqno 0
03-12 09:36:45.546 26512  6939 I Icing   : Indexing com.google.android.gm-internal.3p:EmailMessage from com.google.android.gm using seqno 0
03-12 09:36:45.582 26512  6939 I Icing   : Indexing com.google.android.gm-internal.3p:EmailMessage from com.google.android.gm using seqno 0
03-12 09:36:45.585 26512  6939 I Icing   : Indexing com.google.android.gm-internal.3p:EmailMessage from com.google.android.gm using seqno 0
03-12 09:36:45.588 26512  6939 I Icing   : Indexing com.google.android.gm-internal.3p:EmailMessage from com.google.android.gm using seqno 0
03-12 09:36:45.592 26512  6939 I Icing   : Indexing com.google.android.gm-internal.3p:EmailMessage from com.google.android.gm using seqno 0
03-12 09:36:45.595 26512  6939 I Icing   : Indexing com.google.android.gm-internal.3p:EmailMessage from com.google.android.gm using seqno 0
03-12 09:36:45.598 26512  6939 I Icing   : Indexing com.google.android.gm-internal.3p:EmailMessage from com.google.android.gm using seqno 0
03-12 09:36:45.602 26512  6939 I Icing   : Indexing com.google.android.gm-internal.3p:EmailMessage from com.google.android.gm using seqno 0
03-12 09:36:45.605 26512  6939 I Icing   : Indexing com.google.android.gm-internal.3p:EmailMessage from com.google.android.gm using seqno 0
03-12 09:36:45.609 26512  6939 I Icing   : Indexing com.google.android.gm-internal.3p:EmailMessage from com.google.android.gm using seqno 0
03-12 09:36:45.612 26512  6939 I Icing   : Indexing com.google.android.gm-internal.3p:EmailMessage from com.google.android.gm using seqno 0
03-12 09:36:45.616 26512  6939 I Icing   : Indexing com.google.android.gm-internal.3p:EmailMessage from com.google.android.gm using seqno 0
03-12 09:36:45.619 26512  6939 I Icing   : Indexing com.google.android.gm-internal.3p:EmailMessage from com.google.android.gm using seqno 0
03-12 09:36:45.623 26512  6939 I Icing   : Indexing com.google.android.gm-internal.3p:EmailMessage from com.google.android.gm using seqno 0
03-12 09:36:45.638 26512  6939 I Icing   : Indexing com.google.android.gm-internal.3p:EmailMessage from com.google.android.gm using seqno 0
03-12 09:36:45.641 26512  6939 I Icing   : Indexing com.google.android.gm-internal.3p:EmailMessage from com.google.android.gm using seqno 0
03-12 09:36:45.645 26512  6939 I Icing   : Indexing com.google.android.gm-internal.3p:EmailMessage from com.google.android.gm using seqno 0
03-12 09:36:45.648 26512  6939 I Icing   : Indexing com.google.android.gm-internal.3p:EmailMessage from com.google.android.gm using seqno 0
03-12 09:36:45.652 26512  6939 I Icing   : Indexing com.google.android.gm-internal.3p:EmailMessage from com.google.android.gm using seqno 0
03-12 09:36:45.655 26512  6939 I Icing   : Indexing com.google.android.gm-internal.3p:EmailMessage from com.google.android.gm using seqno 0
03-12 09:36:45.659 26512  6939 I Icing   : Indexing com.google.android.gm-internal.3p:EmailMessage from com.google.android.gm using seqno 0
03-12 09:36:45.662 26512  6939 I Icing   : Indexing com.google.android.gm-internal.3p:EmailMessage from com.google.android.gm using seqno 0
03-12 09:36:45.665 26512  6939 I Icing   : Indexing com.google.android.gm-internal.3p:EmailMessage from com.google.android.gm using seqno 0
03-12 09:36:45.669 26512  6939 I Icing   : Indexing com.google.android.gm-internal.3p:EmailMessage from com.google.android.gm using seqno 0
03-12 09:36:45.672 26512  6939 I Icing   : Indexing com.google.android.gm-internal.3p:EmailMessage from com.google.android.gm using seqno 0
03-12 09:36:45.676 26512  6939 I Icing   : Indexing com.google.android.gm-internal.3p:EmailMessage from com.google.android.gm using seqno 0
03-12 09:36:45.679 26512  6939 I Icing   : Indexing com.google.android.gm-internal.3p:EmailMessage from com.google.android.gm using seqno 0
03-12 09:36:45.682 26512  6939 I Icing   : Indexing com.google.android.gm-internal.3p:EmailMessage from com.google.android.gm using seqno 0
03-12 09:36:45.686 26512  6939 I Icing   : Indexing com.google.android.gm-internal.3p:EmailMessage from com.google.android.gm using seqno 0
03-12 09:36:45.690 26512  6939 I Icing   : Indexing com.google.android.gm-internal.3p:EmailMessage from com.google.android.gm using seqno 0
03-12 09:36:45.693 26512  6939 I Icing   : Indexing com.google.android.gm-internal.3p:EmailMessage from com.google.android.gm using seqno 0
03-12 09:36:45.696 26512  6939 I Icing   : Indexing com.google.android.gm-internal.3p:EmailMessage from com.google.android.gm using seqno 0
03-12 09:36:45.701 26512  6939 I Icing   : Indexing com.google.android.gm-internal.3p:EmailMessage from com.google.android.gm using seqno 0
03-12 09:36:45.710 26512  6939 I Icing   : Indexing com.google.android.gm-internal.3p:EmailMessage from com.google.android.gm using seqno 0
03-12 09:36:45.714 26512  6939 I Icing   : Indexing com.google.android.gm-internal.3p:EmailMessage from com.google.android.gm using seqno 0
03-12 09:36:45.717 26512  6939 I Icing   : Indexing com.google.android.gm-internal.3p:EmailMessage from com.google.android.gm using seqno 0
03-12 09:36:45.721 26512  6939 I Icing   : Indexing com.google.android.gm-internal.3p:EmailMessage from com.google.android.gm using seqno 0
03-12 09:36:45.724 26512  6939 I Icing   : Indexing com.google.android.gm-internal.3p:EmailMessage from com.google.android.gm using seqno 0
03-12 09:36:45.728 26512  6939 I Icing   : Indexing com.google.android.gm-internal.3p:EmailMessage from com.google.android.gm using seqno 0
03-12 09:36:45.731 26512  6939 I Icing   : Indexing com.google.android.gm-internal.3p:EmailMessage from com.google.android.gm using seqno 0
03-12 09:36:45.734 26512  6939 I Icing   : Indexing com.google.android.gm-internal.3p:EmailMessage from com.google.android.gm using seqno 0
03-12 09:36:45.737 26512  6939 I Icing   : Indexing com.google.android.gm-internal.3p:EmailMessage from com.google.android.gm using seqno 0
03-12 09:36:45.740 26512  6939 I Icing   : Indexing com.google.android.gm-internal.3p:EmailMessage from com.google.android.gm using seqno 0
03-12 09:36:45.743 26512  6939 I Icing   : Indexing com.google.android.gm-internal.3p:EmailMessage from com.google.android.gm using seqno 0
03-12 09:36:45.747 26512  6939 I Icing   : Indexing com.google.android.gm-internal.3p:EmailMessage from com.google.android.gm using seqno 0
03-12 09:36:45.751 26512  6939 I Icing   : Indexing com.google.android.gm-internal.3p:EmailMessage from com.google.android.gm using seqno 0
03-12 09:36:45.755 26512  6939 I Icing   : Indexing com.google.android.gm-internal.3p:EmailMessage from com.google.android.gm using seqno 0
03-12 09:36:45.759 26512  6939 I Icing   : Indexing com.google.android.gm-internal.3p:EmailMessage from com.google.android.gm using seqno 0
03-12 09:36:45.762 26512  6939 I Icing   : Indexing com.google.android.gm-internal.3p:EmailMessage from com.google.android.gm using seqno 0
03-12 09:36:45.765 26512  6939 I Icing   : Indexing com.google.android.gm-internal.3p:EmailMessage from com.google.android.gm using seqno 0
03-12 09:36:45.769 26512  6939 I Icing   : Indexing com.google.android.gm-internal.3p:EmailMessage from com.google.android.gm using seqno 0
03-12 09:36:45.772 26512  6939 I Icing   : Indexing com.google.android.gm-internal.3p:EmailMessage from com.google.android.gm using seqno 0
03-12 09:36:45.776 26512  6939 I Icing   : Indexing com.google.android.gm-internal.3p:EmailMessage from com.google.android.gm using seqno 0
03-12 09:36:45.779 26512  6939 I Icing   : Indexing com.google.android.gm-internal.3p:EmailMessage from com.google.android.gm using seqno 0
03-12 09:36:45.782 26512  6939 I Icing   : Indexing com.google.android.gm-internal.3p:EmailMessage from com.google.android.gm using seqno 0
03-12 09:36:45.785 26512  6939 I Icing   : Indexing com.google.android.gm-internal.3p:EmailMessage from com.google.android.gm using seqno 0
03-12 09:36:45.788 26512  6939 I Icing   : Indexing com.google.android.gm-internal.3p:EmailMessage from com.google.android.gm using seqno 0
03-12 09:36:45.791 26512  6939 I Icing   : Indexing com.google.android.gm-internal.3p:EmailMessage from com.google.android.gm using seqno 0
03-12 09:36:45.794 26512  6939 I Icing   : Indexing com.google.android.gm-internal.3p:EmailMessage from com.google.android.gm using seqno 0
03-12 09:36:45.797 26512  6939 I Icing   : Indexing com.google.android.gm-internal.3p:EmailMessage from com.google.android.gm using seqno 0
03-12 09:36:45.800 26512  6939 I Icing   : Indexing com.google.android.gm-internal.3p:EmailMessage from com.google.android.gm using seqno 0
03-12 09:36:45.803 26512  6939 I Icing   : Indexing com.google.android.gm-internal.3p:EmailMessage from com.google.android.gm using seqno 0
03-12 09:36:45.806 26512  6939 I Icing   : Indexing com.google.android.gm-internal.3p:EmailMessage from com.google.android.gm using seqno 0
03-12 09:36:45.809 26512  6939 I Icing   : Indexing com.google.android.gm-internal.3p:EmailMessage from com.google.android.gm using seqno 0
03-12 09:36:45.812 26512  6939 I Icing   : Indexing com.google.android.gm-internal.3p:EmailMessage from com.google.android.gm using seqno 0
03-12 09:36:45.822  1939  1950 I art     : Background partial concurrent mark sweep GC freed 12658(522KB) AllocSpace objects, 0(0B) LOS objects, 11% free, 59MB/67MB, paused 3.465ms total 189.124ms
03-12 09:36:45.822 26512  6939 I Icing   : Indexing com.google.android.gm-internal.3p:EmailMessage from com.google.android.gm using seqno 0
03-12 09:36:45.826 26512  6939 I Icing   : Indexing com.google.android.gm-internal.3p:EmailMessage from com.google.android.gm using seqno 0
03-12 09:36:45.829 26512  6939 I Icing   : Indexing com.google.android.gm-internal.3p:EmailMessage from com.google.android.gm using seqno 0
03-12 09:36:45.831 26512  6939 I Icing   : Indexing com.google.android.gm-internal.3p:EmailMessage from com.google.android.gm using seqno 0
03-12 09:36:45.834 26512  6939 I Icing   : Indexing com.google.android.gm-internal.3p:EmailMessage from com.google.android.gm using seqno 0
03-12 09:36:45.837 26512  6939 I Icing   : Indexing com.google.android.gm-internal.3p:EmailMessage from com.google.android.gm using seqno 0
03-12 09:36:45.840 26512  6939 I Icing   : Indexing com.google.android.gm-internal.3p:EmailMessage from com.google.android.gm using seqno 0
03-12 09:36:45.843 26512  6939 I Icing   : Indexing com.google.android.gm-internal.3p:EmailMessage from com.google.android.gm using seqno 0
03-12 09:36:45.846 26512  6939 I Icing   : Indexing com.google.android.gm-internal.3p:EmailMessage from com.google.android.gm using seqno 0
03-12 09:36:45.849 26512  6939 I Icing   : Indexing com.google.android.gm-internal.3p:EmailMessage from com.google.android.gm using seqno 0
03-12 09:36:45.852 26512  6939 I Icing   : Indexing com.google.android.gm-internal.3p:EmailMessage from com.google.android.gm using seqno 0
03-12 09:36:45.855 26512  6939 I Icing   : Indexing com.google.android.gm-internal.3p:EmailMessage from com.google.android.gm using seqno 0
03-12 09:36:45.859 26512  6939 I Icing   : Indexing com.google.android.gm-internal.3p:EmailMessage from com.google.android.gm using seqno 0
03-12 09:36:45.862 26512  6939 I Icing   : Indexing com.google.android.gm-internal.3p:EmailMessage from com.google.android.gm using seqno 0
03-12 09:36:45.866 26512  6939 I Icing   : Indexing com.google.android.gm-internal.3p:EmailMessage from com.google.android.gm using seqno 0
03-12 09:36:45.869 26512  6939 I Icing   : Indexing com.google.android.gm-internal.3p:EmailMessage from com.google.android.gm using seqno 0
03-12 09:36:45.872 26512  6939 I Icing   : Indexing com.google.android.gm-internal.3p:EmailMessage from com.google.android.gm using seqno 0
03-12 09:36:45.875 26512  6939 I Icing   : Indexing com.google.android.gm-internal.3p:EmailMessage from com.google.android.gm using seqno 0
03-12 09:36:45.878 26512  6939 I Icing   : Indexing com.google.android.gm-internal.3p:EmailMessage from com.google.android.gm using seqno 0
03-12 09:36:45.881 26512  6939 I Icing   : Indexing com.google.android.gm-internal.3p:EmailMessage from com.google.android.gm using seqno 0
03-12 09:36:45.885 26512  6939 I Icing   : Indexing com.google.android.gm-internal.3p:EmailMessage from com.google.android.gm using seqno 0
03-12 09:36:45.887 26512  6939 I Icing   : Indexing com.google.android.gm-internal.3p:EmailMessage from com.google.android.gm using seqno 0
03-12 09:36:45.890 26512  6939 I Icing   : Indexing com.google.android.gm-internal.3p:EmailMessage from com.google.android.gm using seqno 0
03-12 09:36:45.893 26512  6939 I Icing   : Indexing com.google.android.gm-internal.3p:EmailMessage from com.google.android.gm using seqno 0
03-12 09:36:45.896 26512  6939 I Icing   : Indexing com.google.android.gm-internal.3p:EmailMessage from com.google.android.gm using seqno 0
03-12 09:36:45.911 26512  6939 I Icing   : Indexing com.google.android.gm-internal.3p:EmailMessage from com.google.android.gm using seqno 0
03-12 09:36:45.914 26512  6939 I Icing   : Indexing com.google.android.gm-internal.3p:EmailMessage from com.google.android.gm using seqno 0
03-12 09:36:45.917 26512  6939 I Icing   : Indexing com.google.android.gm-internal.3p:EmailMessage from com.google.android.gm using seqno 0
03-12 09:36:45.920 26512  6939 I Icing   : Indexing com.google.android.gm-internal.3p:EmailMessage from com.google.android.gm using seqno 0
03-12 09:36:45.920 26512 27067 I SendBroadcastPermission: action:com.google.android.gms.gcm.ACTION_SCHEDULE, mPermissionType:0
03-12 09:36:45.923 26512  6939 I Icing   : Indexing com.google.android.gm-internal.3p:EmailMessage from com.google.android.gm using seqno 0
03-12 09:36:45.926 26512  6939 I Icing   : Indexing com.google.android.gm-internal.3p:EmailMessage from com.google.android.gm using seqno 0
03-12 09:36:45.929 26512  6939 I Icing   : Indexing com.google.android.gm-internal.3p:EmailMessage from com.google.android.gm using seqno 0
03-12 09:36:45.995 26512  6939 I Icing   : Indexing com.google.android.gm-internal.3p:EmailMessage from com.google.android.gm using seqno 0
03-12 09:36:45.999 26512  6939 I Icing   : Indexing com.google.android.gm-internal.3p:EmailMessage from com.google.android.gm using seqno 0
03-12 09:36:46.002 26512  6939 I Icing   : Indexing com.google.android.gm-internal.3p:EmailMessage from com.google.android.gm using seqno 0
03-12 09:36:46.007 26512  6939 I Icing   : Indexing com.google.android.gm-internal.3p:EmailMessage from com.google.android.gm using seqno 0
03-12 09:36:46.010 26512  6939 I Icing   : Indexing com.google.android.gm-internal.3p:EmailMessage from com.google.android.gm using seqno 0
03-12 09:36:46.014 26512  6939 I Icing   : Indexing com.google.android.gm-internal.3p:EmailMessage from com.google.android.gm using seqno 0
03-12 09:36:46.017 26512  6939 I Icing   : Indexing com.google.android.gm-internal.3p:EmailMessage from com.google.android.gm using seqno 0
03-12 09:36:46.025 26512  6939 I Icing   : Indexing com.google.android.gm-internal.3p:EmailMessage from com.google.android.gm using seqno 0
03-12 09:36:46.029 26512  6939 I Icing   : Indexing com.google.android.gm-internal.3p:EmailMessage from com.google.android.gm using seqno 0
03-12 09:36:46.032 26512  6939 I Icing   : Indexing com.google.android.gm-internal.3p:EmailMessage from com.google.android.gm using seqno 0
03-12 09:36:46.036 26512  6939 I Icing   : Indexing com.google.android.gm-internal.3p:EmailMessage from com.google.android.gm using seqno 0
03-12 09:36:46.039 26512  6939 I Icing   : Indexing com.google.android.gm-internal.3p:EmailMessage from com.google.android.gm using seqno 0
03-12 09:36:46.042 26512  6939 I Icing   : Indexing com.google.android.gm-internal.3p:EmailMessage from com.google.android.gm using seqno 0
